
Optional file libmchp_peripheral.a not found

Optional file libmchp_peripheral_32MX250F128D.a not found
Archive member included because of file (symbol)

c:/program files (x86)/microchip/xc32/v1.40/bin/bin/../../lib/gcc/pic32mx/4.8.3/../../../../pic32mx/lib\libpic32.a(default-bootstrap-exception-handler.o)
                              c:/program files (x86)/microchip/xc32/v1.40/bin/bin/../../lib/gcc/pic32mx/4.8.3/../../../../pic32mx/lib/./proc/32MX250F128D/crt0_mips32r2.o (_bootstrap_exception_handler)
c:/program files (x86)/microchip/xc32/v1.40/bin/bin/../../lib/gcc/pic32mx/4.8.3/../../../../pic32mx/lib\libpic32.a(default-on-reset.o)
                              c:/program files (x86)/microchip/xc32/v1.40/bin/bin/../../lib/gcc/pic32mx/4.8.3/../../../../pic32mx/lib/./proc/32MX250F128D/crt0_mips32r2.o (_on_reset)
c:/program files (x86)/microchip/xc32/v1.40/bin/bin/../../lib/gcc/pic32mx/4.8.3/../../../../pic32mx/lib\libpic32.a(default-on-bootstrap.o)
                              c:/program files (x86)/microchip/xc32/v1.40/bin/bin/../../lib/gcc/pic32mx/4.8.3/../../../../pic32mx/lib/./proc/32MX250F128D/crt0_mips32r2.o (_on_bootstrap)
c:/program files (x86)/microchip/xc32/v1.40/bin/bin/../../lib/gcc/pic32mx/4.8.3/../../../../pic32mx/lib\libpic32.a(default-nmi-handler.o)
                              c:/program files (x86)/microchip/xc32/v1.40/bin/bin/../../lib/gcc/pic32mx/4.8.3/../../../../pic32mx/lib/./proc/32MX250F128D/crt0_mips32r2.o (_nmi_handler)
c:/program files (x86)/microchip/xc32/v1.40/bin/bin/../../lib/gcc/pic32mx/4.8.3/../../../../pic32mx/lib\libpic32.a(general-exception.o)
                              c:/program files (x86)/microchip/xc32/v1.40/bin/bin/../../lib/gcc/pic32mx/4.8.3/../../../../pic32mx/lib/./proc/32MX250F128D/crt0_mips32r2.o (_general_exception_context)
c:/program files (x86)/microchip/xc32/v1.40/bin/bin/../../lib/gcc/pic32mx/4.8.3/../../../../pic32mx/lib\libpic32.a(vector0.o)
                              c:/program files (x86)/microchip/xc32/v1.40/bin/bin/../../lib/gcc/pic32mx/4.8.3/../../../../pic32mx/lib/./proc/32MX250F128D\default_isr_vectors.o (__vector_dispatch_0)
c:/program files (x86)/microchip/xc32/v1.40/bin/bin/../../lib/gcc/pic32mx/4.8.3/../../../../pic32mx/lib\libpic32.a(vector1.o)
                              c:/program files (x86)/microchip/xc32/v1.40/bin/bin/../../lib/gcc/pic32mx/4.8.3/../../../../pic32mx/lib/./proc/32MX250F128D\default_isr_vectors.o (__vector_dispatch_1)
c:/program files (x86)/microchip/xc32/v1.40/bin/bin/../../lib/gcc/pic32mx/4.8.3/../../../../pic32mx/lib\libpic32.a(vector2.o)
                              c:/program files (x86)/microchip/xc32/v1.40/bin/bin/../../lib/gcc/pic32mx/4.8.3/../../../../pic32mx/lib/./proc/32MX250F128D\default_isr_vectors.o (__vector_dispatch_2)
c:/program files (x86)/microchip/xc32/v1.40/bin/bin/../../lib/gcc/pic32mx/4.8.3/../../../../pic32mx/lib\libpic32.a(vector3.o)
                              c:/program files (x86)/microchip/xc32/v1.40/bin/bin/../../lib/gcc/pic32mx/4.8.3/../../../../pic32mx/lib/./proc/32MX250F128D\default_isr_vectors.o (__vector_dispatch_3)
c:/program files (x86)/microchip/xc32/v1.40/bin/bin/../../lib/gcc/pic32mx/4.8.3/../../../../pic32mx/lib\libpic32.a(vector4.o)
                              c:/program files (x86)/microchip/xc32/v1.40/bin/bin/../../lib/gcc/pic32mx/4.8.3/../../../../pic32mx/lib/./proc/32MX250F128D\default_isr_vectors.o (__vector_dispatch_4)
c:/program files (x86)/microchip/xc32/v1.40/bin/bin/../../lib/gcc/pic32mx/4.8.3/../../../../pic32mx/lib\libpic32.a(vector5.o)
                              c:/program files (x86)/microchip/xc32/v1.40/bin/bin/../../lib/gcc/pic32mx/4.8.3/../../../../pic32mx/lib/./proc/32MX250F128D\default_isr_vectors.o (__vector_dispatch_5)
c:/program files (x86)/microchip/xc32/v1.40/bin/bin/../../lib/gcc/pic32mx/4.8.3/../../../../pic32mx/lib\libpic32.a(vector6.o)
                              c:/program files (x86)/microchip/xc32/v1.40/bin/bin/../../lib/gcc/pic32mx/4.8.3/../../../../pic32mx/lib/./proc/32MX250F128D\default_isr_vectors.o (__vector_dispatch_6)
c:/program files (x86)/microchip/xc32/v1.40/bin/bin/../../lib/gcc/pic32mx/4.8.3/../../../../pic32mx/lib\libpic32.a(vector7.o)
                              c:/program files (x86)/microchip/xc32/v1.40/bin/bin/../../lib/gcc/pic32mx/4.8.3/../../../../pic32mx/lib/./proc/32MX250F128D\default_isr_vectors.o (__vector_dispatch_7)
c:/program files (x86)/microchip/xc32/v1.40/bin/bin/../../lib/gcc/pic32mx/4.8.3/../../../../pic32mx/lib\libpic32.a(vector8.o)
                              c:/program files (x86)/microchip/xc32/v1.40/bin/bin/../../lib/gcc/pic32mx/4.8.3/../../../../pic32mx/lib/./proc/32MX250F128D\default_isr_vectors.o (__vector_dispatch_8)
c:/program files (x86)/microchip/xc32/v1.40/bin/bin/../../lib/gcc/pic32mx/4.8.3/../../../../pic32mx/lib\libpic32.a(vector9.o)
[...]
Memory Configuration

Name             Origin             Length             Attributes
kseg0_program_mem 0x9d000000         0x0001f000         xr
exception_mem    0x9d01f000         0x00001000
debug_exec_mem   0x9fc00490         0x00000760
kseg0_boot_mem   0x9fc00490         0x00000000
kseg1_boot_mem   0xbfc00000         0x00000490
config3          0xbfc00bf0         0x00000004
config2          0xbfc00bf4         0x00000004
config1          0xbfc00bf8         0x00000004
config0          0xbfc00bfc         0x00000004
kseg1_data_mem   0xa0000000         0x00008000         w !x
sfrs             0xbf800000         0x00100000
configsfrs       0xbfc00bf0         0x00000010
*default*        0x00000000         0xffffffff

Linker script and memory map

LOAD c:/program files (x86)/microchip/xc32/v1.40/bin/bin/../../lib/gcc/pic32mx/4.8.3/../../../../pic32mx/lib/./proc/32MX250F128D/crt0_mips32r2.o
LOAD c:/program files (x86)/microchip/xc32/v1.40/bin/bin/../../lib/gcc/pic32mx/4.8.3/../../../../pic32mx/lib\debug-exception-return.o
LOAD build/default/production/_ext/327000265/drv_usart_mapping.o
LOAD build/default/production/_ext/327000265/drv_usart_static.o
LOAD build/default/production/_ext/327000265/drv_usart_static_byte_model.o
LOAD build/default/production/_ext/639803181/sys_clk_static.o
LOAD build/default/production/_ext/822048611/sys_ports_static.o
LOAD build/default/production/_ext/1688732426/system_init.o
LOAD build/default/production/_ext/1688732426/system_interrupt.o
LOAD build/default/production/_ext/1688732426/system_exceptions.o
LOAD build/default/production/_ext/1688732426/system_tasks.o
LOAD build/default/production/_ext/1360937237/app.o
LOAD build/default/production/_ext/1360937237/main.o
LOAD build/default/production/_ext/1441990472/drv_usbfs.o
LOAD build/default/production/_ext/1441990472/drv_usbfs_device.o
LOAD build/default/production/_ext/1039982050/sys_devcon.o
LOAD build/default/production/_ext/1039982050/sys_devcon_pic32mx.o
LOAD build/default/production/_ext/70818120/sys_int_pic32.o
LOAD build/default/production/_ext/2073459237/usb_device.o
LOAD build/default/production/_ext/2073459237/usb_device_cdc.o
LOAD build/default/production/_ext/2073459237/usb_device_cdc_acm.o
LOAD ..\..\..\..\..\..\..\..\Microchip\harmony\v1_08_01\bin\framework\peripheral\PIC32MX250F128D_peripherals.a
LOAD ..\..\..\..\..\..\..\..\Microchip\harmony\v1_08_01\framework\tcpip\src\crypto\aes_pic32mx.a
                0x00000001                __MPLAB_BUILD = 0x1
                0x00000000                _min_heap_size = 0x0
LOAD c:/program files (x86)/microchip/xc32/v1.40/bin/bin/../../lib/gcc/pic32mx/4.8.3/../../../../pic32mx/lib/./proc/32MX250F128D\default_isr_vectors.o
LOAD c:/program files (x86)/microchip/xc32/v1.40/bin/bin/../../lib/gcc/pic32mx/4.8.3/../../../../pic32mx/lib\pic32_software_reset.o
                0x00000400                PROVIDE (_min_stack_size, 0x400)
LOAD c:/program files (x86)/microchip/xc32/v1.40/bin/bin/../../lib/gcc/pic32mx/4.8.3/../../../../pic32mx/lib/./proc/32MX250F128D\processor.o
START GROUP
LOAD libmchp_peripheral.a
END GROUP
START GROUP
LOAD libmchp_peripheral_32MX250F128D.a
END GROUP
                0x00000001                PROVIDE (_vector_spacing, 0x1)
                0x9d01f000                _ebase_address = 0x9d01f000
                0xbfc00000                _RESET_ADDR = 0xbfc00000
                0xbfc00380                _BEV_EXCPT_ADDR = 0xbfc00380
                0xbfc00480                _DBG_EXCPT_ADDR = 0xbfc00480
                0x9fc00490                _DBG_CODE_ADDR = 0x9fc00490
                0x00000760                _DBG_CODE_SIZE = 0x760
                0x9d01f180                _GEN_EXCPT_ADDR = (_ebase_address + 0x180)

.config_BFC00BF0
                0xbfc00bf0        0x4
 *(.config_BFC00BF0)
 .config_BFC00BF0
                0xbfc00bf0        0x4 build/default/production/_ext/1688732426/system_init.o

.config_BFC00BF4
                0xbfc00bf4        0x4
 *(.config_BFC00BF4)
 .config_BFC00BF4
                0xbfc00bf4        0x4 build/default/production/_ext/1688732426/system_init.o

.config_BFC00BF8
                0xbfc00bf8        0x4
 *(.config_BFC00BF8)
 .config_BFC00BF8
                0xbfc00bf8        0x4 build/default/production/_ext/1688732426/system_init.o

.config_BFC00BFC
                0xbfc00bfc        0x4
 *(.config_BFC00BFC)
 .config_BFC00BFC
                0xbfc00bfc        0x4 build/default/production/_ext/1688732426/system_init.o
                0xbfc02000                PROVIDE (_DBG_CODE_ADDR, 0xbfc02000)
                0x00000ff0                PROVIDE (_DBG_CODE_SIZE, 0xff0)

.reset          0xbfc00000      0x1d0
 *(.reset)
 .reset         0xbfc00000        0x8 c:/program files (x86)/microchip/xc32/v1.40/bin/bin/../../lib/gcc/pic32mx/4.8.3/../../../../pic32mx/lib/./proc/32MX250F128D/crt0_mips32r2.o
                0xbfc00000                _reset
 *(.reset.startup)
 .reset.startup
                0xbfc00008      0x1c8 c:/program files (x86)/microchip/xc32/v1.40/bin/bin/../../lib/gcc/pic32mx/4.8.3/../../../../pic32mx/lib/./proc/32MX250F128D/crt0_mips32r2.o

.bev_excpt      0xbfc00380       0x10
 *(.bev_handler)
 .bev_handler   0xbfc00380       0x10 c:/program files (x86)/microchip/xc32/v1.40/bin/bin/../../lib/gcc/pic32mx/4.8.3/../../../../pic32mx/lib/./proc/32MX250F128D/crt0_mips32r2.o

.dbg_excpt      0xbfc00480        0x0
                0xbfc00480                . = (. + DEFINED (_DEBUGGER)?0x8:0x0)

.dbg_code       0x9fc00490        0x0
                0x9fc00490                . = (. + DEFINED (_DEBUGGER)?_DBG_CODE_SIZE:0x0)

.app_excpt      0x9d01f180       0x10
 *(.gen_handler)
 .gen_handler   0x9d01f180       0x10 c:/program files (x86)/microchip/xc32/v1.40/bin/bin/../../lib/gcc/pic32mx/4.8.3/../../../../pic32mx/lib/./proc/32MX250F128D/crt0_mips32r2.o

.vector_0       0x9d01f200        0x8
 *(.vector_0)
 .vector_0      0x9d01f200        0x8 c:/program files (x86)/microchip/xc32/v1.40/bin/bin/../../lib/gcc/pic32mx/4.8.3/../../../../pic32mx/lib\libpic32.a(vector0.o)
                0x9d01f200                __vector_dispatch_0
                0x00000001                ASSERT (((_vector_spacing == 0x0) || (SIZEOF (.vector_0) <= (_vector_spacing << 0x5))), function at exception vector 0 too large)

.vector_1       0x9d01f220        0x8
 *(.vector_1)
 .vector_1      0x9d01f220        0x8 c:/program files (x86)/microchip/xc32/v1.40/bin/bin/../../lib/gcc/pic32mx/4.8.3/../../../../pic32mx/lib\libpic32.a(vector1.o)
                0x9d01f220                __vector_dispatch_1
                0x00000001                ASSERT (((_vector_spacing == 0x0) || (SIZEOF (.vector_1) <= (_vector_spacing << 0x5))), function at exception vector 1 too large)

.vector_2       0x9d01f240        0x8
 *(.vector_2)
 .vector_2      0x9d01f240        0x8 c:/program files (x86)/microchip/xc32/v1.40/bin/bin/../../lib/gcc/pic32mx/4.8.3/../../../../pic32mx/lib\libpic32.a(vector2.o)
                0x9d01f240                __vector_dispatch_2
                0x00000001                ASSERT (((_vector_spacing == 0x0) || (SIZEOF (.vector_2) <= (_vector_spacing << 0x5))), function at exception vector 2 too large)

.vector_3       0x9d01f260        0x8
 *(.vector_3)
 .vector_3      0x9d01f260        0x8 c:/program files (x86)/microchip/xc32/v1.40/bin/bin/../../lib/gcc/pic32mx/4.8.3/../../../../pic32mx/lib\libpic32.a(vector3.o)
                0x9d01f260                __vector_dispatch_3
                0x00000001                ASSERT (((_vector_spacing == 0x0) || (SIZEOF (.vector_3) <= (_vector_spacing << 0x5))), function at exception vector 3 too large)

.vector_4       0x9d01f280        0x8
 *(.vector_4)
 .vector_4      0x9d01f280        0x8 c:/program files (x86)/microchip/xc32/v1.40/bin/bin/../../lib/gcc/pic32mx/4.8.3/../../../../pic32mx/lib\libpic32.a(vector4.o)
                0x9d01f280                __vector_dispatch_4
                0x00000001                ASSERT (((_vector_spacing == 0x0) || (SIZEOF (.vector_4) <= (_vector_spacing << 0x5))), function at exception vector 4 too large)

.vector_5       0x9d01f2a0        0x8
 *(.vector_5)
 .vector_5      0x9d01f2a0        0x8 c:/program files (x86)/microchip/xc32/v1.40/bin/bin/../../lib/gcc/pic32mx/4.8.3/../../../../pic32mx/lib\libpic32.a(vector5.o)
                0x9d01f2a0                __vector_dispatch_5
                0x00000001                ASSERT (((_vector_spacing == 0x0) || (SIZEOF (.vector_5) <= (_vector_spacing << 0x5))), function at exception vector 5 too large)

.vector_6       0x9d01f2c0        0x8
 *(.vector_6)
 .vector_6      0x9d01f2c0        0x8 c:/program files (x86)/microchip/xc32/v1.40/bin/bin/../../lib/gcc/pic32mx/4.8.3/../../../../pic32mx/lib\libpic32.a(vector6.o)
                0x9d01f2c0                __vector_dispatch_6
                0x00000001                ASSERT (((_vector_spacing == 0x0) || (SIZEOF (.vector_6) <= (_vector_spacing << 0x5))), function at exception vector 6 too large)

.vector_7       0x9d01f2e0        0x8
 *(.vector_7)
 .vector_7      0x9d01f2e0        0x8 c:/program files (x86)/microchip/xc32/v1.40/bin/bin/../../lib/gcc/pic32mx/4.8.3/../../../../pic32mx/lib\libpic32.a(vector7.o)
                0x9d01f2e0                __vector_dispatch_7
                0x00000001                ASSERT (((_vector_spacing == 0x0) || (SIZEOF (.vector_7) <= (_vector_spacing << 0x5))), function at exception vector 7 too large)

.vector_8       0x9d01f300        0x8
 *(.vector_8)
 .vector_8      0x9d01f300        0x8 c:/program files (x86)/microchip/xc32/v1.40/bin/bin/../../lib/gcc/pic32mx/4.8.3/../../../../pic32mx/lib\libpic32.a(vector8.o)
                0x9d01f300                __vector_dispatch_8
                0x00000001                ASSERT (((_vector_spacing == 0x0) || (SIZEOF (.vector_8) <= (_vector_spacing << 0x5))), function at exception vector 8 too large)

.vector_9       0x9d01f320        0x8
 *(.vector_9)
 .vector_9      0x9d01f320        0x8 c:/program files (x86)/microchip/xc32/v1.40/bin/bin/../../lib/gcc/pic32mx/4.8.3/../../../../pic32mx/lib\libpic32.a(vector9.o)
                0x9d01f320                __vector_dispatch_9
                0x00000001                ASSERT (((_vector_spacing == 0x0) || (SIZEOF (.vector_9) <= (_vector_spacing << 0x5))), function at exception vector 9 too large)

.vector_10      0x9d01f340        0x8
 *(.vector_10)
 .vector_10     0x9d01f340        0x8 c:/program files (x86)/microchip/xc32/v1.40/bin/bin/../../lib/gcc/pic32mx/4.8.3/../../../../pic32mx/lib\libpic32.a(vector10.o)
                0x9d01f340                __vector_dispatch_10
                0x00000001                ASSERT (((_vector_spacing == 0x0) || (SIZEOF (.vector_10) <= (_vector_spacing << 0x5))), function at exception vector 10 too large)

.vector_11      0x9d01f360        0x8
 *(.vector_11)
 .vector_11     0x9d01f360        0x8 c:/program files (x86)/microchip/xc32/v1.40/bin/bin/../../lib/gcc/pic32mx/4.8.3/../../../../pic32mx/lib\libpic32.a(vector11.o)
                0x9d01f360                __vector_dispatch_11
                0x00000001                ASSERT (((_vector_spacing == 0x0) || (SIZEOF (.vector_11) <= (_vector_spacing << 0x5))), function at exception vector 11 too large)

.vector_12      0x9d01f380        0x8
 *(.vector_12)
 .vector_12     0x9d01f380        0x8 c:/program files (x86)/microchip/xc32/v1.40/bin/bin/../../lib/gcc/pic32mx/4.8.3/../../../../pic32mx/lib\libpic32.a(vector12.o)
                0x9d01f380                __vector_dispatch_12
                0x00000001                ASSERT (((_vector_spacing == 0x0) || (SIZEOF (.vector_12) <= (_vector_spacing << 0x5))), function at exception vector 12 too large)

.vector_13      0x9d01f3a0        0x8
 *(.vector_13)
 .vector_13     0x9d01f3a0        0x8 c:/program files (x86)/microchip/xc32/v1.40/bin/bin/../../lib/gcc/pic32mx/4.8.3/../../../../pic32mx/lib\libpic32.a(vector13.o)
                0x9d01f3a0                __vector_dispatch_13
                0x00000001                ASSERT (((_vector_spacing == 0x0) || (SIZEOF (.vector_13) <= (_vector_spacing << 0x5))), function at exception vector 13 too large)

.vector_14      0x9d01f3c0        0x8
 *(.vector_14)
 .vector_14     0x9d01f3c0        0x8 c:/program files (x86)/microchip/xc32/v1.40/bin/bin/../../lib/gcc/pic32mx/4.8.3/../../../../pic32mx/lib\libpic32.a(vector14.o)
                0x9d01f3c0                __vector_dispatch_14
                0x00000001                ASSERT (((_vector_spacing == 0x0) || (SIZEOF (.vector_14) <= (_vector_spacing << 0x5))), function at exception vector 14 too large)

.vector_15      0x9d01f3e0        0x8
 *(.vector_15)
 .vector_15     0x9d01f3e0        0x8 c:/program files (x86)/microchip/xc32/v1.40/bin/bin/../../lib/gcc/pic32mx/4.8.3/../../../../pic32mx/lib\libpic32.a(vector15.o)
                0x9d01f3e0                __vector_dispatch_15
                0x00000001                ASSERT (((_vector_spacing == 0x0) || (SIZEOF (.vector_15) <= (_vector_spacing << 0x5))), function at exception vector 15 too large)

.vector_16      0x9d01f400        0x8
 *(.vector_16)
 .vector_16     0x9d01f400        0x8 c:/program files (x86)/microchip/xc32/v1.40/bin/bin/../../lib/gcc/pic32mx/4.8.3/../../../../pic32mx/lib\libpic32.a(vector16.o)
                0x9d01f400                __vector_dispatch_16
                0x00000001                ASSERT (((_vector_spacing == 0x0) || (SIZEOF (.vector_16) <= (_vector_spacing << 0x5))), function at exception vector 16 too large)

.vector_17      0x9d01f420        0x8
 *(.vector_17)
 .vector_17     0x9d01f420        0x8 c:/program files (x86)/microchip/xc32/v1.40/bin/bin/../../lib/gcc/pic32mx/4.8.3/../../../../pic32mx/lib\libpic32.a(vector17.o)
                0x9d01f420                __vector_dispatch_17
                0x00000001                ASSERT (((_vector_spacing == 0x0) || (SIZEOF (.vector_17) <= (_vector_spacing << 0x5))), function at exception vector 17 too large)

.vector_18      0x9d01f440        0x8
 *(.vector_18)
 .vector_18     0x9d01f440        0x8 c:/program files (x86)/microchip/xc32/v1.40/bin/bin/../../lib/gcc/pic32mx/4.8.3/../../../../pic32mx/lib\libpic32.a(vector18.o)
                0x9d01f440                __vector_dispatch_18
                0x00000001                ASSERT (((_vector_spacing == 0x0) || (SIZEOF (.vector_18) <= (_vector_spacing << 0x5))), function at exception vector 18 too large)

.vector_19      0x9d01f460        0x8
 *(.vector_19)
 .vector_19     0x9d01f460        0x8 c:/program files (x86)/microchip/xc32/v1.40/bin/bin/../../lib/gcc/pic32mx/4.8.3/../../../../pic32mx/lib\libpic32.a(vector19.o)
                0x9d01f460                __vector_dispatch_19
                0x00000001                ASSERT (((_vector_spacing == 0x0) || (SIZEOF (.vector_19) <= (_vector_spacing << 0x5))), function at exception vector 19 too large)

.vector_20      0x9d01f480        0x8
 *(.vector_20)
 .vector_20     0x9d01f480        0x8 c:/program files (x86)/microchip/xc32/v1.40/bin/bin/../../lib/gcc/pic32mx/4.8.3/../../../../pic32mx/lib\libpic32.a(vector20.o)
                0x9d01f480                __vector_dispatch_20
                0x00000001                ASSERT (((_vector_spacing == 0x0) || (SIZEOF (.vector_20) <= (_vector_spacing << 0x5))), function at exception vector 20 too large)

.vector_21      0x9d01f4a0        0x8
 *(.vector_21)
 .vector_21     0x9d01f4a0        0x8 c:/program files (x86)/microchip/xc32/v1.40/bin/bin/../../lib/gcc/pic32mx/4.8.3/../../../../pic32mx/lib\libpic32.a(vector21.o)
                0x9d01f4a0                __vector_dispatch_21
                0x00000001                ASSERT (((_vector_spacing == 0x0) || (SIZEOF (.vector_21) <= (_vector_spacing << 0x5))), function at exception vector 21 too large)

.vector_22      0x9d01f4c0        0x8
 *(.vector_22)
 .vector_22     0x9d01f4c0        0x8 c:/program files (x86)/microchip/xc32/v1.40/bin/bin/../../lib/gcc/pic32mx/4.8.3/../../../../pic32mx/lib\libpic32.a(vector22.o)
                0x9d01f4c0                __vector_dispatch_22
                0x00000001                ASSERT (((_vector_spacing == 0x0) || (SIZEOF (.vector_22) <= (_vector_spacing << 0x5))), function at exception vector 22 too large)

.vector_23      0x9d01f4e0        0x8
 *(.vector_23)
 .vector_23     0x9d01f4e0        0x8 c:/program files (x86)/microchip/xc32/v1.40/bin/bin/../../lib/gcc/pic32mx/4.8.3/../../../../pic32mx/lib\libpic32.a(vector23.o)
                0x9d01f4e0                __vector_dispatch_23
                0x00000001                ASSERT (((_vector_spacing == 0x0) || (SIZEOF (.vector_23) <= (_vector_spacing << 0x5))), function at exception vector 23 too large)

.vector_24      0x9d01f500        0x8
 *(.vector_24)
 .vector_24     0x9d01f500        0x8 c:/program files (x86)/microchip/xc32/v1.40/bin/bin/../../lib/gcc/pic32mx/4.8.3/../../../../pic32mx/lib\libpic32.a(vector24.o)
                0x9d01f500                __vector_dispatch_24
                0x00000001                ASSERT (((_vector_spacing == 0x0) || (SIZEOF (.vector_24) <= (_vector_spacing << 0x5))), function at exception vector 24 too large)

.vector_25      0x9d01f520        0x8
 *(.vector_25)
 .vector_25     0x9d01f520        0x8 c:/program files (x86)/microchip/xc32/v1.40/bin/bin/../../lib/gcc/pic32mx/4.8.3/../../../../pic32mx/lib\libpic32.a(vector25.o)
                0x9d01f520                __vector_dispatch_25
                0x00000001                ASSERT (((_vector_spacing == 0x0) || (SIZEOF (.vector_25) <= (_vector_spacing << 0x5))), function at exception vector 25 too large)

.vector_26      0x9d01f540        0x8
 *(.vector_26)
 .vector_26     0x9d01f540        0x8 c:/program files (x86)/microchip/xc32/v1.40/bin/bin/../../lib/gcc/pic32mx/4.8.3/../../../../pic32mx/lib\libpic32.a(vector26.o)
                0x9d01f540                __vector_dispatch_26
                0x00000001                ASSERT (((_vector_spacing == 0x0) || (SIZEOF (.vector_26) <= (_vector_spacing << 0x5))), function at exception vector 26 too large)

.vector_27      0x9d01f560        0x8
 *(.vector_27)
 .vector_27     0x9d01f560        0x8 c:/program files (x86)/microchip/xc32/v1.40/bin/bin/../../lib/gcc/pic32mx/4.8.3/../../../../pic32mx/lib\libpic32.a(vector27.o)
                0x9d01f560                __vector_dispatch_27
                0x00000001                ASSERT (((_vector_spacing == 0x0) || (SIZEOF (.vector_27) <= (_vector_spacing << 0x5))), function at exception vector 27 too large)

.vector_28      0x9d01f580        0x8
 *(.vector_28)
 .vector_28     0x9d01f580        0x8 c:/program files (x86)/microchip/xc32/v1.40/bin/bin/../../lib/gcc/pic32mx/4.8.3/../../../../pic32mx/lib\libpic32.a(vector28.o)
                0x9d01f580                __vector_dispatch_28
                0x00000001                ASSERT (((_vector_spacing == 0x0) || (SIZEOF (.vector_28) <= (_vector_spacing << 0x5))), function at exception vector 28 too large)

.vector_29      0x9d01f5a0        0x8
 *(.vector_29)
 .vector_29     0x9d01f5a0        0x8 c:/program files (x86)/microchip/xc32/v1.40/bin/bin/../../lib/gcc/pic32mx/4.8.3/../../../../pic32mx/lib\libpic32.a(vector29.o)
                0x9d01f5a0                __vector_dispatch_29
                0x00000001                ASSERT (((_vector_spacing == 0x0) || (SIZEOF (.vector_29) <= (_vector_spacing << 0x5))), function at exception vector 29 too large)

.vector_30      0x9d01f5c0        0x8
 *(.vector_30)
 .vector_30     0x9d01f5c0        0x8 build/default/production/_ext/1688732426/system_interrupt.o
                0x9d01f5c0                __vector_dispatch_30
                0x00000001                ASSERT (((_vector_spacing == 0x0) || (SIZEOF (.vector_30) <= (_vector_spacing << 0x5))), function at exception vector 30 too large)

.vector_31      0x9d01f5e0        0x8
 *(.vector_31)
 .vector_31     0x9d01f5e0        0x8 c:/program files (x86)/microchip/xc32/v1.40/bin/bin/../../lib/gcc/pic32mx/4.8.3/../../../../pic32mx/lib\libpic32.a(vector31.o)
                0x9d01f5e0                __vector_dispatch_31
                0x00000001                ASSERT (((_vector_spacing == 0x0) || (SIZEOF (.vector_31) <= (_vector_spacing << 0x5))), function at exception vector 31 too large)

.vector_32      0x9d01f600        0x8
 *(.vector_32)
 .vector_32     0x9d01f600        0x8 c:/program files (x86)/microchip/xc32/v1.40/bin/bin/../../lib/gcc/pic32mx/4.8.3/../../../../pic32mx/lib\libpic32.a(vector32.o)
                0x9d01f600                __vector_dispatch_32
                0x00000001                ASSERT (((_vector_spacing == 0x0) || (SIZEOF (.vector_32) <= (_vector_spacing << 0x5))), function at exception vector 32 too large)

.vector_33      0x9d01f620        0x8
 *(.vector_33)
 .vector_33     0x9d01f620        0x8 c:/program files (x86)/microchip/xc32/v1.40/bin/bin/../../lib/gcc/pic32mx/4.8.3/../../../../pic32mx/lib\libpic32.a(vector33.o)
                0x9d01f620                __vector_dispatch_33
                0x00000001                ASSERT (((_vector_spacing == 0x0) || (SIZEOF (.vector_33) <= (_vector_spacing << 0x5))), function at exception vector 33 too large)

.vector_34      0x9d01f640        0x8
 *(.vector_34)
 .vector_34     0x9d01f640        0x8 c:/program files (x86)/microchip/xc32/v1.40/bin/bin/../../lib/gcc/pic32mx/4.8.3/../../../../pic32mx/lib\libpic32.a(vector34.o)
                0x9d01f640                __vector_dispatch_34
                0x00000001                ASSERT (((_vector_spacing == 0x0) || (SIZEOF (.vector_34) <= (_vector_spacing << 0x5))), function at exception vector 34 too large)

.vector_35      0x9d01f660        0x8
 *(.vector_35)
 .vector_35     0x9d01f660        0x8 c:/program files (x86)/microchip/xc32/v1.40/bin/bin/../../lib/gcc/pic32mx/4.8.3/../../../../pic32mx/lib\libpic32.a(vector35.o)
                0x9d01f660                __vector_dispatch_35
                0x00000001                ASSERT (((_vector_spacing == 0x0) || (SIZEOF (.vector_35) <= (_vector_spacing << 0x5))), function at exception vector 35 too large)

.vector_36      0x9d01f680        0x8
 *(.vector_36)
 .vector_36     0x9d01f680        0x8 c:/program files (x86)/microchip/xc32/v1.40/bin/bin/../../lib/gcc/pic32mx/4.8.3/../../../../pic32mx/lib\libpic32.a(vector36.o)
                0x9d01f680                __vector_dispatch_36
                0x00000001                ASSERT (((_vector_spacing == 0x0) || (SIZEOF (.vector_36) <= (_vector_spacing << 0x5))), function at exception vector 36 too large)

.vector_37      0x9d01f6a0        0x8
 *(.vector_37)
 .vector_37     0x9d01f6a0        0x8 c:/program files (x86)/microchip/xc32/v1.40/bin/bin/../../lib/gcc/pic32mx/4.8.3/../../../../pic32mx/lib\libpic32.a(vector37.o)
                0x9d01f6a0                __vector_dispatch_37
                0x00000001                ASSERT (((_vector_spacing == 0x0) || (SIZEOF (.vector_37) <= (_vector_spacing << 0x5))), function at exception vector 37 too large)

.vector_38      0x9d01f6c0        0x8
 *(.vector_38)
 .vector_38     0x9d01f6c0        0x8 c:/program files (x86)/microchip/xc32/v1.40/bin/bin/../../lib/gcc/pic32mx/4.8.3/../../../../pic32mx/lib\libpic32.a(vector38.o)
                0x9d01f6c0                __vector_dispatch_38
                0x00000001                ASSERT (((_vector_spacing == 0x0) || (SIZEOF (.vector_38) <= (_vector_spacing << 0x5))), function at exception vector 38 too large)

.vector_39      0x9d01f6e0        0x8
 *(.vector_39)
 .vector_39     0x9d01f6e0        0x8 c:/program files (x86)/microchip/xc32/v1.40/bin/bin/../../lib/gcc/pic32mx/4.8.3/../../../../pic32mx/lib\libpic32.a(vector39.o)
                0x9d01f6e0                __vector_dispatch_39
                0x00000001                ASSERT (((_vector_spacing == 0x0) || (SIZEOF (.vector_39) <= (_vector_spacing << 0x5))), function at exception vector 39 too large)

.vector_40      0x9d01f700        0x8
 *(.vector_40)
 .vector_40     0x9d01f700        0x8 c:/program files (x86)/microchip/xc32/v1.40/bin/bin/../../lib/gcc/pic32mx/4.8.3/../../../../pic32mx/lib\libpic32.a(vector40.o)
                0x9d01f700                __vector_dispatch_40
                0x00000001                ASSERT (((_vector_spacing == 0x0) || (SIZEOF (.vector_40) <= (_vector_spacing << 0x5))), function at exception vector 40 too large)

.vector_41      0x9d01f720        0x8
 *(.vector_41)
 .vector_41     0x9d01f720        0x8 c:/program files (x86)/microchip/xc32/v1.40/bin/bin/../../lib/gcc/pic32mx/4.8.3/../../../../pic32mx/lib\libpic32.a(vector41.o)
                0x9d01f720                __vector_dispatch_41
                0x00000001                ASSERT (((_vector_spacing == 0x0) || (SIZEOF (.vector_41) <= (_vector_spacing << 0x5))), function at exception vector 41 too large)

.vector_42      0x9d01f740        0x8
 *(.vector_42)
 .vector_42     0x9d01f740        0x8 c:/program files (x86)/microchip/xc32/v1.40/bin/bin/../../lib/gcc/pic32mx/4.8.3/../../../../pic32mx/lib\libpic32.a(vector42.o)
                0x9d01f740                __vector_dispatch_42
                0x00000001                ASSERT (((_vector_spacing == 0x0) || (SIZEOF (.vector_42) <= (_vector_spacing << 0x5))), function at exception vector 42 too large)

.vector_43      0x9d01f760        0x8
 *(.vector_43)
 .vector_43     0x9d01f760        0x8 c:/program files (x86)/microchip/xc32/v1.40/bin/bin/../../lib/gcc/pic32mx/4.8.3/../../../../pic32mx/lib\libpic32.a(vector43.o)
                0x9d01f760                __vector_dispatch_43
                0x00000001                ASSERT (((_vector_spacing == 0x0) || (SIZEOF (.vector_43) <= (_vector_spacing << 0x5))), function at exception vector 43 too large)

.vector_44      0x9d01f780        0x0
 *(.vector_44)
                0x00000001                ASSERT (((_vector_spacing == 0x0) || (SIZEOF (.vector_44) <= (_vector_spacing << 0x5))), function at exception vector 44 too large)

.vector_45      0x9d01f7a0        0x0
 *(.vector_45)
                0x00000001                ASSERT (((_vector_spacing == 0x0) || (SIZEOF (.vector_45) <= (_vector_spacing << 0x5))), function at exception vector 45 too large)

.vector_46      0x9d01f7c0        0x0
 *(.vector_46)
                0x00000001                ASSERT (((_vector_spacing == 0x0) || (SIZEOF (.vector_46) <= (_vector_spacing << 0x5))), function at exception vector 46 too large)

.vector_47      0x9d01f7e0        0x0
 *(.vector_47)
                0x00000001                ASSERT (((_vector_spacing == 0x0) || (SIZEOF (.vector_47) <= (_vector_spacing << 0x5))), function at exception vector 47 too large)

.vector_48      0x9d01f800        0x0
 *(.vector_48)
                0x00000001                ASSERT (((_vector_spacing == 0x0) || (SIZEOF (.vector_48) <= (_vector_spacing << 0x5))), function at exception vector 48 too large)

.vector_49      0x9d01f820        0x0
 *(.vector_49)
                0x00000001                ASSERT (((_vector_spacing == 0x0) || (SIZEOF (.vector_49) <= (_vector_spacing << 0x5))), function at exception vector 49 too large)

.vector_50      0x9d01f840        0x0
 *(.vector_50)
                0x00000001                ASSERT (((_vector_spacing == 0x0) || (SIZEOF (.vector_50) <= (_vector_spacing << 0x5))), function at exception vector 50 too large)

.vector_51      0x9d01f860        0x0
 *(.vector_51)
                0x00000001                ASSERT (((_vector_spacing == 0x0) || (SIZEOF (.vector_51) <= (_vector_spacing << 0x5))), function at exception vector 51 too large)

.vector_52      0x9d01f880        0x0
 *(.vector_52)
                0x00000001                ASSERT (((_vector_spacing == 0x0) || (SIZEOF (.vector_52) <= (_vector_spacing << 0x5))), function at exception vector 52 too large)

.vector_53      0x9d01f8a0        0x0
 *(.vector_53)
                0x00000001                ASSERT (((_vector_spacing == 0x0) || (SIZEOF (.vector_53) <= (_vector_spacing << 0x5))), function at exception vector 53 too large)

.vector_54      0x9d01f8c0        0x0
 *(.vector_54)
                0x00000001                ASSERT (((_vector_spacing == 0x0) || (SIZEOF (.vector_54) <= (_vector_spacing << 0x5))), function at exception vector 54 too large)

.vector_55      0x9d01f8e0        0x0
 *(.vector_55)
                0x00000001                ASSERT (((_vector_spacing == 0x0) || (SIZEOF (.vector_55) <= (_vector_spacing << 0x5))), function at exception vector 55 too large)

.vector_56      0x9d01f900        0x0
 *(.vector_56)
                0x00000001                ASSERT (((_vector_spacing == 0x0) || (SIZEOF (.vector_56) <= (_vector_spacing << 0x5))), function at exception vector 56 too large)

.vector_57      0x9d01f920        0x0
 *(.vector_57)
                0x00000001                ASSERT (((_vector_spacing == 0x0) || (SIZEOF (.vector_57) <= (_vector_spacing << 0x5))), function at exception vector 57 too large)

.vector_58      0x9d01f940        0x0
 *(.vector_58)
                0x00000001                ASSERT (((_vector_spacing == 0x0) || (SIZEOF (.vector_58) <= (_vector_spacing << 0x5))), function at exception vector 58 too large)

.vector_59      0x9d01f960        0x0
 *(.vector_59)
                0x00000001                ASSERT (((_vector_spacing == 0x0) || (SIZEOF (.vector_59) <= (_vector_spacing << 0x5))), function at exception vector 59 too large)

.vector_60      0x9d01f980        0x0
 *(.vector_60)
                0x00000001                ASSERT (((_vector_spacing == 0x0) || (SIZEOF (.vector_60) <= (_vector_spacing << 0x5))), function at exception vector 60 too large)

.vector_61      0x9d01f9a0        0x0
 *(.vector_61)
                0x00000001                ASSERT (((_vector_spacing == 0x0) || (SIZEOF (.vector_61) <= (_vector_spacing << 0x5))), function at exception vector 61 too large)

.vector_62      0x9d01f9c0        0x0
 *(.vector_62)
                0x00000001                ASSERT (((_vector_spacing == 0x0) || (SIZEOF (.vector_62) <= (_vector_spacing << 0x5))), function at exception vector 62 too large)

.vector_63      0x9d01f9e0        0x0
 *(.vector_63)
                0x00000001                ASSERT (((_vector_spacing == 0x0) || (SIZEOF (.vector_63) <= (_vector_spacing << 0x5))), function at exception vector 63 too large)

.startup
 *(.startup)

.text           0x9d000000        0x0
 *(.stub .gnu.linkonce.t.*)
 *(.text.*personality*)
 *(.mips16.fn.*)
 *(.mips16.call.*)
 *(.gnu.warning)
                0x9d000000                . = ALIGN (0x4)

.init           0x9d000000        0x0
 *crti.o(.init)
 *crtbegin.o(.init)
 *(EXCLUDE_FILE(*crtn.o *crtend?.o *crtend.o) .init)
 *crtend.o(.init)
 *crtn.o(.init)
                0x9d000000                . = ALIGN (0x4)

.fini           0x9d000000        0x0
 *(.fini)
                0x9d000000                . = ALIGN (0x4)

.preinit_array  0x9d000000        0x0
                0x9d000000                PROVIDE (__preinit_array_start, .)
 *(.preinit_array)
                0x9d000000                PROVIDE (__preinit_array_end, .)
                0x9d000000                . = ALIGN (0x4)

.init_array     0x9d000000        0x0
                0x9d000000                PROVIDE (__init_array_start, .)
 *(SORT(.init_array.*))
 *(.init_array)
                0x9d000000                PROVIDE (__init_array_end, .)
                0x9d000000                . = ALIGN (0x4)

.fini_array     0x9d000000        0x0
                0x9d000000                PROVIDE (__fini_array_start, .)
 *(SORT(.fini_array.*))
 *(.fini_array)
                0x9d000000                PROVIDE (__fini_array_end, .)
                0x9d000000                . = ALIGN (0x4)

.ctors          0x9d000000        0x0
 *crtbegin.o(.ctors)
 *crtbegin?.o(.ctors)
 *(EXCLUDE_FILE(*crtend?.o *crtend.o) .ctors)
 *(SORT(.ctors.*))
 *(.ctors)
                0x9d000000                . = ALIGN (0x4)

.dtors          0x9d000000        0x0
 *crtbegin.o(.dtors)
 *crtbegin?.o(.dtors)
 *(EXCLUDE_FILE(*crtend?.o *crtend.o) .dtors)
 *(SORT(.dtors.*))
 *(.dtors)
                0x9d000000                . = ALIGN (0x4)

.rodata         0x9d000000        0x0
 *(.gnu.linkonce.r.*)
 *(.rodata1)
                0x9d000000                . = ALIGN (0x4)

.sdata2         0x9fc00490        0x0
 *(.sdata2 .sdata2.* .gnu.linkonce.s2.*)
                0x9fc00490                . = ALIGN (0x4)

.sbss2          0x9fc00490        0x0
 *(.sbss2 .sbss2.* .gnu.linkonce.sb2.*)
                0x9fc00490                . = ALIGN (0x4)

.eh_frame_hdr
 *(.eh_frame_hdr)
                0x9fc00490                . = ALIGN (0x4)

.eh_frame
 *(.eh_frame)
                0x9fc00490                . = ALIGN (0x4)

.gcc_except_table
 *(.gcc_except_table .gcc_except_table.*)
                0x9fc00490                . = ALIGN (0x4)

.dbg_data       0xa0000000        0x0
                0xa0000000                . = (. + DEFINED (_DEBUGGER)?0x200:0x0)

.jcr            0xa0000000        0x0
 *(.jcr)
                0xa0000000                . = ALIGN (0x4)

.eh_frame
 *(.eh_frame)
                0xa0000000                . = ALIGN (0x4)

.gcc_except_table
 *(.gcc_except_table .gcc_except_table.*)
                0xa0000000                . = ALIGN (0x4)

.persist        0xa0000000        0x0
                0xa0000000                _persist_begin = .
 *(.persist .persist.*)
 *(.pbss .pbss.*)
                0xa0000000                . = ALIGN (0x4)
                0xa0000000                _persist_end = .

.data           0xa0000000        0x0
 *(.gnu.linkonce.d.*)
 *(.data1)
                0xa0000000                . = ALIGN (0x4)
                0xa0000000                . = .
                0xa0007ff0                _gp = (ALIGN (0x10) + 0x7ff0)

.got            0xa0000000        0x0
 *(.got.plt)
 *(.got)
                0xa0000000                . = ALIGN (0x4)

.sdata          0xa0000000        0x0
                0xa0000000                _sdata_begin = .
 *(.sdata .sdata.* .gnu.linkonce.s.*)
                0xa0000000                . = ALIGN (0x4)
                0xa0000000                _sdata_end = .

.lit8
 *(.lit8)

.lit4
 *(.lit4)
                0xa0000000                . = ALIGN (0x4)
                0xa0000000                _data_end = .
                0xa0000000                _bss_begin = .

.sbss           0xa0000000       0x18
                0xa0000000                _sbss_begin = .
 *(.dynsbss)
 *(.sbss .sbss.* .gnu.linkonce.sb.*)
 .sbss          0xa0000000        0xc build/default/production/_ext/1688732426/system_exceptions.o
 *(.scommon)
 .scommon       0xa000000c        0x0 build/default/production/_ext/327000265/drv_usart_static.o
                0xa000000c                gDrvUSART0Obj
 .scommon       0xa000000c        0x8 build/default/production/_ext/1039982050/sys_devcon.o
                0xa000000c                sysDevconObj
 .scommon       0xa0000014        0x2 build/default/production/_ext/2073459237/usb_device_cdc.o
                0xa0000014                gUSBDeviceCdcCommonDataObj
                0xa0000016                _sbss_end = .
                0xa0000018                . = ALIGN (0x4)
 *fill*         0xa0000016        0x2 

.bss            0xa0000200      0x258
 *(.dynbss)
 *(COMMON)
 COMMON         0xa0000200       0x70 build/default/production/_ext/1688732426/system_init.o
                0xa0000200                endPointTable
                0xa0000260                sysObj
 COMMON         0xa0000270       0x74 build/default/production/_ext/1360937237/app.o
                0xa0000270                readBuffer
                0xa00002b0                appData
 COMMON         0xa00002e4       0xc8 build/default/production/_ext/1441990472/drv_usbfs.o
                0xa00002e4                gDrvUSBGroup
 COMMON         0xa00003ac       0xac build/default/production/_ext/2073459237/usb_device_cdc.o
                0xa00003ac                gUSBDeviceCDCIRP
                0xa0000418                gUSBDeviceCDCInstance
                0xa0000458                . = ALIGN ((. != 0x0)?0x4:0x1)
                0xa0000458                . = ALIGN (0x4)
                0xa0000458                _end = .
                0xa0000458                _bss_end = .
                0x00008000                _bmxdudba_address = 0x8000
                0x00008000                _bmxdupba_address = 0x8000

/DISCARD/
 *(.pdr)
 *(.rel.dyn)
 *(.note.GNU-stack)
 *(.note.GNU-stack)
 *(.gnu_debuglink)
 *(.gnu.lto_*)
 *(.discard)

.gptab.sdata
 *(.gptab.data)
 *(.gptab.sdata)

.gptab.sbss
 *(.gptab.bss)
 *(.gptab.sbss)

.mdebug.abi32   0xa0000458        0x0
 *(.mdebug.abi32)
 .mdebug.abi32  0xa0000458        0x0 build/default/production/_ext/327000265/drv_usart_mapping.o
 .mdebug.abi32  0xa0000458        0x0 build/default/production/_ext/327000265/drv_usart_static.o
 .mdebug.abi32  0xa0000458        0x0 build/default/production/_ext/327000265/drv_usart_static_byte_model.o
 .mdebug.abi32  0xa0000458        0x0 build/default/production/_ext/639803181/sys_clk_static.o
 .mdebug.abi32  0xa0000458        0x0 build/default/production/_ext/822048611/sys_ports_static.o
 .mdebug.abi32  0xa0000458        0x0 build/default/production/_ext/1688732426/system_init.o
 .mdebug.abi32  0xa0000458        0x0 build/default/production/_ext/1688732426/system_interrupt.o
 .mdebug.abi32  0xa0000458        0x0 build/default/production/_ext/1688732426/system_exceptions.o
 .mdebug.abi32  0xa0000458        0x0 build/default/production/_ext/1688732426/system_tasks.o
 .mdebug.abi32  0xa0000458        0x0 build/default/production/_ext/1360937237/app.o
 .mdebug.abi32  0xa0000458        0x0 build/default/production/_ext/1360937237/main.o
 .mdebug.abi32  0xa0000458        0x0 build/default/production/_ext/1441990472/drv_usbfs.o
 .mdebug.abi32  0xa0000458        0x0 build/default/production/_ext/1441990472/drv_usbfs_device.o
 .mdebug.abi32  0xa0000458        0x0 build/default/production/_ext/1039982050/sys_devcon.o
 .mdebug.abi32  0xa0000458        0x0 build/default/production/_ext/1039982050/sys_devcon_pic32mx.o
 .mdebug.abi32  0xa0000458        0x0 build/default/production/_ext/70818120/sys_int_pic32.o
 .mdebug.abi32  0xa0000458        0x0 build/default/production/_ext/2073459237/usb_device.o
 .mdebug.abi32  0xa0000458        0x0 build/default/production/_ext/2073459237/usb_device_cdc.o
 .mdebug.abi32  0xa0000458        0x0 build/default/production/_ext/2073459237/usb_device_cdc_acm.o
 .mdebug.abi32  0xa0000458        0x0 c:/program files (x86)/microchip/xc32/v1.40/bin/bin/../../lib/gcc/pic32mx/4.8.3/../../../../pic32mx/lib\libpic32.a(default-bootstrap-exception-handler.o)
 .mdebug.abi32  0xa0000458        0x0 c:/program files (x86)/microchip/xc32/v1.40/bin/bin/../../lib/gcc/pic32mx/4.8.3/../../../../pic32mx/lib\libpic32.a(default-on-reset.o)
 .mdebug.abi32  0xa0000458        0x0 c:/program files (x86)/microchip/xc32/v1.40/bin/bin/../../lib/gcc/pic32mx/4.8.3/../../../../pic32mx/lib\libpic32.a(default-on-bootstrap.o)
 .mdebug.abi32  0xa0000458        0x0 c:/program files (x86)/microchip/xc32/v1.40/bin/bin/../../lib/gcc/pic32mx/4.8.3/../../../../pic32mx/lib\libpic32.a(defaultinterrupt.o)

.mdebug.abiN32
 *(.mdebug.abiN32)

.mdebug.abi64
 *(.mdebug.abi64)

.mdebug.abiO64
 *(.mdebug.abiO64)

.mdebug.eabi32
 *(.mdebug.eabi32)

.mdebug.eabi64
 *(.mdebug.eabi64)

.gcc_compiled_long32
 *(.gcc_compiled_long32)

.gcc_compiled_long64
 *(.gcc_compiled_long64)

.stab
 *(.stab)

.stabstr
 *(.stabstr)

.stab.excl
 *(.stab.excl)

.stab.exclstr
 *(.stab.exclstr)

.stab.index
 *(.stab.index)

.stab.indexstr
 *(.stab.indexstr)

.comment        0x00000000       0x3c
 *(.comment)
 .comment       0x00000000       0x3c build/default/production/_ext/327000265/drv_usart_mapping.o
                                 0x3d (size before relaxing)
 .comment       0x00000000       0x3d build/default/production/_ext/327000265/drv_usart_static.o
 .comment       0x00000000       0x3d build/default/production/_ext/327000265/drv_usart_static_byte_model.o
 .comment       0x00000000       0x3d build/default/production/_ext/639803181/sys_clk_static.o
 .comment       0x00000000       0x3d build/default/production/_ext/822048611/sys_ports_static.o
 .comment       0x00000000       0x3d build/default/production/_ext/1688732426/system_init.o
 .comment       0x00000000       0x3d build/default/production/_ext/1688732426/system_interrupt.o
 .comment       0x00000000       0x3d build/default/production/_ext/1688732426/system_exceptions.o
 .comment       0x00000000       0x3d build/default/production/_ext/1688732426/system_tasks.o
 .comment       0x00000000       0x3d build/default/production/_ext/1360937237/app.o
 .comment       0x00000000       0x3d build/default/production/_ext/1360937237/main.o
 .comment       0x00000000       0x3d build/default/production/_ext/1441990472/drv_usbfs.o
 .comment       0x00000000       0x3d build/default/production/_ext/1441990472/drv_usbfs_device.o
 .comment       0x00000000       0x3d build/default/production/_ext/1039982050/sys_devcon.o
 .comment       0x00000000       0x3d build/default/production/_ext/1039982050/sys_devcon_pic32mx.o
 .comment       0x00000000       0x3d build/default/production/_ext/70818120/sys_int_pic32.o
 .comment       0x00000000       0x3d build/default/production/_ext/2073459237/usb_device.o
 .comment       0x00000000       0x3d build/default/production/_ext/2073459237/usb_device_cdc.o
 .comment       0x00000000       0x3d build/default/production/_ext/2073459237/usb_device_cdc_acm.o
 .comment       0x00000000       0x3d c:/program files (x86)/microchip/xc32/v1.40/bin/bin/../../lib/gcc/pic32mx/4.8.3/../../../../pic32mx/lib\libpic32.a(default-bootstrap-exception-handler.o)
 .comment       0x00000000       0x3d c:/program files (x86)/microchip/xc32/v1.40/bin/bin/../../lib/gcc/pic32mx/4.8.3/../../../../pic32mx/lib\libpic32.a(default-on-reset.o)
 .comment       0x00000000       0x3d c:/program files (x86)/microchip/xc32/v1.40/bin/bin/../../lib/gcc/pic32mx/4.8.3/../../../../pic32mx/lib\libpic32.a(default-on-bootstrap.o)
 .comment       0x00000000       0x3d c:/program files (x86)/microchip/xc32/v1.40/bin/bin/../../lib/gcc/pic32mx/4.8.3/../../../../pic32mx/lib\libpic32.a(defaultinterrupt.o)

.debug
 *(.debug)

.line
 *(.line)

.debug_srcinfo
 *(.debug_srcinfo)

.debug_sfnames
 *(.debug_sfnames)

.debug_aranges  0x00000000      0x818
 *(.debug_aranges)
 .debug_aranges
                0x00000000       0xa8 build/default/production/_ext/327000265/drv_usart_mapping.o
 .debug_aranges
                0x000000a8       0x60 build/default/production/_ext/327000265/drv_usart_static.o
 .debug_aranges
                0x00000108       0x48 build/default/production/_ext/327000265/drv_usart_static_byte_model.o
 .debug_aranges
                0x00000150       0x50 build/default/production/_ext/639803181/sys_clk_static.o
 .debug_aranges
                0x000001a0      0x108 build/default/production/_ext/822048611/sys_ports_static.o
 .debug_aranges
                0x000002a8       0x20 build/default/production/_ext/1688732426/system_init.o
 .debug_aranges
                0x000002c8       0x20 build/default/production/_ext/1688732426/system_interrupt.o
 .debug_aranges
                0x000002e8       0x20 build/default/production/_ext/1688732426/system_exceptions.o
 .debug_aranges
                0x00000308       0x20 build/default/production/_ext/1688732426/system_tasks.o
 .debug_aranges
                0x00000328       0x48 build/default/production/_ext/1360937237/app.o
 .debug_aranges
                0x00000370       0x20 build/default/production/_ext/1360937237/main.o
 .debug_aranges
                0x00000390       0x70 build/default/production/_ext/1441990472/drv_usbfs.o
 .debug_aranges
                0x00000400       0xc0 build/default/production/_ext/1441990472/drv_usbfs_device.o
 .debug_aranges
                0x000004c0       0x78 build/default/production/_ext/1039982050/sys_devcon.o
 .debug_aranges
                0x00000538       0x20 build/default/production/_ext/1039982050/sys_devcon_pic32mx.o
 .debug_aranges
                0x00000558       0x48 build/default/production/_ext/70818120/sys_int_pic32.o
 .debug_aranges
                0x000005a0      0x150 build/default/production/_ext/2073459237/usb_device.o
 .debug_aranges
                0x000006f0       0x88 build/default/production/_ext/2073459237/usb_device_cdc.o
 .debug_aranges
                0x00000778       0x20 build/default/production/_ext/2073459237/usb_device_cdc_acm.o
 .debug_aranges
                0x00000798       0x20 c:/program files (x86)/microchip/xc32/v1.40/bin/bin/../../lib/gcc/pic32mx/4.8.3/../../../../pic32mx/lib\libpic32.a(default-bootstrap-exception-handler.o)
 .debug_aranges
                0x000007b8       0x20 c:/program files (x86)/microchip/xc32/v1.40/bin/bin/../../lib/gcc/pic32mx/4.8.3/../../../../pic32mx/lib\libpic32.a(default-on-reset.o)
 .debug_aranges
                0x000007d8       0x20 c:/program files (x86)/microchip/xc32/v1.40/bin/bin/../../lib/gcc/pic32mx/4.8.3/../../../../pic32mx/lib\libpic32.a(default-on-bootstrap.o)
 .debug_aranges
                0x000007f8       0x20 c:/program files (x86)/microchip/xc32/v1.40/bin/bin/../../lib/gcc/pic32mx/4.8.3/../../../../pic32mx/lib\libpic32.a(defaultinterrupt.o)

.debug_pubnames
 *(.debug_pubnames)

.debug_info     0x00000000    0x30ca9
 *(.debug_info .gnu.linkonce.wi.*)
 .debug_info    0x00000000     0x1ccd build/default/production/_ext/327000265/drv_usart_mapping.o
 .debug_info    0x00001ccd     0x30b3 build/default/production/_ext/327000265/drv_usart_static.o
 .debug_info    0x00004d80     0x1440 build/default/production/_ext/327000265/drv_usart_static_byte_model.o
 .debug_info    0x000061c0     0x1caa build/default/production/_ext/639803181/sys_clk_static.o
 .debug_info    0x00007e6a     0x481e build/default/production/_ext/822048611/sys_ports_static.o
 .debug_info    0x0000c688     0x50c1 build/default/production/_ext/1688732426/system_init.o
 .debug_info    0x00011749      0xdf3 build/default/production/_ext/1688732426/system_interrupt.o
 .debug_info    0x0001253c     0x1548 build/default/production/_ext/1688732426/system_exceptions.o
 .debug_info    0x00013a84      0xee3 build/default/production/_ext/1688732426/system_tasks.o
 .debug_info    0x00014967     0x4526 build/default/production/_ext/1360937237/app.o
 .debug_info    0x00018e8d      0x1d9 build/default/production/_ext/1360937237/main.o
 .debug_info    0x00019066     0x363a build/default/production/_ext/1441990472/drv_usbfs.o
 .debug_info    0x0001c6a0     0x660f build/default/production/_ext/1441990472/drv_usbfs_device.o
 .debug_info    0x00022caf      0xf97 build/default/production/_ext/1039982050/sys_devcon.o
 .debug_info    0x00023c46      0x7a7 build/default/production/_ext/1039982050/sys_devcon_pic32mx.o
 .debug_info    0x000243ed     0x12eb build/default/production/_ext/70818120/sys_int_pic32.o
 .debug_info    0x000256d8     0x5329 build/default/production/_ext/2073459237/usb_device.o
 .debug_info    0x0002aa01     0x4c8b build/default/production/_ext/2073459237/usb_device_cdc.o
 .debug_info    0x0002f68c     0x12e1 build/default/production/_ext/2073459237/usb_device_cdc_acm.o
 .debug_info    0x0003096d       0xe3 c:/program files (x86)/microchip/xc32/v1.40/bin/bin/../../lib/gcc/pic32mx/4.8.3/../../../../pic32mx/lib\libpic32.a(default-bootstrap-exception-handler.o)
 .debug_info    0x00030a50       0xbd c:/program files (x86)/microchip/xc32/v1.40/bin/bin/../../lib/gcc/pic32mx/4.8.3/../../../../pic32mx/lib\libpic32.a(default-on-reset.o)
 .debug_info    0x00030b0d       0xc5 c:/program files (x86)/microchip/xc32/v1.40/bin/bin/../../lib/gcc/pic32mx/4.8.3/../../../../pic32mx/lib\libpic32.a(default-on-bootstrap.o)
 .debug_info    0x00030bd2       0xd7 c:/program files (x86)/microchip/xc32/v1.40/bin/bin/../../lib/gcc/pic32mx/4.8.3/../../../../pic32mx/lib\libpic32.a(defaultinterrupt.o)

.debug_abbrev   0x00000000     0x2e19
 *(.debug_abbrev)
 .debug_abbrev  0x00000000      0x216 build/default/production/_ext/327000265/drv_usart_mapping.o
 .debug_abbrev  0x00000216      0x2de build/default/production/_ext/327000265/drv_usart_static.o
 .debug_abbrev  0x000004f4      0x1ae build/default/production/_ext/327000265/drv_usart_static_byte_model.o
 .debug_abbrev  0x000006a2      0x27b build/default/production/_ext/639803181/sys_clk_static.o
 .debug_abbrev  0x0000091d      0x24a build/default/production/_ext/822048611/sys_ports_static.o
 .debug_abbrev  0x00000b67      0x363 build/default/production/_ext/1688732426/system_init.o
 .debug_abbrev  0x00000eca       0xb0 build/default/production/_ext/1688732426/system_interrupt.o
 .debug_abbrev  0x00000f7a       0xaf build/default/production/_ext/1688732426/system_exceptions.o
 .debug_abbrev  0x00001029       0xc3 build/default/production/_ext/1688732426/system_tasks.o
 .debug_abbrev  0x000010ec      0x3ba build/default/production/_ext/1360937237/app.o
 .debug_abbrev  0x000014a6       0x93 build/default/production/_ext/1360937237/main.o
 .debug_abbrev  0x00001539      0x436 build/default/production/_ext/1441990472/drv_usbfs.o
 .debug_abbrev  0x0000196f      0x46b build/default/production/_ext/1441990472/drv_usbfs_device.o
 .debug_abbrev  0x00001dda      0x285 build/default/production/_ext/1039982050/sys_devcon.o
 .debug_abbrev  0x0000205f      0x162 build/default/production/_ext/1039982050/sys_devcon_pic32mx.o
 .debug_abbrev  0x000021c1      0x1d0 build/default/production/_ext/70818120/sys_int_pic32.o
 .debug_abbrev  0x00002391      0x3ee build/default/production/_ext/2073459237/usb_device.o
 .debug_abbrev  0x0000277f      0x450 build/default/production/_ext/2073459237/usb_device_cdc.o
 .debug_abbrev  0x00002bcf      0x1aa build/default/production/_ext/2073459237/usb_device_cdc_acm.o
 .debug_abbrev  0x00002d79       0x28 c:/program files (x86)/microchip/xc32/v1.40/bin/bin/../../lib/gcc/pic32mx/4.8.3/../../../../pic32mx/lib\libpic32.a(default-bootstrap-exception-handler.o)
 .debug_abbrev  0x00002da1       0x28 c:/program files (x86)/microchip/xc32/v1.40/bin/bin/../../lib/gcc/pic32mx/4.8.3/../../../../pic32mx/lib\libpic32.a(default-on-reset.o)
 .debug_abbrev  0x00002dc9       0x28 c:/program files (x86)/microchip/xc32/v1.40/bin/bin/../../lib/gcc/pic32mx/4.8.3/../../../../pic32mx/lib\libpic32.a(default-on-bootstrap.o)
 .debug_abbrev  0x00002df1       0x28 c:/program files (x86)/microchip/xc32/v1.40/bin/bin/../../lib/gcc/pic32mx/4.8.3/../../../../pic32mx/lib\libpic32.a(defaultinterrupt.o)

.debug_line     0x00000000     0x6ac1
 *(.debug_line)
 .debug_line    0x00000000      0x486 build/default/production/_ext/327000265/drv_usart_mapping.o
 .debug_line    0x00000486      0x694 build/default/production/_ext/327000265/drv_usart_static.o
 .debug_line    0x00000b1a      0x380 build/default/production/_ext/327000265/drv_usart_static_byte_model.o
 .debug_line    0x00000e9a      0x496 build/default/production/_ext/639803181/sys_clk_static.o
 .debug_line    0x00001330      0x958 build/default/production/_ext/822048611/sys_ports_static.o
 .debug_line    0x00001c88      0x7b3 build/default/production/_ext/1688732426/system_init.o
 .debug_line    0x0000243b      0x210 build/default/production/_ext/1688732426/system_interrupt.o
 .debug_line    0x0000264b      0x22d build/default/production/_ext/1688732426/system_exceptions.o
 .debug_line    0x00002878      0x33d build/default/production/_ext/1688732426/system_tasks.o
 .debug_line    0x00002bb5      0x5af build/default/production/_ext/1360937237/app.o
 .debug_line    0x00003164       0xe1 build/default/production/_ext/1360937237/main.o
 .debug_line    0x00003245      0x89d build/default/production/_ext/1441990472/drv_usbfs.o
 .debug_line    0x00003ae2      0xf00 build/default/production/_ext/1441990472/drv_usbfs_device.o
 .debug_line    0x000049e2      0x5bc build/default/production/_ext/1039982050/sys_devcon.o
 .debug_line    0x00004f9e      0x391 build/default/production/_ext/1039982050/sys_devcon_pic32mx.o
 .debug_line    0x0000532f      0x39e build/default/production/_ext/70818120/sys_int_pic32.o
 .debug_line    0x000056cd      0x8f1 build/default/production/_ext/2073459237/usb_device.o
 .debug_line    0x00005fbe      0x67f build/default/production/_ext/2073459237/usb_device_cdc.o
 .debug_line    0x0000663d      0x24b build/default/production/_ext/2073459237/usb_device_cdc_acm.o
 .debug_line    0x00006888       0x97 c:/program files (x86)/microchip/xc32/v1.40/bin/bin/../../lib/gcc/pic32mx/4.8.3/../../../../pic32mx/lib\libpic32.a(default-bootstrap-exception-handler.o)
 .debug_line    0x0000691f       0x84 c:/program files (x86)/microchip/xc32/v1.40/bin/bin/../../lib/gcc/pic32mx/4.8.3/../../../../pic32mx/lib\libpic32.a(default-on-reset.o)
 .debug_line    0x000069a3       0x88 c:/program files (x86)/microchip/xc32/v1.40/bin/bin/../../lib/gcc/pic32mx/4.8.3/../../../../pic32mx/lib\libpic32.a(default-on-bootstrap.o)
 .debug_line    0x00006a2b       0x96 c:/program files (x86)/microchip/xc32/v1.40/bin/bin/../../lib/gcc/pic32mx/4.8.3/../../../../pic32mx/lib\libpic32.a(defaultinterrupt.o)

.debug_frame    0x00000000     0x11d0
 *(.debug_frame)
 .debug_frame   0x00000000      0x214 build/default/production/_ext/327000265/drv_usart_mapping.o
 .debug_frame   0x00000214       0xb0 build/default/production/_ext/327000265/drv_usart_static.o
 .debug_frame   0x000002c4       0x70 build/default/production/_ext/327000265/drv_usart_static_byte_model.o
 .debug_frame   0x00000334       0xa0 build/default/production/_ext/639803181/sys_clk_static.o
 .debug_frame   0x000003d4      0x1f0 build/default/production/_ext/822048611/sys_ports_static.o
 .debug_frame   0x000005c4       0x28 build/default/production/_ext/1688732426/system_init.o
 .debug_frame   0x000005ec       0x64 build/default/production/_ext/1688732426/system_interrupt.o
 .debug_frame   0x00000650       0x28 build/default/production/_ext/1688732426/system_exceptions.o
 .debug_frame   0x00000678       0x28 build/default/production/_ext/1688732426/system_tasks.o
 .debug_frame   0x000006a0       0xa4 build/default/production/_ext/1360937237/app.o
 .debug_frame   0x00000744       0x28 build/default/production/_ext/1360937237/main.o
 .debug_frame   0x0000076c       0xe8 build/default/production/_ext/1441990472/drv_usbfs.o
 .debug_frame   0x00000854      0x1f4 build/default/production/_ext/1441990472/drv_usbfs_device.o
 .debug_frame   0x00000a48       0xe8 build/default/production/_ext/1039982050/sys_devcon.o
 .debug_frame   0x00000b30       0x28 build/default/production/_ext/1039982050/sys_devcon_pic32mx.o
 .debug_frame   0x00000b58       0x90 build/default/production/_ext/70818120/sys_int_pic32.o
 .debug_frame   0x00000be8      0x3d8 build/default/production/_ext/2073459237/usb_device.o
 .debug_frame   0x00000fc0      0x15c build/default/production/_ext/2073459237/usb_device_cdc.o
 .debug_frame   0x0000111c       0x28 build/default/production/_ext/2073459237/usb_device_cdc_acm.o
 .debug_frame   0x00001144       0x2c c:/program files (x86)/microchip/xc32/v1.40/bin/bin/../../lib/gcc/pic32mx/4.8.3/../../../../pic32mx/lib\libpic32.a(default-bootstrap-exception-handler.o)
 .debug_frame   0x00001170       0x20 c:/program files (x86)/microchip/xc32/v1.40/bin/bin/../../lib/gcc/pic32mx/4.8.3/../../../../pic32mx/lib\libpic32.a(default-on-reset.o)
 .debug_frame   0x00001190       0x20 c:/program files (x86)/microchip/xc32/v1.40/bin/bin/../../lib/gcc/pic32mx/4.8.3/../../../../pic32mx/lib\libpic32.a(default-on-bootstrap.o)
 .debug_frame   0x000011b0       0x20 c:/program files (x86)/microchip/xc32/v1.40/bin/bin/../../lib/gcc/pic32mx/4.8.3/../../../../pic32mx/lib\libpic32.a(defaultinterrupt.o)

.debug_str      0x00000000      0xa58
 *(.debug_str)
 .debug_str     0x00000000       0x23 build/default/production/_ext/327000265/drv_usart_mapping.o
 .debug_str     0x00000023       0xcf build/default/production/_ext/327000265/drv_usart_static.o
 .debug_str     0x000000f2        0x6 build/default/production/_ext/327000265/drv_usart_static_byte_model.o
 .debug_str     0x000000f8       0x46 build/default/production/_ext/639803181/sys_clk_static.o
 .debug_str     0x0000013e       0xa1 build/default/production/_ext/822048611/sys_ports_static.o
 .debug_str     0x000001df      0x119 build/default/production/_ext/1688732426/system_init.o
 .debug_str     0x000002f8        0x0 build/default/production/_ext/1688732426/system_interrupt.o
 .debug_str     0x000002f8        0x0 build/default/production/_ext/1688732426/system_exceptions.o
 .debug_str     0x000002f8        0x0 build/default/production/_ext/1688732426/system_tasks.o
 .debug_str     0x000002f8       0xc4 build/default/production/_ext/1360937237/app.o
 .debug_str     0x000003bc        0x0 build/default/production/_ext/1360937237/main.o
 .debug_str     0x000003bc       0xa2 build/default/production/_ext/1441990472/drv_usbfs.o
 .debug_str     0x0000045e      0x179 build/default/production/_ext/1441990472/drv_usbfs_device.o
 .debug_str     0x000005d7       0x16 build/default/production/_ext/1039982050/sys_devcon.o
 .debug_str     0x000005ed        0x6 build/default/production/_ext/1039982050/sys_devcon_pic32mx.o
 .debug_str     0x000005f3       0x2d build/default/production/_ext/70818120/sys_int_pic32.o
 .debug_str     0x00000620      0x29f build/default/production/_ext/2073459237/usb_device.o
 .debug_str     0x000008bf      0x18b build/default/production/_ext/2073459237/usb_device_cdc.o
 .debug_str     0x00000a4a        0xe build/default/production/_ext/2073459237/usb_device_cdc_acm.o
 .debug_str     0x00000a58        0x0 c:/program files (x86)/microchip/xc32/v1.40/bin/bin/../../lib/gcc/pic32mx/4.8.3/../../../../pic32mx/lib\libpic32.a(default-bootstrap-exception-handler.o)
 .debug_str     0x00000a58        0x0 c:/program files (x86)/microchip/xc32/v1.40/bin/bin/../../lib/gcc/pic32mx/4.8.3/../../../../pic32mx/lib\libpic32.a(default-on-reset.o)
 .debug_str     0x00000a58        0x0 c:/program files (x86)/microchip/xc32/v1.40/bin/bin/../../lib/gcc/pic32mx/4.8.3/../../../../pic32mx/lib\libpic32.a(default-on-bootstrap.o)
 .debug_str     0x00000a58        0x0 c:/program files (x86)/microchip/xc32/v1.40/bin/bin/../../lib/gcc/pic32mx/4.8.3/../../../../pic32mx/lib\libpic32.a(defaultinterrupt.o)

.debug_loc      0x00000000     0x78f7
 *(.debug_loc)
 .debug_loc     0x00000000      0x63c build/default/production/_ext/327000265/drv_usart_mapping.o
 .debug_loc     0x0000063c      0x30b build/default/production/_ext/327000265/drv_usart_static.o
 .debug_loc     0x00000947       0x49 build/default/production/_ext/639803181/sys_clk_static.o
 .debug_loc     0x00000990      0xe83 build/default/production/_ext/822048611/sys_ports_static.o
 .debug_loc     0x00001813       0x21 build/default/production/_ext/1688732426/system_init.o
 .debug_loc     0x00001834      0x443 build/default/production/_ext/1360937237/app.o
 .debug_loc     0x00001c77      0x62c build/default/production/_ext/1441990472/drv_usbfs.o
 .debug_loc     0x000022a3     0x2a2d build/default/production/_ext/1441990472/drv_usbfs_device.o
 .debug_loc     0x00004cd0       0xf0 build/default/production/_ext/1039982050/sys_devcon.o
 .debug_loc     0x00004dc0       0x91 build/default/production/_ext/1039982050/sys_devcon_pic32mx.o
 .debug_loc     0x00004e51       0x8d build/default/production/_ext/70818120/sys_int_pic32.o
 .debug_loc     0x00004ede     0x1af3 build/default/production/_ext/2073459237/usb_device.o
 .debug_loc     0x000069d1      0xda4 build/default/production/_ext/2073459237/usb_device_cdc.o
 .debug_loc     0x00007775      0x182 build/default/production/_ext/2073459237/usb_device_cdc_acm.o

.debug_macinfo
 *(.debug_macinfo)

.debug_weaknames
 *(.debug_weaknames)

.debug_funcnames
 *(.debug_funcnames)

.debug_typenames
 *(.debug_typenames)

.debug_varnames
 *(.debug_varnames)

.debug_pubtypes
 *(.debug_pubtypes)

.debug_ranges   0x00000000      0x830
 *(.debug_ranges)
 .debug_ranges  0x00000000       0x98 build/default/production/_ext/327000265/drv_usart_mapping.o
 .debug_ranges  0x00000098       0x80 build/default/production/_ext/327000265/drv_usart_static.o
 .debug_ranges  0x00000118       0x38 build/default/production/_ext/327000265/drv_usart_static_byte_model.o
 .debug_ranges  0x00000150       0x40 build/default/production/_ext/639803181/sys_clk_static.o
 .debug_ranges  0x00000190       0xf8 build/default/production/_ext/822048611/sys_ports_static.o
 .debug_ranges  0x00000288       0x10 build/default/production/_ext/1688732426/system_init.o
 .debug_ranges  0x00000298       0x10 build/default/production/_ext/1688732426/system_interrupt.o
 .debug_ranges  0x000002a8       0x10 build/default/production/_ext/1688732426/system_exceptions.o
 .debug_ranges  0x000002b8       0x10 build/default/production/_ext/1688732426/system_tasks.o
 .debug_ranges  0x000002c8       0x38 build/default/production/_ext/1360937237/app.o
 .debug_ranges  0x00000300       0x10 build/default/production/_ext/1360937237/main.o
 .debug_ranges  0x00000310       0x78 build/default/production/_ext/1441990472/drv_usbfs.o
 .debug_ranges  0x00000388      0x1d8 build/default/production/_ext/1441990472/drv_usbfs_device.o
 .debug_ranges  0x00000560       0x68 build/default/production/_ext/1039982050/sys_devcon.o
 .debug_ranges  0x000005c8       0x10 build/default/production/_ext/1039982050/sys_devcon_pic32mx.o
 .debug_ranges  0x000005d8       0x50 build/default/production/_ext/70818120/sys_int_pic32.o
 .debug_ranges  0x00000628      0x140 build/default/production/_ext/2073459237/usb_device.o
 .debug_ranges  0x00000768       0x78 build/default/production/_ext/2073459237/usb_device_cdc.o
 .debug_ranges  0x000007e0       0x10 build/default/production/_ext/2073459237/usb_device_cdc_acm.o
 .debug_ranges  0x000007f0       0x10 c:/program files (x86)/microchip/xc32/v1.40/bin/bin/../../lib/gcc/pic32mx/4.8.3/../../../../pic32mx/lib\libpic32.a(default-bootstrap-exception-handler.o)
 .debug_ranges  0x00000800       0x10 c:/program files (x86)/microchip/xc32/v1.40/bin/bin/../../lib/gcc/pic32mx/4.8.3/../../../../pic32mx/lib\libpic32.a(default-on-reset.o)
 .debug_ranges  0x00000810       0x10 c:/program files (x86)/microchip/xc32/v1.40/bin/bin/../../lib/gcc/pic32mx/4.8.3/../../../../pic32mx/lib\libpic32.a(default-on-bootstrap.o)
 .debug_ranges  0x00000820       0x10 c:/program files (x86)/microchip/xc32/v1.40/bin/bin/../../lib/gcc/pic32mx/4.8.3/../../../../pic32mx/lib\libpic32.a(defaultinterrupt.o)

.gnu.attributes
                0x00000000       0x10
 *(.gnu.attributes)
 .gnu.attributes
                0x00000000       0x10 build/default/production/_ext/327000265/drv_usart_mapping.o
 .gnu.attributes
                0x00000010       0x10 build/default/production/_ext/327000265/drv_usart_static.o
 .gnu.attributes
                0x00000020       0x10 build/default/production/_ext/327000265/drv_usart_static_byte_model.o
 .gnu.attributes
                0x00000030       0x10 build/default/production/_ext/639803181/sys_clk_static.o
 .gnu.attributes
                0x00000040       0x10 build/default/production/_ext/822048611/sys_ports_static.o
 .gnu.attributes
                0x00000050       0x10 build/default/production/_ext/1688732426/system_init.o
 .gnu.attributes
                0x00000060       0x10 build/default/production/_ext/1688732426/system_interrupt.o
 .gnu.attributes
                0x00000070       0x10 build/default/production/_ext/1688732426/system_exceptions.o
 .gnu.attributes
                0x00000080       0x10 build/default/production/_ext/1688732426/system_tasks.o
 .gnu.attributes
                0x00000090       0x10 build/default/production/_ext/1360937237/app.o
 .gnu.attributes
                0x000000a0       0x10 build/default/production/_ext/1360937237/main.o
 .gnu.attributes
                0x000000b0       0x10 build/default/production/_ext/1441990472/drv_usbfs.o
 .gnu.attributes
                0x000000c0       0x10 build/default/production/_ext/1441990472/drv_usbfs_device.o
 .gnu.attributes
                0x000000d0       0x10 build/default/production/_ext/1039982050/sys_devcon.o
 .gnu.attributes
                0x000000e0       0x10 build/default/production/_ext/1039982050/sys_devcon_pic32mx.o
 .gnu.attributes
                0x000000f0       0x10 build/default/production/_ext/70818120/sys_int_pic32.o
 .gnu.attributes
                0x00000100       0x10 build/default/production/_ext/2073459237/usb_device.o
 .gnu.attributes
                0x00000110       0x10 build/default/production/_ext/2073459237/usb_device_cdc.o
 .gnu.attributes
                0x00000120       0x10 build/default/production/_ext/2073459237/usb_device_cdc_acm.o
 .gnu.attributes
                0x00000130       0x10 c:/program files (x86)/microchip/xc32/v1.40/bin/bin/../../lib/gcc/pic32mx/4.8.3/../../../../pic32mx/lib\libpic32.a(default-bootstrap-exception-handler.o)
 .gnu.attributes
                0x00000140       0x10 c:/program files (x86)/microchip/xc32/v1.40/bin/bin/../../lib/gcc/pic32mx/4.8.3/../../../../pic32mx/lib\libpic32.a(default-on-reset.o)
 .gnu.attributes
                0x00000150       0x10 c:/program files (x86)/microchip/xc32/v1.40/bin/bin/../../lib/gcc/pic32mx/4.8.3/../../../../pic32mx/lib\libpic32.a(default-on-bootstrap.o)
 .gnu.attributes
                0x00000160       0x10 c:/program files (x86)/microchip/xc32/v1.40/bin/bin/../../lib/gcc/pic32mx/4.8.3/../../../../pic32mx/lib\libpic32.a(defaultinterrupt.o)
LOAD c:/program files (x86)/microchip/xc32/v1.40/bin/bin/../../lib/gcc/pic32mx/4.8.3\libgcc.a
START GROUP
LOAD c:/program files (x86)/microchip/xc32/v1.40/bin/bin/../../lib/gcc/pic32mx/4.8.3/../../../../pic32mx/lib\libpic32.a
LOAD c:/program files (x86)/microchip/xc32/v1.40/bin/bin/../../lib/gcc/pic32mx/4.8.3/../../../../pic32mx/lib\libdebug.a
LOAD c:/program files (x86)/microchip/xc32/v1.40/bin/bin/../../lib/gcc/pic32mx/4.8.3/../../../../pic32mx/lib\libpic32.a
LOAD c:/program files (x86)/microchip/xc32/v1.40/bin/bin/../../lib/gcc/pic32mx/4.8.3/../../../../pic32mx/lib\libm.a
LOAD c:/program files (x86)/microchip/xc32/v1.40/bin/bin/../../lib/gcc/pic32mx/4.8.3/../../../../pic32mx/lib\libe.a
LOAD c:/program files (x86)/microchip/xc32/v1.40/bin/bin/../../lib/gcc/pic32mx/4.8.3/../../../../pic32mx/lib\libdsp.a
LOAD c:/program files (x86)/microchip/xc32/v1.40/bin/bin/../../lib/gcc/pic32mx/4.8.3\libgcc.a
LOAD c:/program files (x86)/microchip/xc32/v1.40/bin/bin/../../lib/gcc/pic32mx/4.8.3/../../../../pic32mx/lib\libc.a
LOAD c:/program files (x86)/microchip/xc32/v1.40/bin/bin/../../lib/gcc/pic32mx/4.8.3/../../../../pic32mx/lib\libpic32.a
END GROUP
LOAD c:/program files (x86)/microchip/xc32/v1.40/bin/bin/../../lib/gcc/pic32mx/4.8.3\libgcc.a
OUTPUT(dist/default/production/cdc_com_port_single.X.production.elf elf32-tradlittlemips)
LOAD stack
LOAD data_init

.reginfo        0x00000000       0x18
 .reginfo       0x00000000       0x18 c:/program files (x86)/microchip/xc32/v1.40/bin/bin/../../lib/gcc/pic32mx/4.8.3/../../../../pic32mx/lib/./proc/32MX250F128D/crt0_mips32r2.o

.stack          0xa0000478      0x400
 .stack         0xa0000478      0x400 stack

.bss            0xa0000018       0xb8
 .bss           0xa0000018       0xb8 build/default/production/_ext/2073459237/usb_device.o

.data           0xa00000d0       0x9c
 .data          0xa00000d0       0x50 build/default/production/_ext/1441990472/drv_usbfs_device.o
                0xa00000d0                gDrvUSBFSDeviceInterface
 .data          0xa0000120       0x4c build/default/production/_ext/1688732426/system_exceptions.o

._debug_exception
                0xbfc00480       0x2c
 ._debug_exception
                0xbfc00480       0x2c c:/program files (x86)/microchip/xc32/v1.40/bin/bin/../../lib/gcc/pic32mx/4.8.3/../../../../pic32mx/lib\debug-exception-return.o
                0xbfc00480                __DbgExecReturn

.text._DRV_USBFS_DEVICE_Tasks_ISR
                0x9d000000      0x7c8
 .text._DRV_USBFS_DEVICE_Tasks_ISR
                0x9d000000      0x7c8 build/default/production/_ext/1441990472/drv_usbfs_device.o
                0x9d000000                _DRV_USBFS_DEVICE_Tasks_ISR

.text._USB_DEVICE_ProcessStandardDeviceGetRequests
                0x9d0007c8      0x268
 .text._USB_DEVICE_ProcessStandardDeviceGetRequests
                0x9d0007c8      0x268 build/default/production/_ext/2073459237/usb_device.o
                0x9d0007c8                _USB_DEVICE_ProcessStandardDeviceGetRequests

.text.DRV_USBFS_DEVICE_IRPSubmit
                0x9d000a30      0x21c
 .text.DRV_USBFS_DEVICE_IRPSubmit
                0x9d000a30      0x21c build/default/production/_ext/1441990472/drv_usbfs_device.o
                0x9d000a30                DRV_USBFS_DEVICE_IRPSubmit

.text._USB_DEVICE_EventHandler
                0x9d000c4c      0x214
 .text._USB_DEVICE_EventHandler
                0x9d000c4c      0x214 build/default/production/_ext/2073459237/usb_device.o
                0x9d000c4c                _USB_DEVICE_EventHandler

.text._USB_DEVICE_ProcessStandardDeviceSetRequests
                0x9d000e60      0x214
 .text._USB_DEVICE_ProcessStandardDeviceSetRequests
                0x9d000e60      0x214 build/default/production/_ext/2073459237/usb_device.o
                0x9d000e60                _USB_DEVICE_ProcessStandardDeviceSetRequests

.text.DRV_USBFS_DEVICE_EndpointEnable
                0x9d001074      0x208
 .text.DRV_USBFS_DEVICE_EndpointEnable
                0x9d001074      0x208 build/default/production/_ext/1441990472/drv_usbfs_device.o
                0x9d001074                DRV_USBFS_DEVICE_EndpointEnable

.text._USB_DEVICE_ControlTransferHandler
                0x9d00127c      0x204
 .text._USB_DEVICE_ControlTransferHandler
                0x9d00127c      0x204 build/default/production/_ext/2073459237/usb_device.o
                0x9d00127c                _USB_DEVICE_ControlTransferHandler

.text.APP_Tasks
                0x9d001480      0x1ec
 .text.APP_Tasks
                0x9d001480      0x1ec build/default/production/_ext/1360937237/app.o
                0x9d001480                APP_Tasks

.text.DRV_USBFS_Initialize
                0x9d00166c      0x1d8
 .text.DRV_USBFS_Initialize
                0x9d00166c      0x1d8 build/default/production/_ext/1441990472/drv_usbfs.o
                0x9d00166c                DRV_USBFS_Initialize

.text.USB_DEVICE_CDC_Write
                0x9d001844      0x1d4
 .text.USB_DEVICE_CDC_Write
                0x9d001844      0x1d4 build/default/production/_ext/2073459237/usb_device_cdc.o
                0x9d001844                USB_DEVICE_CDC_Write

.text.DRV_USBFS_DEVICE_EndpointStallClear
                0x9d001a18      0x1b8
 .text.DRV_USBFS_DEVICE_EndpointStallClear
                0x9d001a18      0x1b8 build/default/production/_ext/1441990472/drv_usbfs_device.o
                0x9d001a18                DRV_USBFS_DEVICE_EndpointStallClear

.text.USB_DEVICE_CDC_Read
                0x9d001bd0      0x1b4
 .text.USB_DEVICE_CDC_Read
                0x9d001bd0      0x1b4 build/default/production/_ext/2073459237/usb_device_cdc.o
                0x9d001bd0                USB_DEVICE_CDC_Read

.text.DRV_USBFS_DEVICE_EndpointStall
                0x9d001d84      0x1ac
 .text.DRV_USBFS_DEVICE_EndpointStall
                0x9d001d84      0x1ac build/default/production/_ext/1441990472/drv_usbfs_device.o
                0x9d001d84                DRV_USBFS_DEVICE_EndpointStall

.text._USB_DEVICE_Ep0ReceiveCompleteCallback
                0x9d001f30      0x184
 .text._USB_DEVICE_Ep0ReceiveCompleteCallback
                0x9d001f30      0x184 build/default/production/_ext/2073459237/usb_device.o
                0x9d001f30                _USB_DEVICE_Ep0ReceiveCompleteCallback

.rodata         0x9d0020b4      0x180
 .rodata        0x9d0020b4      0x180 build/default/production/_ext/1688732426/system_init.o
                0x9d0020b4                drvUSBInit
                0x9d0020e0                sysDevconInit
                0x9d0020e4                cdcInit0
                0x9d0020f0                funcRegistrationTable
                0x9d002104                deviceDescriptor
                0x9d002118                fullSpeedConfigurationDescriptor
                0x9d00215c                fullSpeedConfigDescSet
                0x9d002160                sd000
                0x9d002164                sd001
                0x9d002198                sd002
                0x9d0021c8                stringDescriptors
                0x9d0021d4                usbMasterDescriptor
                0x9d002200                usbDevInitData

.text._USB_DEVICE_CDC_ACMSetUpPacketHandler
                0x9d002234      0x178
 .text._USB_DEVICE_CDC_ACMSetUpPacketHandler
                0x9d002234      0x178 build/default/production/_ext/2073459237/usb_device_cdc_acm.o
                0x9d002234                _USB_DEVICE_CDC_ACMSetUpPacketHandler

.text.USB_DEVICE_Tasks
                0x9d0023ac      0x170
 .text.USB_DEVICE_Tasks
                0x9d0023ac      0x170 build/default/production/_ext/2073459237/usb_device.o
                0x9d0023ac                USB_DEVICE_Tasks

.text           0x9d00251c      0x168
 .text          0x9d00251c      0x168 c:/program files (x86)/microchip/xc32/v1.40/bin/bin/../../lib/gcc/pic32mx/4.8.3/../../../../pic32mx/lib\libpic32.a(memcpy.o)
                0x9d00251c                memcpy

.text.DRV_USBFS_DEVICE_EndpointDisable
                0x9d002684      0x158
 .text.DRV_USBFS_DEVICE_EndpointDisable
                0x9d002684      0x158 build/default/production/_ext/1441990472/drv_usbfs_device.o
                0x9d002684                DRV_USBFS_DEVICE_EndpointDisable

.text.USB_DEVICE_Initialize
                0x9d0027dc      0x158
 .text.USB_DEVICE_Initialize
                0x9d0027dc      0x158 build/default/production/_ext/2073459237/usb_device.o
                0x9d0027dc                USB_DEVICE_Initialize

.text._USB_DEVICE_CDC_Initialization
                0x9d002934      0x158
 .text._USB_DEVICE_CDC_Initialization
                0x9d002934      0x158 build/default/production/_ext/2073459237/usb_device_cdc.o
                0x9d002934                _USB_DEVICE_CDC_Initialization

.text.DRV_USBFS_DEVICE_IRPCancel
                0x9d002a8c      0x140
 .text.DRV_USBFS_DEVICE_IRPCancel
                0x9d002a8c      0x140 build/default/production/_ext/1441990472/drv_usbfs_device.o
                0x9d002a8c                DRV_USBFS_DEVICE_IRPCancel

.text.DRV_USBFS_DEVICE_IRPCancelAll
                0x9d002bcc      0x13c
 .text.DRV_USBFS_DEVICE_IRPCancelAll
                0x9d002bcc      0x13c build/default/production/_ext/1441990472/drv_usbfs_device.o
                0x9d002bcc                DRV_USBFS_DEVICE_IRPCancelAll

.text._IntHandlerUSBInstance0
                0x9d002d08      0x134
 .text._IntHandlerUSBInstance0
                0x9d002d08      0x134 build/default/production/_ext/1688732426/system_interrupt.o
                0x9d002d08                _IntHandlerUSBInstance0

.text.APP_USBDeviceEventHandler
                0x9d002e3c      0x12c
 .text.APP_USBDeviceEventHandler
                0x9d002e3c      0x12c build/default/production/_ext/1360937237/app.o
                0x9d002e3c                APP_USBDeviceEventHandler

.text.DRV_USART0_Initialize
                0x9d002f68      0x128
 .text.DRV_USART0_Initialize
                0x9d002f68      0x128 build/default/production/_ext/327000265/drv_usart_static.o
                0x9d002f68                DRV_USART0_Initialize

.text._USB_DEVICE_ProcessStandardEndpointRequest
                0x9d003090      0x100
 .text._USB_DEVICE_ProcessStandardEndpointRequest
                0x9d003090      0x100 build/default/production/_ext/2073459237/usb_device.o
                0x9d003090                _USB_DEVICE_ProcessStandardEndpointRequest

.text._USB_DEVICE_ConfigureDevice
                0x9d003190      0x100
 .text._USB_DEVICE_ConfigureDevice
                0x9d003190      0x100 build/default/production/_ext/2073459237/usb_device.o
                0x9d003190                _USB_DEVICE_ConfigureDevice

.dinit          0x9d003290      0x100
 .dinit         0x9d003290      0x100 data_init

.text._USB_DEVICE_CDC_ControlTransferHandler
                0x9d003390       0xfc
 .text._USB_DEVICE_CDC_ControlTransferHandler
                0x9d003390       0xfc build/default/production/_ext/2073459237/usb_device_cdc.o
                0x9d003390                _USB_DEVICE_CDC_ControlTransferHandler

.text.APP_USBDeviceCDCEventHandler
                0x9d00348c       0xf4
 .text.APP_USBDeviceCDCEventHandler
                0x9d00348c       0xf4 build/default/production/_ext/1360937237/app.o
                0x9d00348c                APP_USBDeviceCDCEventHandler

.text.SYS_Initialize
                0x9d003580       0xdc
 .text.SYS_Initialize
                0x9d003580       0xdc build/default/production/_ext/1688732426/system_init.o
                0x9d003580                SYS_Initialize

.rodata         0x9d00365c       0xdc
 .rodata        0x9d00365c       0xdc build/default/production/_ext/1688732426/system_exceptions.o

.text.general_exception
                0x9d003738       0xdc
 .text.general_exception
                0x9d003738       0xdc c:/program files (x86)/microchip/xc32/v1.40/bin/bin/../../lib/gcc/pic32mx/4.8.3/../../../../pic32mx/lib\libpic32.a(general-exception.o)
                0x9d003738                _general_exception_context

.text._DRV_USBFS_DEVICE_EndpointBDTEntryArm
                0x9d003814       0xd8
 .text._DRV_USBFS_DEVICE_EndpointBDTEntryArm
                0x9d003814       0xd8 build/default/production/_ext/1441990472/drv_usbfs_device.o
                0x9d003814                _DRV_USBFS_DEVICE_EndpointBDTEntryArm

.text._USB_DEVICE_GetStringDescriptorRequestProcess
                0x9d0038ec       0xd4
 .text._USB_DEVICE_GetStringDescriptorRequestProcess
                0x9d0038ec       0xd4 build/default/production/_ext/2073459237/usb_device.o
                0x9d0038ec                _USB_DEVICE_GetStringDescriptorRequestProcess

.text.SYS_PORTS_Initialize
                0x9d0039c0       0xc4
 .text.SYS_PORTS_Initialize
                0x9d0039c0       0xc4 build/default/production/_ext/822048611/sys_ports_static.o
                0x9d0039c0                SYS_PORTS_Initialize

.text._USB_DEVICE_Ep0TransmitCompleteCallback
                0x9d003a84       0xb0
 .text._USB_DEVICE_Ep0TransmitCompleteCallback
                0x9d003a84       0xb0 build/default/production/_ext/2073459237/usb_device.o
                0x9d003a84                _USB_DEVICE_Ep0TransmitCompleteCallback

.text._USB_DEVICE_DeInitializeAllFunctionDrivers
                0x9d003b34       0xa8
 .text._USB_DEVICE_DeInitializeAllFunctionDrivers
                0x9d003b34       0xa8 build/default/production/_ext/2073459237/usb_device.o
                0x9d003b34                _USB_DEVICE_DeInitializeAllFunctionDrivers

.text._USB_DEVICE_ForwardControlXfrToFunction
                0x9d003bdc       0xa0
 .text._USB_DEVICE_ForwardControlXfrToFunction
                0x9d003bdc       0xa0 build/default/production/_ext/2073459237/usb_device.o
                0x9d003bdc                _USB_DEVICE_ForwardControlXfrToFunction

.text._USB_DEVICE_CDC_ReadIRPCallback
                0x9d003c7c       0xa0
 .text._USB_DEVICE_CDC_ReadIRPCallback
                0x9d003c7c       0xa0 build/default/production/_ext/2073459237/usb_device_cdc.o
                0x9d003c7c                _USB_DEVICE_CDC_ReadIRPCallback

.text._USB_DEVICE_CDC_WriteIRPCallback
                0x9d003d1c       0xa0
 .text._USB_DEVICE_CDC_WriteIRPCallback
                0x9d003d1c       0xa0 build/default/production/_ext/2073459237/usb_device_cdc.o
                0x9d003d1c                _USB_DEVICE_CDC_WriteIRPCallback

.text._USB_DEVICE_GetFunctionDriverEntryByInterface
                0x9d003dbc       0x88
 .text._USB_DEVICE_GetFunctionDriverEntryByInterface
                0x9d003dbc       0x88 build/default/production/_ext/2073459237/usb_device.o
                0x9d003dbc                _USB_DEVICE_GetFunctionDriverEntryByInterface

.text._USB_DEVICE_FindEndpoint
                0x9d003e44       0x88
 .text._USB_DEVICE_FindEndpoint
                0x9d003e44       0x88 build/default/production/_ext/2073459237/usb_device.o
                0x9d003e44                _USB_DEVICE_FindEndpoint

.text.DRV_USBFS_Tasks_ISR
                0x9d003ecc       0x84
 .text.DRV_USBFS_Tasks_ISR
                0x9d003ecc       0x84 build/default/production/_ext/1441990472/drv_usbfs.o
                0x9d003ecc                DRV_USBFS_Tasks_ISR

.text.DRV_USBFS_DEVICE_Attach
                0x9d003f50       0x84
 .text.DRV_USBFS_DEVICE_Attach
                0x9d003f50       0x84 build/default/production/_ext/1441990472/drv_usbfs_device.o
                0x9d003f50                DRV_USBFS_DEVICE_Attach

.text.USB_DEVICE_ControlSend
                0x9d003fd4       0x84
 .text.USB_DEVICE_ControlSend
                0x9d003fd4       0x84 build/default/production/_ext/2073459237/usb_device.o
                0x9d003fd4                USB_DEVICE_ControlSend

.text.USB_DEVICE_ControlStatus
                0x9d004058       0x7c
 .text.USB_DEVICE_ControlStatus
                0x9d004058       0x7c build/default/production/_ext/2073459237/usb_device.o
                0x9d004058                USB_DEVICE_ControlStatus

.text.DRV_USBFS_ClientEventCallBackSet
                0x9d0040d4       0x78
 .text.DRV_USBFS_ClientEventCallBackSet
                0x9d0040d4       0x78 build/default/production/_ext/1441990472/drv_usbfs.o
                0x9d0040d4                DRV_USBFS_ClientEventCallBackSet

.text.SYS_CLK_Initialize
                0x9d00414c       0x70
 .text.SYS_CLK_Initialize
                0x9d00414c       0x70 build/default/production/_ext/639803181/sys_clk_static.o
                0x9d00414c                SYS_CLK_Initialize

.text._USB_DEVICE_CDC_Deinitialization
                0x9d0041bc       0x70
 .text._USB_DEVICE_CDC_Deinitialization
                0x9d0041bc       0x70 build/default/production/_ext/2073459237/usb_device_cdc.o
                0x9d0041bc                _USB_DEVICE_CDC_Deinitialization

.text.DRV_USBFS_DEVICE_Detach
                0x9d00422c       0x6c
 .text.DRV_USBFS_DEVICE_Detach
                0x9d00422c       0x6c build/default/production/_ext/1441990472/drv_usbfs_device.o
                0x9d00422c                DRV_USBFS_DEVICE_Detach

.text._DRV_USBFS_DEVICE_IRPQueueFlush
                0x9d004298       0x68
 .text._DRV_USBFS_DEVICE_IRPQueueFlush
                0x9d004298       0x68 build/default/production/_ext/1441990472/drv_usbfs_device.o
                0x9d004298                _DRV_USBFS_DEVICE_IRPQueueFlush

.text.APP_Initialize
                0x9d004300       0x64
 .text.APP_Initialize
                0x9d004300       0x64 build/default/production/_ext/1360937237/app.o
                0x9d004300                APP_Initialize

.text.SYS_DEVCON_PerformanceConfig
                0x9d004364       0x60
 .text.SYS_DEVCON_PerformanceConfig
                0x9d004364       0x60 build/default/production/_ext/1039982050/sys_devcon_pic32mx.o
                0x9d004364                SYS_DEVCON_PerformanceConfig

.text._USB_DEVICE_CDC_EndpointDisable
                0x9d0043c4       0x60
 .text._USB_DEVICE_CDC_EndpointDisable
                0x9d0043c4       0x60 build/default/production/_ext/2073459237/usb_device_cdc.o
                0x9d0043c4                _USB_DEVICE_CDC_EndpointDisable

.text.SYS_Tasks
                0x9d004424       0x5c
 .text.SYS_Tasks
                0x9d004424       0x5c build/default/production/_ext/1688732426/system_tasks.o
                0x9d004424                SYS_Tasks

.text.SYS_DEVCON_SystemUnlock
                0x9d004480       0x58
 .text.SYS_DEVCON_SystemUnlock
                0x9d004480       0x58 build/default/production/_ext/1039982050/sys_devcon.o
                0x9d004480                SYS_DEVCON_SystemUnlock

.text.SYS_INT_SourceDisable
                0x9d0044d8       0x58
 .text.SYS_INT_SourceDisable
                0x9d0044d8       0x58 build/default/production/_ext/70818120/sys_int_pic32.o
                0x9d0044d8                SYS_INT_SourceDisable

.text.USB_DEVICE_EventHandlerSet
                0x9d004530       0x58
 .text.USB_DEVICE_EventHandlerSet
                0x9d004530       0x58 build/default/production/_ext/2073459237/usb_device.o
                0x9d004530                USB_DEVICE_EventHandlerSet

.text.main_entry
                0x9d004588       0x54
 .text.main_entry
                0x9d004588       0x54 c:/program files (x86)/microchip/xc32/v1.40/bin/bin/../../lib/gcc/pic32mx/4.8.3/../../../../pic32mx/lib/./proc/32MX250F128D/crt0_mips32r2.o
                0x9d0045bc                __crt0_exit

.text.DRV_USBFS_Open
                0x9d0045dc       0x54
 .text.DRV_USBFS_Open
                0x9d0045dc       0x54 build/default/production/_ext/1441990472/drv_usbfs.o
                0x9d0045dc                DRV_USBFS_Open

.text.USB_DEVICE_Open
                0x9d004630       0x50
 .text.USB_DEVICE_Open
                0x9d004630       0x50 build/default/production/_ext/2073459237/usb_device.o
                0x9d004630                USB_DEVICE_Open

.text.DRV_USBFS_DEVICE_SOFNumberGet
                0x9d004680       0x4c
 .text.DRV_USBFS_DEVICE_SOFNumberGet
                0x9d004680       0x4c build/default/production/_ext/1441990472/drv_usbfs_device.o
                0x9d004680                DRV_USBFS_DEVICE_SOFNumberGet

.text._USB_DEVICE_RedirectControlXfrToClient
                0x9d0046cc       0x4c
 .text._USB_DEVICE_RedirectControlXfrToClient
                0x9d0046cc       0x4c build/default/production/_ext/2073459237/usb_device.o
                0x9d0046cc                _USB_DEVICE_RedirectControlXfrToClient

.text.SYS_DEVCON_SystemLock
                0x9d004718       0x48
 .text.SYS_DEVCON_SystemLock
                0x9d004718       0x48 build/default/production/_ext/1039982050/sys_devcon.o
                0x9d004718                SYS_DEVCON_SystemLock

.text.USB_DEVICE_ControlReceive
                0x9d004760       0x48
 .text.USB_DEVICE_ControlReceive
                0x9d004760       0x48 build/default/production/_ext/2073459237/usb_device.o
                0x9d004760                USB_DEVICE_ControlReceive

.text._bootstrap_exception_handler
                0x9d0047a8       0x48
 .text._bootstrap_exception_handler
                0x9d0047a8       0x48 c:/program files (x86)/microchip/xc32/v1.40/bin/bin/../../lib/gcc/pic32mx/4.8.3/../../../../pic32mx/lib\libpic32.a(default-bootstrap-exception-handler.o)
                0x9d0047a8                _bootstrap_exception_handler

.vector_default
                0x9d0047f0       0x48
 .vector_default
                0x9d0047f0       0x48 c:/program files (x86)/microchip/xc32/v1.40/bin/bin/../../lib/gcc/pic32mx/4.8.3/../../../../pic32mx/lib\libpic32.a(defaultinterrupt.o)
                0x9d0047f0                _DefaultInterrupt

.text.DRV_USBFS_DEVICE_EndpointIsEnabled
                0x9d004838       0x44
 .text.DRV_USBFS_DEVICE_EndpointIsEnabled
                0x9d004838       0x44 build/default/production/_ext/1441990472/drv_usbfs_device.o
                0x9d004838                DRV_USBFS_DEVICE_EndpointIsEnabled

.text.DRV_USBFS_DEVICE_EndpointIsStalled
                0x9d00487c       0x44
 .text.DRV_USBFS_DEVICE_EndpointIsStalled
                0x9d00487c       0x44 build/default/production/_ext/1441990472/drv_usbfs_device.o
                0x9d00487c                DRV_USBFS_DEVICE_EndpointIsStalled

.text           0x9d0048c0       0x44
 .text          0x9d0048c0       0x44 c:/program files (x86)/microchip/xc32/v1.40/bin/bin/../../lib/gcc/pic32mx/4.8.3/../../../../pic32mx/lib\pic32_software_reset.o
                0x9d0048c0                __pic32_software_reset

.text._general_exception_handler
                0x9d004904       0x40
 .text._general_exception_handler
                0x9d004904       0x40 build/default/production/_ext/1688732426/system_exceptions.o
                0x9d004904                _general_exception_handler

.text.APP_StateReset
                0x9d004944       0x40
 .text.APP_StateReset
                0x9d004944       0x40 build/default/production/_ext/1360937237/app.o
                0x9d004944                APP_StateReset

.text._DRV_USBFS_DEVICE_Initialize
                0x9d004984       0x3c
 .text._DRV_USBFS_DEVICE_Initialize
                0x9d004984       0x3c build/default/production/_ext/1441990472/drv_usbfs_device.o
                0x9d004984                _DRV_USBFS_DEVICE_Initialize

.text.DRV_USBFS_DEVICE_AddressSet
                0x9d0049c0       0x38
 .text.DRV_USBFS_DEVICE_AddressSet
                0x9d0049c0       0x38 build/default/production/_ext/1441990472/drv_usbfs_device.o
                0x9d0049c0                DRV_USBFS_DEVICE_AddressSet

.text.USB_DEVICE_CDC_EventHandlerSet
                0x9d0049f8       0x38
 .text.USB_DEVICE_CDC_EventHandlerSet
                0x9d0049f8       0x38 build/default/production/_ext/2073459237/usb_device_cdc.o
                0x9d0049f8                USB_DEVICE_CDC_EventHandlerSet

.text.DRV_USART_Initialize
                0x9d004a30       0x34
 .text.DRV_USART_Initialize
                0x9d004a30       0x34 build/default/production/_ext/327000265/drv_usart_mapping.o
                0x9d004a30                DRV_USART_Initialize

.text.DRV_USBFS_DEVICE_RemoteWakeupStart
                0x9d004a64       0x2c
 .text.DRV_USBFS_DEVICE_RemoteWakeupStart
                0x9d004a64       0x2c build/default/production/_ext/1441990472/drv_usbfs_device.o
                0x9d004a64                DRV_USBFS_DEVICE_RemoteWakeupStart

.text.DRV_USBFS_DEVICE_RemoteWakeupStop
                0x9d004a90       0x2c
 .text.DRV_USBFS_DEVICE_RemoteWakeupStop
                0x9d004a90       0x2c build/default/production/_ext/1441990472/drv_usbfs_device.o
                0x9d004a90                DRV_USBFS_DEVICE_RemoteWakeupStop

.text.DRV_USBFS_Close
                0x9d004abc       0x28
 .text.DRV_USBFS_Close
                0x9d004abc       0x28 build/default/production/_ext/1441990472/drv_usbfs.o
                0x9d004abc                DRV_USBFS_Close

.text._USB_DEVICE_ClientHandleValidate
                0x9d004ae4       0x28
 .text._USB_DEVICE_ClientHandleValidate
                0x9d004ae4       0x28 build/default/production/_ext/2073459237/usb_device.o
                0x9d004ae4                _USB_DEVICE_ClientHandleValidate

.text.main      0x9d004b0c       0x20
 .text.main     0x9d004b0c       0x20 build/default/production/_ext/1360937237/main.o
                0x9d004b0c                main

.text._USB_DEVICE_CDC_GlobalInitialize
                0x9d004b2c       0x20
 .text._USB_DEVICE_CDC_GlobalInitialize
                0x9d004b2c       0x20 build/default/production/_ext/2073459237/usb_device_cdc.o
                0x9d004b2c                _USB_DEVICE_CDC_GlobalInitialize

.text.SYS_INT_Initialize
                0x9d004b4c       0x18
 .text.SYS_INT_Initialize
                0x9d004b4c       0x18 build/default/production/_ext/70818120/sys_int_pic32.o
                0x9d004b4c                SYS_INT_Initialize

.text           0x9d004b64       0x18
 .text          0x9d004b64       0x18 c:/program files (x86)/microchip/xc32/v1.40/bin/bin/../../lib/gcc/pic32mx/4.8.3/../../../../pic32mx/lib\libpic32.a(default-nmi-handler.o)
                0x9d004b64                _nmi_handler

.text.SYS_DEVCON_Initialize
                0x9d004b7c       0x14
 .text.SYS_DEVCON_Initialize
                0x9d004b7c       0x14 build/default/production/_ext/1039982050/sys_devcon.o
                0x9d004b7c                SYS_DEVCON_Initialize

.rodata         0x9d004b90       0x14
 .rodata        0x9d004b90       0x14 build/default/production/_ext/2073459237/usb_device_cdc.o
                0x9d004b90                cdcFunctionDriver

.text.DRV_USBFS_DEVICE_CurrentSpeedGet
                0x9d004ba4       0x10
 .text.DRV_USBFS_DEVICE_CurrentSpeedGet
                0x9d004ba4       0x10 build/default/production/_ext/1441990472/drv_usbfs_device.o
                0x9d004ba4                DRV_USBFS_DEVICE_CurrentSpeedGet

.text.SYS_CLK_SystemFrequencyGet
                0x9d004bb4        0xc
 .text.SYS_CLK_SystemFrequencyGet
                0x9d004bb4        0xc build/default/production/_ext/639803181/sys_clk_static.o
                0x9d004bb4                SYS_CLK_SystemFrequencyGet

.text.SYS_CLK_PeripheralFrequencyGet
                0x9d004bc0        0xc
 .text.SYS_CLK_PeripheralFrequencyGet
                0x9d004bc0        0xc build/default/production/_ext/639803181/sys_clk_static.o
                0x9d004bc0                SYS_CLK_PeripheralFrequencyGet

.text.DRV_USART_TasksTransmit
                0x9d004bcc        0x8
 .text.DRV_USART_TasksTransmit
                0x9d004bcc        0x8 build/default/production/_ext/327000265/drv_usart_mapping.o
                0x9d004bcc                DRV_USART_TasksTransmit

.text.DRV_USART_TasksReceive
                0x9d004bd4        0x8
 .text.DRV_USART_TasksReceive
                0x9d004bd4        0x8 build/default/production/_ext/327000265/drv_usart_mapping.o
                0x9d004bd4                DRV_USART_TasksReceive

.text.DRV_USART_TasksError
                0x9d004bdc        0x8
 .text.DRV_USART_TasksError
                0x9d004bdc        0x8 build/default/production/_ext/327000265/drv_usart_mapping.o
                0x9d004bdc                DRV_USART_TasksError

.text.DRV_USBFS_Tasks
                0x9d004be4        0x8
 .text.DRV_USBFS_Tasks
                0x9d004be4        0x8 build/default/production/_ext/1441990472/drv_usbfs.o
                0x9d004be4                DRV_USBFS_Tasks

.text.SYS_DEVCON_Tasks
                0x9d004bec        0x8
 .text.SYS_DEVCON_Tasks
                0x9d004bec        0x8 build/default/production/_ext/1039982050/sys_devcon.o
                0x9d004bec                SYS_DEVCON_Tasks

.text._on_reset
                0x9d004bf4        0x8
 .text._on_reset
                0x9d004bf4        0x8 c:/program files (x86)/microchip/xc32/v1.40/bin/bin/../../lib/gcc/pic32mx/4.8.3/../../../../pic32mx/lib\libpic32.a(default-on-reset.o)
                0x9d004bf4                _on_reset

.text._on_bootstrap
                0x9d004bfc        0x8
 .text._on_bootstrap
                0x9d004bfc        0x8 c:/program files (x86)/microchip/xc32/v1.40/bin/bin/../../lib/gcc/pic32mx/4.8.3/../../../../pic32mx/lib\libpic32.a(default-on-bootstrap.o)
                0x9d004bfc                _on_bootstrap