
Optional file libmchp_peripheral.a not found

Optional file libmchp_peripheral_32MX250F128D.a not found
Archive member included because of file (symbol)

c:/program files (x86)/microchip/xc32/v1.40/bin/bin/../../lib/gcc/pic32mx/4.8.3/../../../../pic32mx/lib\libpic32.a(default-bootstrap-exception-handler.o)
                              c:/program files (x86)/microchip/xc32/v1.40/bin/bin/../../lib/gcc/pic32mx/4.8.3/../../../../pic32mx/lib/./proc/32MX250F128D/crt0_mips32r2.o (_bootstrap_exception_handler)
c:/program files (x86)/microchip/xc32/v1.40/bin/bin/../../lib/gcc/pic32mx/4.8.3/../../../../pic32mx/lib\libpic32.a(default-on-reset.o)
                              c:/program files (x86)/microchip/xc32/v1.40/bin/bin/../../lib/gcc/pic32mx/4.8.3/../../../../pic32mx/lib/./proc/32MX250F128D/crt0_mips32r2.o (_on_reset)
c:/program files (x86)/microchip/xc32/v1.40/bin/bin/../../lib/gcc/pic32mx/4.8.3/../../../../pic32mx/lib\libpic32.a(default-on-bootstrap.o)
                              c:/program files (x86)/microchip/xc32/v1.40/bin/bin/../../lib/gcc/pic32mx/4.8.3/../../../../pic32mx/lib/./proc/32MX250F128D/crt0_mips32r2.o (_on_bootstrap)
c:/program files (x86)/microchip/xc32/v1.40/bin/bin/../../lib/gcc/pic32mx/4.8.3/../../../../pic32mx/lib\libpic32.a(default-nmi-handler.o)
                              c:/program files (x86)/microchip/xc32/v1.40/bin/bin/../../lib/gcc/pic32mx/4.8.3/../../../../pic32mx/lib/./proc/32MX250F128D/crt0_mips32r2.o (_nmi_handler)
c:/program files (x86)/microchip/xc32/v1.40/bin/bin/../../lib/gcc/pic32mx/4.8.3/../../../../pic32mx/lib\libpic32.a(general-exception.o)
                              c:/program files (x86)/microchip/xc32/v1.40/bin/bin/../../lib/gcc/pic32mx/4.8.3/../../../../pic32mx/lib/./proc/32MX250F128D/crt0_mips32r2.o (_general_exception_context)
c:/program files (x86)/microchip/xc32/v1.40/bin/bin/../../lib/gcc/pic32mx/4.8.3/../../../../pic32mx/lib\libpic32.a(vector0.o)
                              c:/program files (x86)/microchip/xc32/v1.40/bin/bin/../../lib/gcc/pic32mx/4.8.3/../../../../pic32mx/lib/./proc/32MX250F128D\default_isr_vectors.o (__vector_dispatch_0)
c:/program files (x86)/microchip/xc32/v1.40/bin/bin/../../lib/gcc/pic32mx/4.8.3/../../../../pic32mx/lib\libpic32.a(vector1.o)
                              c:/program files (x86)/microchip/xc32/v1.40/bin/bin/../../lib/gcc/pic32mx/4.8.3/../../../../pic32mx/lib/./proc/32MX250F128D\default_isr_vectors.o (__vector_dispatch_1)
c:/program files (x86)/microchip/xc32/v1.40/bin/bin/../../lib/gcc/pic32mx/4.8.3/../../../../pic32mx/lib\libpic32.a(vector2.o)
                              c:/program files (x86)/microchip/xc32/v1.40/bin/bin/../../lib/gcc/pic32mx/4.8.3/../../../../pic32mx/lib/./proc/32MX250F128D\default_isr_vectors.o (__vector_dispatch_2)
c:/program files (x86)/microchip/xc32/v1.40/bin/bin/../../lib/gcc/pic32mx/4.8.3/../../../../pic32mx/lib\libpic32.a(vector3.o)
                              c:/program files (x86)/microchip/xc32/v1.40/bin/bin/../../lib/gcc/pic32mx/4.8.3/../../../../pic32mx/lib/./proc/32MX250F128D\default_isr_vectors.o (__vector_dispatch_3)
c:/program files (x86)/microchip/xc32/v1.40/bin/bin/../../lib/gcc/pic32mx/4.8.3/../../../../pic32mx/lib\libpic32.a(vector4.o)
                              c:/program files (x86)/microchip/xc32/v1.40/bin/bin/../../lib/gcc/pic32mx/4.8.3/../../../../pic32mx/lib/./proc/32MX250F128D\default_isr_vectors.o (__vector_dispatch_4)
c:/program files (x86)/microchip/xc32/v1.40/bin/bin/../../lib/gcc/pic32mx/4.8.3/../../../../pic32mx/lib\libpic32.a(vector5.o)
                              c:/program files (x86)/microchip/xc32/v1.40/bin/bin/../../lib/gcc/pic32mx/4.8.3/../../../../pic32mx/lib/./proc/32MX250F128D\default_isr_vectors.o (__vector_dispatch_5)
c:/program files (x86)/microchip/xc32/v1.40/bin/bin/../../lib/gcc/pic32mx/4.8.3/../../../../pic32mx/lib\libpic32.a(vector6.o)
                              c:/program files (x86)/microchip/xc32/v1.40/bin/bin/../../lib/gcc/pic32mx/4.8.3/../../../../pic32mx/lib/./proc/32MX250F128D\default_isr_vectors.o (__vector_dispatch_6)
c:/program files (x86)/microchip/xc32/v1.40/bin/bin/../../lib/gcc/pic32mx/4.8.3/../../../../pic32mx/lib\libpic32.a(vector7.o)
                              c:/program files (x86)/microchip/xc32/v1.40/bin/bin/../../lib/gcc/pic32mx/4.8.3/../../../../pic32mx/lib/./proc/32MX250F128D\default_isr_vectors.o (__vector_dispatch_7)
c:/program files (x86)/microchip/xc32/v1.40/bin/bin/../../lib/gcc/pic32mx/4.8.3/../../../../pic32mx/lib\libpic32.a(vector8.o)
                              c:/program files (x86)/microchip/xc32/v1.40/bin/bin/../../lib/gcc/pic32mx/4.8.3/../../../../pic32mx/lib/./proc/32MX250F128D\default_isr_vectors.o (__vector_dispatch_8)
c:/program files (x86)/microchip/xc32/v1.40/bin/bin/../../lib/gcc/pic32mx/4.8.3/../../../../pic32mx/lib\libpic32.a(vector9.o)
[...]
Memory Configuration

Name             Origin             Length             Attributes
kseg0_program_mem 0x9d000000         0x0001f000         xr
exception_mem    0x9d01f000         0x00001000
debug_exec_mem   0x9fc00490         0x00000760
kseg0_boot_mem   0x9fc00490         0x00000000
kseg1_boot_mem   0xbfc00000         0x00000490
config3          0xbfc00bf0         0x00000004
config2          0xbfc00bf4         0x00000004
config1          0xbfc00bf8         0x00000004
config0          0xbfc00bfc         0x00000004
kseg1_data_mem   0xa0000000         0x00008000         w !x
sfrs             0xbf800000         0x00100000
configsfrs       0xbfc00bf0         0x00000010
*default*        0x00000000         0xffffffff

Linker script and memory map

LOAD c:/program files (x86)/microchip/xc32/v1.40/bin/bin/../../lib/gcc/pic32mx/4.8.3/../../../../pic32mx/lib/./proc/32MX250F128D/crt0_mips32r2.o
LOAD c:/program files (x86)/microchip/xc32/v1.40/bin/bin/../../lib/gcc/pic32mx/4.8.3/../../../../pic32mx/lib\debug-exception-return.o
LOAD build/default/production/_ext/1360937237/app.o
LOAD build/default/production/_ext/1360937237/main.o
LOAD build/default/production/_ext/970121791/sys_devcon.o
LOAD build/default/production/_ext/970121791/sys_devcon_pic32mx.o
LOAD build/default/production/_ext/622283577/sys_int_pic32.o
LOAD build/default/production/_ext/1159894698/sys_ports.o
LOAD build/default/production/_ext/1890687111/drv_usbfs.o
LOAD build/default/production/_ext/2062143110/usb_device.o
LOAD build/default/production/_ext/1890687111/drv_usbfs_device.o
LOAD build/default/production/_ext/2062143110/usb_device_cdc.o
LOAD build/default/production/_ext/2062143110/usb_device_cdc_acm.o
LOAD build/default/production/_ext/327000265/drv_usart_mapping.o
LOAD build/default/production/_ext/327000265/drv_usart_static.o
LOAD build/default/production/_ext/327000265/drv_usart_static_byte_model.o
LOAD build/default/production/_ext/639803181/sys_clk_static.o
LOAD build/default/production/_ext/822048611/sys_ports_static.o
LOAD build/default/production/_ext/1688732426/system_init.o
LOAD build/default/production/_ext/1688732426/system_interrupt.o
LOAD build/default/production/_ext/1688732426/system_exceptions.o
LOAD build/default/production/_ext/1688732426/system_tasks.o
LOAD ..\..\..\..\..\..\..\..\Microchip\harmony\v1_07_01\bin\framework\peripheral\PIC32MX250F128D_peripherals.a
                0x00000001                __MPLAB_BUILD = 0x1
                0x00000000                _min_heap_size = 0x0
LOAD c:/program files (x86)/microchip/xc32/v1.40/bin/bin/../../lib/gcc/pic32mx/4.8.3/../../../../pic32mx/lib/./proc/32MX250F128D\default_isr_vectors.o
LOAD c:/program files (x86)/microchip/xc32/v1.40/bin/bin/../../lib/gcc/pic32mx/4.8.3/../../../../pic32mx/lib\pic32_software_reset.o
                0x00000400                PROVIDE (_min_stack_size, 0x400)
LOAD c:/program files (x86)/microchip/xc32/v1.40/bin/bin/../../lib/gcc/pic32mx/4.8.3/../../../../pic32mx/lib/./proc/32MX250F128D\processor.o
START GROUP
LOAD libmchp_peripheral.a
END GROUP
START GROUP
LOAD libmchp_peripheral_32MX250F128D.a
END GROUP
                0x00000001                PROVIDE (_vector_spacing, 0x1)
                0x9d01f000                _ebase_address = 0x9d01f000
                0xbfc00000                _RESET_ADDR = 0xbfc00000
                0xbfc00380                _BEV_EXCPT_ADDR = 0xbfc00380
                0xbfc00480                _DBG_EXCPT_ADDR = 0xbfc00480
                0x9fc00490                _DBG_CODE_ADDR = 0x9fc00490
                0x00000760                _DBG_CODE_SIZE = 0x760
                0x9d01f180                _GEN_EXCPT_ADDR = (_ebase_address + 0x180)

.config_BFC00BF0
                0xbfc00bf0        0x4
 *(.config_BFC00BF0)
 .config_BFC00BF0
                0xbfc00bf0        0x4 build/default/production/_ext/1688732426/system_init.o

.config_BFC00BF4
                0xbfc00bf4        0x4
 *(.config_BFC00BF4)
 .config_BFC00BF4
                0xbfc00bf4        0x4 build/default/production/_ext/1688732426/system_init.o

.config_BFC00BF8
                0xbfc00bf8        0x4
 *(.config_BFC00BF8)
 .config_BFC00BF8
                0xbfc00bf8        0x4 build/default/production/_ext/1688732426/system_init.o

.config_BFC00BFC
                0xbfc00bfc        0x4
 *(.config_BFC00BFC)
 .config_BFC00BFC
                0xbfc00bfc        0x4 build/default/production/_ext/1688732426/system_init.o
                0xbfc02000                PROVIDE (_DBG_CODE_ADDR, 0xbfc02000)
                0x00000ff0                PROVIDE (_DBG_CODE_SIZE, 0xff0)

.reset          0xbfc00000      0x1d0
 *(.reset)
 .reset         0xbfc00000        0x8 c:/program files (x86)/microchip/xc32/v1.40/bin/bin/../../lib/gcc/pic32mx/4.8.3/../../../../pic32mx/lib/./proc/32MX250F128D/crt0_mips32r2.o
                0xbfc00000                _reset
 *(.reset.startup)
 .reset.startup
                0xbfc00008      0x1c8 c:/program files (x86)/microchip/xc32/v1.40/bin/bin/../../lib/gcc/pic32mx/4.8.3/../../../../pic32mx/lib/./proc/32MX250F128D/crt0_mips32r2.o

.bev_excpt      0xbfc00380       0x10
 *(.bev_handler)
 .bev_handler   0xbfc00380       0x10 c:/program files (x86)/microchip/xc32/v1.40/bin/bin/../../lib/gcc/pic32mx/4.8.3/../../../../pic32mx/lib/./proc/32MX250F128D/crt0_mips32r2.o

.dbg_excpt      0xbfc00480        0x0
                0xbfc00480                . = (. + DEFINED (_DEBUGGER)?0x8:0x0)

.dbg_code       0x9fc00490        0x0
                0x9fc00490                . = (. + DEFINED (_DEBUGGER)?_DBG_CODE_SIZE:0x0)

.app_excpt      0x9d01f180       0x10
 *(.gen_handler)
 .gen_handler   0x9d01f180       0x10 c:/program files (x86)/microchip/xc32/v1.40/bin/bin/../../lib/gcc/pic32mx/4.8.3/../../../../pic32mx/lib/./proc/32MX250F128D/crt0_mips32r2.o

.vector_0       0x9d01f200        0x8
 *(.vector_0)
 .vector_0      0x9d01f200        0x8 c:/program files (x86)/microchip/xc32/v1.40/bin/bin/../../lib/gcc/pic32mx/4.8.3/../../../../pic32mx/lib\libpic32.a(vector0.o)
                0x9d01f200                __vector_dispatch_0
                0x00000001                ASSERT (((_vector_spacing == 0x0) || (SIZEOF (.vector_0) <= (_vector_spacing << 0x5))), function at exception vector 0 too large)

.vector_1       0x9d01f220        0x8
 *(.vector_1)
 .vector_1      0x9d01f220        0x8 c:/program files (x86)/microchip/xc32/v1.40/bin/bin/../../lib/gcc/pic32mx/4.8.3/../../../../pic32mx/lib\libpic32.a(vector1.o)
                0x9d01f220                __vector_dispatch_1
                0x00000001                ASSERT (((_vector_spacing == 0x0) || (SIZEOF (.vector_1) <= (_vector_spacing << 0x5))), function at exception vector 1 too large)

.vector_2       0x9d01f240        0x8
 *(.vector_2)
 .vector_2      0x9d01f240        0x8 c:/program files (x86)/microchip/xc32/v1.40/bin/bin/../../lib/gcc/pic32mx/4.8.3/../../../../pic32mx/lib\libpic32.a(vector2.o)
                0x9d01f240                __vector_dispatch_2
                0x00000001                ASSERT (((_vector_spacing == 0x0) || (SIZEOF (.vector_2) <= (_vector_spacing << 0x5))), function at exception vector 2 too large)

.vector_3       0x9d01f260        0x8
 *(.vector_3)
 .vector_3      0x9d01f260        0x8 c:/program files (x86)/microchip/xc32/v1.40/bin/bin/../../lib/gcc/pic32mx/4.8.3/../../../../pic32mx/lib\libpic32.a(vector3.o)
                0x9d01f260                __vector_dispatch_3
                0x00000001                ASSERT (((_vector_spacing == 0x0) || (SIZEOF (.vector_3) <= (_vector_spacing << 0x5))), function at exception vector 3 too large)

.vector_4       0x9d01f280        0x8
 *(.vector_4)
 .vector_4      0x9d01f280        0x8 c:/program files (x86)/microchip/xc32/v1.40/bin/bin/../../lib/gcc/pic32mx/4.8.3/../../../../pic32mx/lib\libpic32.a(vector4.o)
                0x9d01f280                __vector_dispatch_4
                0x00000001                ASSERT (((_vector_spacing == 0x0) || (SIZEOF (.vector_4) <= (_vector_spacing << 0x5))), function at exception vector 4 too large)

.vector_5       0x9d01f2a0        0x8
 *(.vector_5)
 .vector_5      0x9d01f2a0        0x8 c:/program files (x86)/microchip/xc32/v1.40/bin/bin/../../lib/gcc/pic32mx/4.8.3/../../../../pic32mx/lib\libpic32.a(vector5.o)
                0x9d01f2a0                __vector_dispatch_5
                0x00000001                ASSERT (((_vector_spacing == 0x0) || (SIZEOF (.vector_5) <= (_vector_spacing << 0x5))), function at exception vector 5 too large)

.vector_6       0x9d01f2c0        0x8
 *(.vector_6)
 .vector_6      0x9d01f2c0        0x8 c:/program files (x86)/microchip/xc32/v1.40/bin/bin/../../lib/gcc/pic32mx/4.8.3/../../../../pic32mx/lib\libpic32.a(vector6.o)
                0x9d01f2c0                __vector_dispatch_6
                0x00000001                ASSERT (((_vector_spacing == 0x0) || (SIZEOF (.vector_6) <= (_vector_spacing << 0x5))), function at exception vector 6 too large)

.vector_7       0x9d01f2e0        0x8
 *(.vector_7)
 .vector_7      0x9d01f2e0        0x8 c:/program files (x86)/microchip/xc32/v1.40/bin/bin/../../lib/gcc/pic32mx/4.8.3/../../../../pic32mx/lib\libpic32.a(vector7.o)
                0x9d01f2e0                __vector_dispatch_7
                0x00000001                ASSERT (((_vector_spacing == 0x0) || (SIZEOF (.vector_7) <= (_vector_spacing << 0x5))), function at exception vector 7 too large)

.vector_8       0x9d01f300        0x8
 *(.vector_8)
 .vector_8      0x9d01f300        0x8 c:/program files (x86)/microchip/xc32/v1.40/bin/bin/../../lib/gcc/pic32mx/4.8.3/../../../../pic32mx/lib\libpic32.a(vector8.o)
                0x9d01f300                __vector_dispatch_8
                0x00000001                ASSERT (((_vector_spacing == 0x0) || (SIZEOF (.vector_8) <= (_vector_spacing << 0x5))), function at exception vector 8 too large)

.vector_9       0x9d01f320        0x8
 *(.vector_9)
 .vector_9      0x9d01f320        0x8 c:/program files (x86)/microchip/xc32/v1.40/bin/bin/../../lib/gcc/pic32mx/4.8.3/../../../../pic32mx/lib\libpic32.a(vector9.o)
                0x9d01f320                __vector_dispatch_9
                0x00000001                ASSERT (((_vector_spacing == 0x0) || (SIZEOF (.vector_9) <= (_vector_spacing << 0x5))), function at exception vector 9 too large)

.vector_10      0x9d01f340        0x8
 *(.vector_10)
 .vector_10     0x9d01f340        0x8 c:/program files (x86)/microchip/xc32/v1.40/bin/bin/../../lib/gcc/pic32mx/4.8.3/../../../../pic32mx/lib\libpic32.a(vector10.o)
                0x9d01f340                __vector_dispatch_10
                0x00000001                ASSERT (((_vector_spacing == 0x0) || (SIZEOF (.vector_10) <= (_vector_spacing << 0x5))), function at exception vector 10 too large)

.vector_11      0x9d01f360        0x8
 *(.vector_11)
 .vector_11     0x9d01f360        0x8 c:/program files (x86)/microchip/xc32/v1.40/bin/bin/../../lib/gcc/pic32mx/4.8.3/../../../../pic32mx/lib\libpic32.a(vector11.o)
                0x9d01f360                __vector_dispatch_11
                0x00000001                ASSERT (((_vector_spacing == 0x0) || (SIZEOF (.vector_11) <= (_vector_spacing << 0x5))), function at exception vector 11 too large)

.vector_12      0x9d01f380        0x8
 *(.vector_12)
 .vector_12     0x9d01f380        0x8 c:/program files (x86)/microchip/xc32/v1.40/bin/bin/../../lib/gcc/pic32mx/4.8.3/../../../../pic32mx/lib\libpic32.a(vector12.o)
                0x9d01f380                __vector_dispatch_12
                0x00000001                ASSERT (((_vector_spacing == 0x0) || (SIZEOF (.vector_12) <= (_vector_spacing << 0x5))), function at exception vector 12 too large)

.vector_13      0x9d01f3a0        0x8
 *(.vector_13)
 .vector_13     0x9d01f3a0        0x8 c:/program files (x86)/microchip/xc32/v1.40/bin/bin/../../lib/gcc/pic32mx/4.8.3/../../../../pic32mx/lib\libpic32.a(vector13.o)
                0x9d01f3a0                __vector_dispatch_13
                0x00000001                ASSERT (((_vector_spacing == 0x0) || (SIZEOF (.vector_13) <= (_vector_spacing << 0x5))), function at exception vector 13 too large)

.vector_14      0x9d01f3c0        0x8
 *(.vector_14)
 .vector_14     0x9d01f3c0        0x8 c:/program files (x86)/microchip/xc32/v1.40/bin/bin/../../lib/gcc/pic32mx/4.8.3/../../../../pic32mx/lib\libpic32.a(vector14.o)
                0x9d01f3c0                __vector_dispatch_14
                0x00000001                ASSERT (((_vector_spacing == 0x0) || (SIZEOF (.vector_14) <= (_vector_spacing << 0x5))), function at exception vector 14 too large)

.vector_15      0x9d01f3e0        0x8
 *(.vector_15)
 .vector_15     0x9d01f3e0        0x8 c:/program files (x86)/microchip/xc32/v1.40/bin/bin/../../lib/gcc/pic32mx/4.8.3/../../../../pic32mx/lib\libpic32.a(vector15.o)
                0x9d01f3e0                __vector_dispatch_15
                0x00000001                ASSERT (((_vector_spacing == 0x0) || (SIZEOF (.vector_15) <= (_vector_spacing << 0x5))), function at exception vector 15 too large)

.vector_16      0x9d01f400        0x8
 *(.vector_16)
 .vector_16     0x9d01f400        0x8 c:/program files (x86)/microchip/xc32/v1.40/bin/bin/../../lib/gcc/pic32mx/4.8.3/../../../../pic32mx/lib\libpic32.a(vector16.o)
                0x9d01f400                __vector_dispatch_16
                0x00000001                ASSERT (((_vector_spacing == 0x0) || (SIZEOF (.vector_16) <= (_vector_spacing << 0x5))), function at exception vector 16 too large)

.vector_17      0x9d01f420        0x8
 *(.vector_17)
 .vector_17     0x9d01f420        0x8 c:/program files (x86)/microchip/xc32/v1.40/bin/bin/../../lib/gcc/pic32mx/4.8.3/../../../../pic32mx/lib\libpic32.a(vector17.o)
                0x9d01f420                __vector_dispatch_17
                0x00000001                ASSERT (((_vector_spacing == 0x0) || (SIZEOF (.vector_17) <= (_vector_spacing << 0x5))), function at exception vector 17 too large)

.vector_18      0x9d01f440        0x8
 *(.vector_18)
 .vector_18     0x9d01f440        0x8 c:/program files (x86)/microchip/xc32/v1.40/bin/bin/../../lib/gcc/pic32mx/4.8.3/../../../../pic32mx/lib\libpic32.a(vector18.o)
                0x9d01f440                __vector_dispatch_18
                0x00000001                ASSERT (((_vector_spacing == 0x0) || (SIZEOF (.vector_18) <= (_vector_spacing << 0x5))), function at exception vector 18 too large)

.vector_19      0x9d01f460        0x8
 *(.vector_19)
 .vector_19     0x9d01f460        0x8 c:/program files (x86)/microchip/xc32/v1.40/bin/bin/../../lib/gcc/pic32mx/4.8.3/../../../../pic32mx/lib\libpic32.a(vector19.o)
                0x9d01f460                __vector_dispatch_19
                0x00000001                ASSERT (((_vector_spacing == 0x0) || (SIZEOF (.vector_19) <= (_vector_spacing << 0x5))), function at exception vector 19 too large)

.vector_20      0x9d01f480        0x8
 *(.vector_20)
 .vector_20     0x9d01f480        0x8 c:/program files (x86)/microchip/xc32/v1.40/bin/bin/../../lib/gcc/pic32mx/4.8.3/../../../../pic32mx/lib\libpic32.a(vector20.o)
                0x9d01f480                __vector_dispatch_20
                0x00000001                ASSERT (((_vector_spacing == 0x0) || (SIZEOF (.vector_20) <= (_vector_spacing << 0x5))), function at exception vector 20 too large)

.vector_21      0x9d01f4a0        0x8
 *(.vector_21)
 .vector_21     0x9d01f4a0        0x8 c:/program files (x86)/microchip/xc32/v1.40/bin/bin/../../lib/gcc/pic32mx/4.8.3/../../../../pic32mx/lib\libpic32.a(vector21.o)
                0x9d01f4a0                __vector_dispatch_21
                0x00000001                ASSERT (((_vector_spacing == 0x0) || (SIZEOF (.vector_21) <= (_vector_spacing << 0x5))), function at exception vector 21 too large)

.vector_22      0x9d01f4c0        0x8
 *(.vector_22)
 .vector_22     0x9d01f4c0        0x8 c:/program files (x86)/microchip/xc32/v1.40/bin/bin/../../lib/gcc/pic32mx/4.8.3/../../../../pic32mx/lib\libpic32.a(vector22.o)
                0x9d01f4c0                __vector_dispatch_22
                0x00000001                ASSERT (((_vector_spacing == 0x0) || (SIZEOF (.vector_22) <= (_vector_spacing << 0x5))), function at exception vector 22 too large)

.vector_23      0x9d01f4e0        0x8
 *(.vector_23)
 .vector_23     0x9d01f4e0        0x8 c:/program files (x86)/microchip/xc32/v1.40/bin/bin/../../lib/gcc/pic32mx/4.8.3/../../../../pic32mx/lib\libpic32.a(vector23.o)
                0x9d01f4e0                __vector_dispatch_23
                0x00000001                ASSERT (((_vector_spacing == 0x0) || (SIZEOF (.vector_23) <= (_vector_spacing << 0x5))), function at exception vector 23 too large)

.vector_24      0x9d01f500        0x8
 *(.vector_24)
 .vector_24     0x9d01f500        0x8 c:/program files (x86)/microchip/xc32/v1.40/bin/bin/../../lib/gcc/pic32mx/4.8.3/../../../../pic32mx/lib\libpic32.a(vector24.o)
                0x9d01f500                __vector_dispatch_24
                0x00000001                ASSERT (((_vector_spacing == 0x0) || (SIZEOF (.vector_24) <= (_vector_spacing << 0x5))), function at exception vector 24 too large)

.vector_25      0x9d01f520        0x8
 *(.vector_25)
 .vector_25     0x9d01f520        0x8 c:/program files (x86)/microchip/xc32/v1.40/bin/bin/../../lib/gcc/pic32mx/4.8.3/../../../../pic32mx/lib\libpic32.a(vector25.o)
                0x9d01f520                __vector_dispatch_25
                0x00000001                ASSERT (((_vector_spacing == 0x0) || (SIZEOF (.vector_25) <= (_vector_spacing << 0x5))), function at exception vector 25 too large)

.vector_26      0x9d01f540        0x8
 *(.vector_26)
 .vector_26     0x9d01f540        0x8 c:/program files (x86)/microchip/xc32/v1.40/bin/bin/../../lib/gcc/pic32mx/4.8.3/../../../../pic32mx/lib\libpic32.a(vector26.o)
                0x9d01f540                __vector_dispatch_26
                0x00000001                ASSERT (((_vector_spacing == 0x0) || (SIZEOF (.vector_26) <= (_vector_spacing << 0x5))), function at exception vector 26 too large)

.vector_27      0x9d01f560        0x8
 *(.vector_27)
 .vector_27     0x9d01f560        0x8 c:/program files (x86)/microchip/xc32/v1.40/bin/bin/../../lib/gcc/pic32mx/4.8.3/../../../../pic32mx/lib\libpic32.a(vector27.o)
                0x9d01f560                __vector_dispatch_27
                0x00000001                ASSERT (((_vector_spacing == 0x0) || (SIZEOF (.vector_27) <= (_vector_spacing << 0x5))), function at exception vector 27 too large)

.vector_28      0x9d01f580        0x8
 *(.vector_28)
 .vector_28     0x9d01f580        0x8 c:/program files (x86)/microchip/xc32/v1.40/bin/bin/../../lib/gcc/pic32mx/4.8.3/../../../../pic32mx/lib\libpic32.a(vector28.o)
                0x9d01f580                __vector_dispatch_28
                0x00000001                ASSERT (((_vector_spacing == 0x0) || (SIZEOF (.vector_28) <= (_vector_spacing << 0x5))), function at exception vector 28 too large)

.vector_29      0x9d01f5a0        0x8
 *(.vector_29)
 .vector_29     0x9d01f5a0        0x8 c:/program files (x86)/microchip/xc32/v1.40/bin/bin/../../lib/gcc/pic32mx/4.8.3/../../../../pic32mx/lib\libpic32.a(vector29.o)
                0x9d01f5a0                __vector_dispatch_29
                0x00000001                ASSERT (((_vector_spacing == 0x0) || (SIZEOF (.vector_29) <= (_vector_spacing << 0x5))), function at exception vector 29 too large)

.vector_30      0x9d01f5c0        0x8
 *(.vector_30)
 .vector_30     0x9d01f5c0        0x8 build/default/production/_ext/1688732426/system_interrupt.o
                0x9d01f5c0                __vector_dispatch_30
                0x00000001                ASSERT (((_vector_spacing == 0x0) || (SIZEOF (.vector_30) <= (_vector_spacing << 0x5))), function at exception vector 30 too large)

.vector_31      0x9d01f5e0        0x8
 *(.vector_31)
 .vector_31     0x9d01f5e0        0x8 c:/program files (x86)/microchip/xc32/v1.40/bin/bin/../../lib/gcc/pic32mx/4.8.3/../../../../pic32mx/lib\libpic32.a(vector31.o)
                0x9d01f5e0                __vector_dispatch_31
                0x00000001                ASSERT (((_vector_spacing == 0x0) || (SIZEOF (.vector_31) <= (_vector_spacing << 0x5))), function at exception vector 31 too large)

.vector_32      0x9d01f600        0x8
 *(.vector_32)
 .vector_32     0x9d01f600        0x8 c:/program files (x86)/microchip/xc32/v1.40/bin/bin/../../lib/gcc/pic32mx/4.8.3/../../../../pic32mx/lib\libpic32.a(vector32.o)
                0x9d01f600                __vector_dispatch_32
                0x00000001                ASSERT (((_vector_spacing == 0x0) || (SIZEOF (.vector_32) <= (_vector_spacing << 0x5))), function at exception vector 32 too large)

.vector_33      0x9d01f620        0x8
 *(.vector_33)
 .vector_33     0x9d01f620        0x8 c:/program files (x86)/microchip/xc32/v1.40/bin/bin/../../lib/gcc/pic32mx/4.8.3/../../../../pic32mx/lib\libpic32.a(vector33.o)
                0x9d01f620                __vector_dispatch_33
                0x00000001                ASSERT (((_vector_spacing == 0x0) || (SIZEOF (.vector_33) <= (_vector_spacing << 0x5))), function at exception vector 33 too large)

.vector_34      0x9d01f640        0x8
 *(.vector_34)
 .vector_34     0x9d01f640        0x8 c:/program files (x86)/microchip/xc32/v1.40/bin/bin/../../lib/gcc/pic32mx/4.8.3/../../../../pic32mx/lib\libpic32.a(vector34.o)
                0x9d01f640                __vector_dispatch_34
                0x00000001                ASSERT (((_vector_spacing == 0x0) || (SIZEOF (.vector_34) <= (_vector_spacing << 0x5))), function at exception vector 34 too large)

.vector_35      0x9d01f660        0x8
 *(.vector_35)
 .vector_35     0x9d01f660        0x8 c:/program files (x86)/microchip/xc32/v1.40/bin/bin/../../lib/gcc/pic32mx/4.8.3/../../../../pic32mx/lib\libpic32.a(vector35.o)
                0x9d01f660                __vector_dispatch_35
                0x00000001                ASSERT (((_vector_spacing == 0x0) || (SIZEOF (.vector_35) <= (_vector_spacing << 0x5))), function at exception vector 35 too large)

.vector_36      0x9d01f680        0x8
 *(.vector_36)
 .vector_36     0x9d01f680        0x8 c:/program files (x86)/microchip/xc32/v1.40/bin/bin/../../lib/gcc/pic32mx/4.8.3/../../../../pic32mx/lib\libpic32.a(vector36.o)
                0x9d01f680                __vector_dispatch_36
                0x00000001                ASSERT (((_vector_spacing == 0x0) || (SIZEOF (.vector_36) <= (_vector_spacing << 0x5))), function at exception vector 36 too large)

.vector_37      0x9d01f6a0        0x8
 *(.vector_37)
 .vector_37     0x9d01f6a0        0x8 c:/program files (x86)/microchip/xc32/v1.40/bin/bin/../../lib/gcc/pic32mx/4.8.3/../../../../pic32mx/lib\libpic32.a(vector37.o)
                0x9d01f6a0                __vector_dispatch_37
                0x00000001                ASSERT (((_vector_spacing == 0x0) || (SIZEOF (.vector_37) <= (_vector_spacing << 0x5))), function at exception vector 37 too large)

.vector_38      0x9d01f6c0        0x8
 *(.vector_38)
 .vector_38     0x9d01f6c0        0x8 c:/program files (x86)/microchip/xc32/v1.40/bin/bin/../../lib/gcc/pic32mx/4.8.3/../../../../pic32mx/lib\libpic32.a(vector38.o)
                0x9d01f6c0                __vector_dispatch_38
                0x00000001                ASSERT (((_vector_spacing == 0x0) || (SIZEOF (.vector_38) <= (_vector_spacing << 0x5))), function at exception vector 38 too large)

.vector_39      0x9d01f6e0        0x8
 *(.vector_39)
 .vector_39     0x9d01f6e0        0x8 c:/program files (x86)/microchip/xc32/v1.40/bin/bin/../../lib/gcc/pic32mx/4.8.3/../../../../pic32mx/lib\libpic32.a(vector39.o)
                0x9d01f6e0                __vector_dispatch_39
                0x00000001                ASSERT (((_vector_spacing == 0x0) || (SIZEOF (.vector_39) <= (_vector_spacing << 0x5))), function at exception vector 39 too large)

.vector_40      0x9d01f700        0x8
 *(.vector_40)
 .vector_40     0x9d01f700        0x8 c:/program files (x86)/microchip/xc32/v1.40/bin/bin/../../lib/gcc/pic32mx/4.8.3/../../../../pic32mx/lib\libpic32.a(vector40.o)
                0x9d01f700                __vector_dispatch_40
                0x00000001                ASSERT (((_vector_spacing == 0x0) || (SIZEOF (.vector_40) <= (_vector_spacing << 0x5))), function at exception vector 40 too large)

.vector_41      0x9d01f720        0x8
 *(.vector_41)
 .vector_41     0x9d01f720        0x8 c:/program files (x86)/microchip/xc32/v1.40/bin/bin/../../lib/gcc/pic32mx/4.8.3/../../../../pic32mx/lib\libpic32.a(vector41.o)
                0x9d01f720                __vector_dispatch_41
                0x00000001                ASSERT (((_vector_spacing == 0x0) || (SIZEOF (.vector_41) <= (_vector_spacing << 0x5))), function at exception vector 41 too large)

.vector_42      0x9d01f740        0x8
 *(.vector_42)
 .vector_42     0x9d01f740        0x8 c:/program files (x86)/microchip/xc32/v1.40/bin/bin/../../lib/gcc/pic32mx/4.8.3/../../../../pic32mx/lib\libpic32.a(vector42.o)
                0x9d01f740                __vector_dispatch_42
                0x00000001                ASSERT (((_vector_spacing == 0x0) || (SIZEOF (.vector_42) <= (_vector_spacing << 0x5))), function at exception vector 42 too large)

.vector_43      0x9d01f760        0x8
 *(.vector_43)
 .vector_43     0x9d01f760        0x8 c:/program files (x86)/microchip/xc32/v1.40/bin/bin/../../lib/gcc/pic32mx/4.8.3/../../../../pic32mx/lib\libpic32.a(vector43.o)
                0x9d01f760                __vector_dispatch_43
                0x00000001                ASSERT (((_vector_spacing == 0x0) || (SIZEOF (.vector_43) <= (_vector_spacing << 0x5))), function at exception vector 43 too large)

.vector_44      0x9d01f780        0x0
 *(.vector_44)
                0x00000001                ASSERT (((_vector_spacing == 0x0) || (SIZEOF (.vector_44) <= (_vector_spacing << 0x5))), function at exception vector 44 too large)

.vector_45      0x9d01f7a0        0x0
 *(.vector_45)
                0x00000001                ASSERT (((_vector_spacing == 0x0) || (SIZEOF (.vector_45) <= (_vector_spacing << 0x5))), function at exception vector 45 too large)

.vector_46      0x9d01f7c0        0x0
 *(.vector_46)
                0x00000001                ASSERT (((_vector_spacing == 0x0) || (SIZEOF (.vector_46) <= (_vector_spacing << 0x5))), function at exception vector 46 too large)

.vector_47      0x9d01f7e0        0x0
 *(.vector_47)
                0x00000001                ASSERT (((_vector_spacing == 0x0) || (SIZEOF (.vector_47) <= (_vector_spacing << 0x5))), function at exception vector 47 too large)

.vector_48      0x9d01f800        0x0
 *(.vector_48)
                0x00000001                ASSERT (((_vector_spacing == 0x0) || (SIZEOF (.vector_48) <= (_vector_spacing << 0x5))), function at exception vector 48 too large)

.vector_49      0x9d01f820        0x0
 *(.vector_49)
                0x00000001                ASSERT (((_vector_spacing == 0x0) || (SIZEOF (.vector_49) <= (_vector_spacing << 0x5))), function at exception vector 49 too large)

.vector_50      0x9d01f840        0x0
 *(.vector_50)
                0x00000001                ASSERT (((_vector_spacing == 0x0) || (SIZEOF (.vector_50) <= (_vector_spacing << 0x5))), function at exception vector 50 too large)

.vector_51      0x9d01f860        0x0
 *(.vector_51)
                0x00000001                ASSERT (((_vector_spacing == 0x0) || (SIZEOF (.vector_51) <= (_vector_spacing << 0x5))), function at exception vector 51 too large)

.vector_52      0x9d01f880        0x0
 *(.vector_52)
                0x00000001                ASSERT (((_vector_spacing == 0x0) || (SIZEOF (.vector_52) <= (_vector_spacing << 0x5))), function at exception vector 52 too large)

.vector_53      0x9d01f8a0        0x0
 *(.vector_53)
                0x00000001                ASSERT (((_vector_spacing == 0x0) || (SIZEOF (.vector_53) <= (_vector_spacing << 0x5))), function at exception vector 53 too large)

.vector_54      0x9d01f8c0        0x0
 *(.vector_54)
                0x00000001                ASSERT (((_vector_spacing == 0x0) || (SIZEOF (.vector_54) <= (_vector_spacing << 0x5))), function at exception vector 54 too large)

.vector_55      0x9d01f8e0        0x0
 *(.vector_55)
                0x00000001                ASSERT (((_vector_spacing == 0x0) || (SIZEOF (.vector_55) <= (_vector_spacing << 0x5))), function at exception vector 55 too large)

.vector_56      0x9d01f900        0x0
 *(.vector_56)
                0x00000001                ASSERT (((_vector_spacing == 0x0) || (SIZEOF (.vector_56) <= (_vector_spacing << 0x5))), function at exception vector 56 too large)

.vector_57      0x9d01f920        0x0
 *(.vector_57)
                0x00000001                ASSERT (((_vector_spacing == 0x0) || (SIZEOF (.vector_57) <= (_vector_spacing << 0x5))), function at exception vector 57 too large)

.vector_58      0x9d01f940        0x0
 *(.vector_58)
                0x00000001                ASSERT (((_vector_spacing == 0x0) || (SIZEOF (.vector_58) <= (_vector_spacing << 0x5))), function at exception vector 58 too large)

.vector_59      0x9d01f960        0x0
 *(.vector_59)
                0x00000001                ASSERT (((_vector_spacing == 0x0) || (SIZEOF (.vector_59) <= (_vector_spacing << 0x5))), function at exception vector 59 too large)

.vector_60      0x9d01f980        0x0
 *(.vector_60)
                0x00000001                ASSERT (((_vector_spacing == 0x0) || (SIZEOF (.vector_60) <= (_vector_spacing << 0x5))), function at exception vector 60 too large)

.vector_61      0x9d01f9a0        0x0
 *(.vector_61)
                0x00000001                ASSERT (((_vector_spacing == 0x0) || (SIZEOF (.vector_61) <= (_vector_spacing << 0x5))), function at exception vector 61 too large)

.vector_62      0x9d01f9c0        0x0
 *(.vector_62)
                0x00000001                ASSERT (((_vector_spacing == 0x0) || (SIZEOF (.vector_62) <= (_vector_spacing << 0x5))), function at exception vector 62 too large)

.vector_63      0x9d01f9e0        0x0
 *(.vector_63)
                0x00000001                ASSERT (((_vector_spacing == 0x0) || (SIZEOF (.vector_63) <= (_vector_spacing << 0x5))), function at exception vector 63 too large)

.startup
 *(.startup)

.text           0x9d000000        0x0
 *(.stub .gnu.linkonce.t.*)
 *(.text.*personality*)
 *(.mips16.fn.*)
 *(.mips16.call.*)
 *(.gnu.warning)
                0x9d000000                . = ALIGN (0x4)

.init           0x9d000000        0x0
 *crti.o(.init)
 *crtbegin.o(.init)
 *(EXCLUDE_FILE(*crtn.o *crtend?.o *crtend.o) .init)
 *crtend.o(.init)
 *crtn.o(.init)
                0x9d000000                . = ALIGN (0x4)

.fini           0x9d000000        0x0
 *(.fini)
                0x9d000000                . = ALIGN (0x4)

.preinit_array  0x9d000000        0x0
                0x9d000000                PROVIDE (__preinit_array_start, .)
 *(.preinit_array)
                0x9d000000                PROVIDE (__preinit_array_end, .)
                0x9d000000                . = ALIGN (0x4)

.init_array     0x9d000000        0x0
                0x9d000000                PROVIDE (__init_array_start, .)
 *(SORT(.init_array.*))
 *(.init_array)
                0x9d000000                PROVIDE (__init_array_end, .)
                0x9d000000                . = ALIGN (0x4)

.fini_array     0x9d000000        0x0
                0x9d000000                PROVIDE (__fini_array_start, .)
 *(SORT(.fini_array.*))
 *(.fini_array)
                0x9d000000                PROVIDE (__fini_array_end, .)
                0x9d000000                . = ALIGN (0x4)

.ctors          0x9d000000        0x0
 *crtbegin.o(.ctors)
 *crtbegin?.o(.ctors)
 *(EXCLUDE_FILE(*crtend?.o *crtend.o) .ctors)
 *(SORT(.ctors.*))
 *(.ctors)
                0x9d000000                . = ALIGN (0x4)

.dtors          0x9d000000        0x0
 *crtbegin.o(.dtors)
 *crtbegin?.o(.dtors)
 *(EXCLUDE_FILE(*crtend?.o *crtend.o) .dtors)
 *(SORT(.dtors.*))
 *(.dtors)
                0x9d000000                . = ALIGN (0x4)

.rodata         0x9d000000        0x0
 *(.gnu.linkonce.r.*)
 *(.rodata1)
                0x9d000000                . = ALIGN (0x4)

.sdata2         0x9fc00490        0x0
 *(.sdata2 .sdata2.* .gnu.linkonce.s2.*)
                0x9fc00490                . = ALIGN (0x4)

.sbss2          0x9fc00490        0x0
 *(.sbss2 .sbss2.* .gnu.linkonce.sb2.*)
                0x9fc00490                . = ALIGN (0x4)

.eh_frame_hdr
 *(.eh_frame_hdr)
                0x9fc00490                . = ALIGN (0x4)

.eh_frame
 *(.eh_frame)
                0x9fc00490                . = ALIGN (0x4)

.gcc_except_table
 *(.gcc_except_table .gcc_except_table.*)
                0x9fc00490                . = ALIGN (0x4)

.dbg_data       0xa0000000        0x0
                0xa0000000                . = (. + DEFINED (_DEBUGGER)?0x200:0x0)

.jcr            0xa0000000        0x0
 *(.jcr)
                0xa0000000                . = ALIGN (0x4)

.eh_frame
 *(.eh_frame)
                0xa0000000                . = ALIGN (0x4)

.gcc_except_table
 *(.gcc_except_table .gcc_except_table.*)
                0xa0000000                . = ALIGN (0x4)

.persist        0xa0000000        0x0
                0xa0000000                _persist_begin = .
 *(.persist .persist.*)
 *(.pbss .pbss.*)
                0xa0000000                . = ALIGN (0x4)
                0xa0000000                _persist_end = .

.data           0xa0000000        0x0
 *(.gnu.linkonce.d.*)
 *(.data1)
                0xa0000000                . = ALIGN (0x4)
                0xa0000000                . = .
                0xa0007ff0                _gp = (ALIGN (0x10) + 0x7ff0)

.got            0xa0000000        0x0
 *(.got.plt)
 *(.got)
                0xa0000000                . = ALIGN (0x4)

.sdata          0xa0000000        0x0
                0xa0000000                _sdata_begin = .
 *(.sdata .sdata.* .gnu.linkonce.s.*)
                0xa0000000                . = ALIGN (0x4)
                0xa0000000                _sdata_end = .

.lit8
 *(.lit8)

.lit4
 *(.lit4)
                0xa0000000                . = ALIGN (0x4)
                0xa0000000                _data_end = .
                0xa0000000                _bss_begin = .

.sbss           0xa0000000       0x18
                0xa0000000                _sbss_begin = .
 *(.dynsbss)
 *(.sbss .sbss.* .gnu.linkonce.sb.*)
 .sbss          0xa0000000        0xc build/default/production/_ext/1688732426/system_exceptions.o
 *(.scommon)
 .scommon       0xa000000c        0x8 build/default/production/_ext/970121791/sys_devcon.o
                0xa000000c                sysDevconObj
 .scommon       0xa0000014        0x2 build/default/production/_ext/2062143110/usb_device_cdc.o
                0xa0000014                gUSBDeviceCdcCommonDataObj
 *fill*         0xa0000016        0x2 
 .scommon       0xa0000018        0x0 build/default/production/_ext/327000265/drv_usart_static.o
                0xa0000018                gDrvUSART0Obj
                0xa0000018                _sbss_end = .
                0xa0000018                . = ALIGN (0x4)

.bss            0xa0000200      0x270
 *(.dynbss)
 *(COMMON)
 COMMON         0xa0000200       0x74 build/default/production/_ext/1360937237/app.o
                0xa0000200                readBuffer
                0xa0000240                appData
 COMMON         0xa0000274       0xc8 build/default/production/_ext/1890687111/drv_usbfs.o
                0xa0000274                gDrvUSBGroup
 COMMON         0xa000033c       0xac build/default/production/_ext/2062143110/usb_device_cdc.o
                0xa000033c                gUSBDeviceCDCIRP
                0xa00003a8                gUSBDeviceCDCInstance
 *fill*         0xa00003e8       0x18 
 COMMON         0xa0000400       0x70 build/default/production/_ext/1688732426/system_init.o
                0xa0000400                endPointTable
                0xa0000460                sysObj
                0xa0000470                . = ALIGN ((. != 0x0)?0x4:0x1)
                0xa0000470                . = ALIGN (0x4)
                0xa0000470                _end = .
                0xa0000470                _bss_end = .
                0x00008000                _bmxdudba_address = 0x8000
                0x00008000                _bmxdupba_address = 0x8000

/DISCARD/
 *(.pdr)
 *(.rel.dyn)
 *(.note.GNU-stack)
 *(.note.GNU-stack)
 *(.gnu_debuglink)
 *(.gnu.lto_*)
 *(.discard)

.gptab.sdata
 *(.gptab.data)
 *(.gptab.sdata)

.gptab.sbss
 *(.gptab.bss)
 *(.gptab.sbss)

.mdebug.abi32   0xa0000470        0x0
 *(.mdebug.abi32)
 .mdebug.abi32  0xa0000470        0x0 build/default/production/_ext/1360937237/app.o
 .mdebug.abi32  0xa0000470        0x0 build/default/production/_ext/1360937237/main.o
 .mdebug.abi32  0xa0000470        0x0 build/default/production/_ext/970121791/sys_devcon.o
 .mdebug.abi32  0xa0000470        0x0 build/default/production/_ext/970121791/sys_devcon_pic32mx.o
 .mdebug.abi32  0xa0000470        0x0 build/default/production/_ext/622283577/sys_int_pic32.o
 .mdebug.abi32  0xa0000470        0x0 build/default/production/_ext/1159894698/sys_ports.o
 .mdebug.abi32  0xa0000470        0x0 build/default/production/_ext/1890687111/drv_usbfs.o
 .mdebug.abi32  0xa0000470        0x0 build/default/production/_ext/2062143110/usb_device.o
 .mdebug.abi32  0xa0000470        0x0 build/default/production/_ext/1890687111/drv_usbfs_device.o
 .mdebug.abi32  0xa0000470        0x0 build/default/production/_ext/2062143110/usb_device_cdc.o
 .mdebug.abi32  0xa0000470        0x0 build/default/production/_ext/2062143110/usb_device_cdc_acm.o
 .mdebug.abi32  0xa0000470        0x0 build/default/production/_ext/327000265/drv_usart_mapping.o
 .mdebug.abi32  0xa0000470        0x0 build/default/production/_ext/327000265/drv_usart_static.o
 .mdebug.abi32  0xa0000470        0x0 build/default/production/_ext/327000265/drv_usart_static_byte_model.o
 .mdebug.abi32  0xa0000470        0x0 build/default/production/_ext/639803181/sys_clk_static.o
 .mdebug.abi32  0xa0000470        0x0 build/default/production/_ext/822048611/sys_ports_static.o
 .mdebug.abi32  0xa0000470        0x0 build/default/production/_ext/1688732426/system_init.o
 .mdebug.abi32  0xa0000470        0x0 build/default/production/_ext/1688732426/system_interrupt.o
 .mdebug.abi32  0xa0000470        0x0 build/default/production/_ext/1688732426/system_exceptions.o
 .mdebug.abi32  0xa0000470        0x0 build/default/production/_ext/1688732426/system_tasks.o
 .mdebug.abi32  0xa0000470        0x0 c:/program files (x86)/microchip/xc32/v1.40/bin/bin/../../lib/gcc/pic32mx/4.8.3/../../../../pic32mx/lib\libpic32.a(default-bootstrap-exception-handler.o)
 .mdebug.abi32  0xa0000470        0x0 c:/program files (x86)/microchip/xc32/v1.40/bin/bin/../../lib/gcc/pic32mx/4.8.3/../../../../pic32mx/lib\libpic32.a(default-on-reset.o)
 .mdebug.abi32  0xa0000470        0x0 c:/program files (x86)/microchip/xc32/v1.40/bin/bin/../../lib/gcc/pic32mx/4.8.3/../../../../pic32mx/lib\libpic32.a(default-on-bootstrap.o)
 .mdebug.abi32  0xa0000470        0x0 c:/program files (x86)/microchip/xc32/v1.40/bin/bin/../../lib/gcc/pic32mx/4.8.3/../../../../pic32mx/lib\libpic32.a(defaultinterrupt.o)

.mdebug.abiN32
 *(.mdebug.abiN32)

.mdebug.abi64
 *(.mdebug.abi64)

.mdebug.abiO64
 *(.mdebug.abiO64)

.mdebug.eabi32
 *(.mdebug.eabi32)

.mdebug.eabi64
 *(.mdebug.eabi64)

.gcc_compiled_long32
 *(.gcc_compiled_long32)

.gcc_compiled_long64
 *(.gcc_compiled_long64)

.stab
 *(.stab)

.stabstr
 *(.stabstr)

.stab.excl
 *(.stab.excl)

.stab.exclstr
 *(.stab.exclstr)

.stab.index
 *(.stab.index)

.stab.indexstr
 *(.stab.indexstr)

.comment        0x00000000       0x3c
 *(.comment)
 .comment       0x00000000       0x3c build/default/production/_ext/1360937237/app.o
                                 0x3d (size before relaxing)
 .comment       0x00000000       0x3d build/default/production/_ext/1360937237/main.o
 .comment       0x00000000       0x3d build/default/production/_ext/970121791/sys_devcon.o
 .comment       0x00000000       0x3d build/default/production/_ext/970121791/sys_devcon_pic32mx.o
 .comment       0x00000000       0x3d build/default/production/_ext/622283577/sys_int_pic32.o
 .comment       0x00000000       0x3d build/default/production/_ext/1159894698/sys_ports.o
 .comment       0x00000000       0x3d build/default/production/_ext/1890687111/drv_usbfs.o
 .comment       0x00000000       0x3d build/default/production/_ext/2062143110/usb_device.o
 .comment       0x00000000       0x3d build/default/production/_ext/1890687111/drv_usbfs_device.o
 .comment       0x00000000       0x3d build/default/production/_ext/2062143110/usb_device_cdc.o
 .comment       0x00000000       0x3d build/default/production/_ext/2062143110/usb_device_cdc_acm.o
 .comment       0x00000000       0x3d build/default/production/_ext/327000265/drv_usart_mapping.o
 .comment       0x00000000       0x3d build/default/production/_ext/327000265/drv_usart_static.o
 .comment       0x00000000       0x3d build/default/production/_ext/327000265/drv_usart_static_byte_model.o
 .comment       0x00000000       0x3d build/default/production/_ext/639803181/sys_clk_static.o
 .comment       0x00000000       0x3d build/default/production/_ext/822048611/sys_ports_static.o
 .comment       0x00000000       0x3d build/default/production/_ext/1688732426/system_init.o
 .comment       0x00000000       0x3d build/default/production/_ext/1688732426/system_interrupt.o
 .comment       0x00000000       0x3d build/default/production/_ext/1688732426/system_exceptions.o
 .comment       0x00000000       0x3d build/default/production/_ext/1688732426/system_tasks.o
 .comment       0x00000000       0x3d c:/program files (x86)/microchip/xc32/v1.40/bin/bin/../../lib/gcc/pic32mx/4.8.3/../../../../pic32mx/lib\libpic32.a(default-bootstrap-exception-handler.o)
 .comment       0x00000000       0x3d c:/program files (x86)/microchip/xc32/v1.40/bin/bin/../../lib/gcc/pic32mx/4.8.3/../../../../pic32mx/lib\libpic32.a(default-on-reset.o)
 .comment       0x00000000       0x3d c:/program files (x86)/microchip/xc32/v1.40/bin/bin/../../lib/gcc/pic32mx/4.8.3/../../../../pic32mx/lib\libpic32.a(default-on-bootstrap.o)
 .comment       0x00000000       0x3d c:/program files (x86)/microchip/xc32/v1.40/bin/bin/../../lib/gcc/pic32mx/4.8.3/../../../../pic32mx/lib\libpic32.a(defaultinterrupt.o)

.debug
 *(.debug)

.line
 *(.line)

.debug_srcinfo
 *(.debug_srcinfo)

.debug_sfnames
 *(.debug_sfnames)

.debug_aranges  0x00000000      0x828
 *(.debug_aranges)
 .debug_aranges
                0x00000000       0x48 build/default/production/_ext/1360937237/app.o
 .debug_aranges
                0x00000048       0x20 build/default/production/_ext/1360937237/main.o
 .debug_aranges
                0x00000068       0x78 build/default/production/_ext/970121791/sys_devcon.o
 .debug_aranges
                0x000000e0       0x20 build/default/production/_ext/970121791/sys_devcon_pic32mx.o
 .debug_aranges
                0x00000100       0x48 build/default/production/_ext/622283577/sys_int_pic32.o
 .debug_aranges
                0x00000148      0x100 build/default/production/_ext/1159894698/sys_ports.o
 .debug_aranges
                0x00000248       0x70 build/default/production/_ext/1890687111/drv_usbfs.o
 .debug_aranges
                0x000002b8      0x150 build/default/production/_ext/2062143110/usb_device.o
 .debug_aranges
                0x00000408       0xb8 build/default/production/_ext/1890687111/drv_usbfs_device.o
 .debug_aranges
                0x000004c0       0x88 build/default/production/_ext/2062143110/usb_device_cdc.o
 .debug_aranges
                0x00000548       0x20 build/default/production/_ext/2062143110/usb_device_cdc_acm.o
 .debug_aranges
                0x00000568       0xa8 build/default/production/_ext/327000265/drv_usart_mapping.o
 .debug_aranges
                0x00000610       0x60 build/default/production/_ext/327000265/drv_usart_static.o
 .debug_aranges
                0x00000670       0x48 build/default/production/_ext/327000265/drv_usart_static_byte_model.o
 .debug_aranges
                0x000006b8       0x50 build/default/production/_ext/639803181/sys_clk_static.o
 .debug_aranges
                0x00000708       0x20 build/default/production/_ext/822048611/sys_ports_static.o
 .debug_aranges
                0x00000728       0x20 build/default/production/_ext/1688732426/system_init.o
 .debug_aranges
                0x00000748       0x20 build/default/production/_ext/1688732426/system_interrupt.o
 .debug_aranges
                0x00000768       0x20 build/default/production/_ext/1688732426/system_exceptions.o
 .debug_aranges
                0x00000788       0x20 build/default/production/_ext/1688732426/system_tasks.o
 .debug_aranges
                0x000007a8       0x20 c:/program files (x86)/microchip/xc32/v1.40/bin/bin/../../lib/gcc/pic32mx/4.8.3/../../../../pic32mx/lib\libpic32.a(default-bootstrap-exception-handler.o)
 .debug_aranges
                0x000007c8       0x20 c:/program files (x86)/microchip/xc32/v1.40/bin/bin/../../lib/gcc/pic32mx/4.8.3/../../../../pic32mx/lib\libpic32.a(default-on-reset.o)
 .debug_aranges
                0x000007e8       0x20 c:/program files (x86)/microchip/xc32/v1.40/bin/bin/../../lib/gcc/pic32mx/4.8.3/../../../../pic32mx/lib\libpic32.a(default-on-bootstrap.o)
 .debug_aranges
                0x00000808       0x20 c:/program files (x86)/microchip/xc32/v1.40/bin/bin/../../lib/gcc/pic32mx/4.8.3/../../../../pic32mx/lib\libpic32.a(defaultinterrupt.o)

.debug_pubnames
 *(.debug_pubnames)

.debug_info     0x00000000    0x30fa9
 *(.debug_info .gnu.linkonce.wi.*)
 .debug_info    0x00000000     0x4443 build/default/production/_ext/1360937237/app.o
 .debug_info    0x00004443      0x1cb build/default/production/_ext/1360937237/main.o
 .debug_info    0x0000460e      0xf89 build/default/production/_ext/970121791/sys_devcon.o
 .debug_info    0x00005597      0x799 build/default/production/_ext/970121791/sys_devcon_pic32mx.o
 .debug_info    0x00005d30     0x12dd build/default/production/_ext/622283577/sys_int_pic32.o
 .debug_info    0x0000700d     0x3bfa build/default/production/_ext/1159894698/sys_ports.o
 .debug_info    0x0000ac07     0x362a build/default/production/_ext/1890687111/drv_usbfs.o
 .debug_info    0x0000e231     0x51f3 build/default/production/_ext/2062143110/usb_device.o
 .debug_info    0x00013424     0x6368 build/default/production/_ext/1890687111/drv_usbfs_device.o
 .debug_info    0x0001978c     0x4b6f build/default/production/_ext/2062143110/usb_device_cdc.o
 .debug_info    0x0001e2fb     0x12d3 build/default/production/_ext/2062143110/usb_device_cdc_acm.o
 .debug_info    0x0001f5ce     0x1cbf build/default/production/_ext/327000265/drv_usart_mapping.o
 .debug_info    0x0002128d     0x30a5 build/default/production/_ext/327000265/drv_usart_static.o
 .debug_info    0x00024332     0x1432 build/default/production/_ext/327000265/drv_usart_static_byte_model.o
 .debug_info    0x00025764     0x1c9c build/default/production/_ext/639803181/sys_clk_static.o
 .debug_info    0x00027400     0x16eb build/default/production/_ext/822048611/sys_ports_static.o
 .debug_info    0x00028aeb     0x4f8e build/default/production/_ext/1688732426/system_init.o
 .debug_info    0x0002da79      0xde5 build/default/production/_ext/1688732426/system_interrupt.o
 .debug_info    0x0002e85e     0x153a build/default/production/_ext/1688732426/system_exceptions.o
 .debug_info    0x0002fd98      0xed5 build/default/production/_ext/1688732426/system_tasks.o
 .debug_info    0x00030c6d       0xe3 c:/program files (x86)/microchip/xc32/v1.40/bin/bin/../../lib/gcc/pic32mx/4.8.3/../../../../pic32mx/lib\libpic32.a(default-bootstrap-exception-handler.o)
 .debug_info    0x00030d50       0xbd c:/program files (x86)/microchip/xc32/v1.40/bin/bin/../../lib/gcc/pic32mx/4.8.3/../../../../pic32mx/lib\libpic32.a(default-on-reset.o)
 .debug_info    0x00030e0d       0xc5 c:/program files (x86)/microchip/xc32/v1.40/bin/bin/../../lib/gcc/pic32mx/4.8.3/../../../../pic32mx/lib\libpic32.a(default-on-bootstrap.o)
 .debug_info    0x00030ed2       0xd7 c:/program files (x86)/microchip/xc32/v1.40/bin/bin/../../lib/gcc/pic32mx/4.8.3/../../../../pic32mx/lib\libpic32.a(defaultinterrupt.o)

.debug_abbrev   0x00000000     0x2f50
 *(.debug_abbrev)
 .debug_abbrev  0x00000000      0x3ba build/default/production/_ext/1360937237/app.o
 .debug_abbrev  0x000003ba       0x93 build/default/production/_ext/1360937237/main.o
 .debug_abbrev  0x0000044d      0x285 build/default/production/_ext/970121791/sys_devcon.o
 .debug_abbrev  0x000006d2      0x162 build/default/production/_ext/970121791/sys_devcon_pic32mx.o
 .debug_abbrev  0x00000834      0x1d0 build/default/production/_ext/622283577/sys_int_pic32.o
 .debug_abbrev  0x00000a04      0x22f build/default/production/_ext/1159894698/sys_ports.o
 .debug_abbrev  0x00000c33      0x436 build/default/production/_ext/1890687111/drv_usbfs.o
 .debug_abbrev  0x00001069      0x3ee build/default/production/_ext/2062143110/usb_device.o
 .debug_abbrev  0x00001457      0x485 build/default/production/_ext/1890687111/drv_usbfs_device.o
 .debug_abbrev  0x000018dc      0x450 build/default/production/_ext/2062143110/usb_device_cdc.o
 .debug_abbrev  0x00001d2c      0x1aa build/default/production/_ext/2062143110/usb_device_cdc_acm.o
 .debug_abbrev  0x00001ed6      0x216 build/default/production/_ext/327000265/drv_usart_mapping.o
 .debug_abbrev  0x000020ec      0x2de build/default/production/_ext/327000265/drv_usart_static.o
 .debug_abbrev  0x000023ca      0x1ae build/default/production/_ext/327000265/drv_usart_static_byte_model.o
 .debug_abbrev  0x00002578      0x27b build/default/production/_ext/639803181/sys_clk_static.o
 .debug_abbrev  0x000027f3      0x138 build/default/production/_ext/822048611/sys_ports_static.o
 .debug_abbrev  0x0000292b      0x363 build/default/production/_ext/1688732426/system_init.o
 .debug_abbrev  0x00002c8e       0xb0 build/default/production/_ext/1688732426/system_interrupt.o
 .debug_abbrev  0x00002d3e       0xaf build/default/production/_ext/1688732426/system_exceptions.o
 .debug_abbrev  0x00002ded       0xc3 build/default/production/_ext/1688732426/system_tasks.o
 .debug_abbrev  0x00002eb0       0x28 c:/program files (x86)/microchip/xc32/v1.40/bin/bin/../../lib/gcc/pic32mx/4.8.3/../../../../pic32mx/lib\libpic32.a(default-bootstrap-exception-handler.o)
 .debug_abbrev  0x00002ed8       0x28 c:/program files (x86)/microchip/xc32/v1.40/bin/bin/../../lib/gcc/pic32mx/4.8.3/../../../../pic32mx/lib\libpic32.a(default-on-reset.o)
 .debug_abbrev  0x00002f00       0x28 c:/program files (x86)/microchip/xc32/v1.40/bin/bin/../../lib/gcc/pic32mx/4.8.3/../../../../pic32mx/lib\libpic32.a(default-on-bootstrap.o)
 .debug_abbrev  0x00002f28       0x28 c:/program files (x86)/microchip/xc32/v1.40/bin/bin/../../lib/gcc/pic32mx/4.8.3/../../../../pic32mx/lib\libpic32.a(defaultinterrupt.o)

.debug_line     0x00000000     0x6c84
 *(.debug_line)
 .debug_line    0x00000000      0x5af build/default/production/_ext/1360937237/app.o
 .debug_line    0x000005af       0xd8 build/default/production/_ext/1360937237/main.o
 .debug_line    0x00000687      0x5bc build/default/production/_ext/970121791/sys_devcon.o
 .debug_line    0x00000c43      0x391 build/default/production/_ext/970121791/sys_devcon_pic32mx.o
 .debug_line    0x00000fd4      0x39e build/default/production/_ext/622283577/sys_int_pic32.o
 .debug_line    0x00001372      0x7af build/default/production/_ext/1159894698/sys_ports.o
 .debug_line    0x00001b21      0x8a1 build/default/production/_ext/1890687111/drv_usbfs.o
 .debug_line    0x000023c2      0x8e0 build/default/production/_ext/2062143110/usb_device.o
 .debug_line    0x00002ca2      0xe9b build/default/production/_ext/1890687111/drv_usbfs_device.o
 .debug_line    0x00003b3d      0x67f build/default/production/_ext/2062143110/usb_device_cdc.o
 .debug_line    0x000041bc      0x24b build/default/production/_ext/2062143110/usb_device_cdc_acm.o
 .debug_line    0x00004407      0x474 build/default/production/_ext/327000265/drv_usart_mapping.o
 .debug_line    0x0000487b      0x68b build/default/production/_ext/327000265/drv_usart_static.o
 .debug_line    0x00004f06      0x377 build/default/production/_ext/327000265/drv_usart_static_byte_model.o
 .debug_line    0x0000527d      0x48d build/default/production/_ext/639803181/sys_clk_static.o
 .debug_line    0x0000570a      0x44a build/default/production/_ext/822048611/sys_ports_static.o
 .debug_line    0x00005b54      0x7a1 build/default/production/_ext/1688732426/system_init.o
 .debug_line    0x000062f5      0x207 build/default/production/_ext/1688732426/system_interrupt.o
 .debug_line    0x000064fc      0x224 build/default/production/_ext/1688732426/system_exceptions.o
 .debug_line    0x00006720      0x32b build/default/production/_ext/1688732426/system_tasks.o
 .debug_line    0x00006a4b       0x97 c:/program files (x86)/microchip/xc32/v1.40/bin/bin/../../lib/gcc/pic32mx/4.8.3/../../../../pic32mx/lib\libpic32.a(default-bootstrap-exception-handler.o)
 .debug_line    0x00006ae2       0x84 c:/program files (x86)/microchip/xc32/v1.40/bin/bin/../../lib/gcc/pic32mx/4.8.3/../../../../pic32mx/lib\libpic32.a(default-on-reset.o)
 .debug_line    0x00006b66       0x88 c:/program files (x86)/microchip/xc32/v1.40/bin/bin/../../lib/gcc/pic32mx/4.8.3/../../../../pic32mx/lib\libpic32.a(default-on-bootstrap.o)
 .debug_line    0x00006bee       0x96 c:/program files (x86)/microchip/xc32/v1.40/bin/bin/../../lib/gcc/pic32mx/4.8.3/../../../../pic32mx/lib\libpic32.a(defaultinterrupt.o)

.debug_frame    0x00000000     0x11c4
 *(.debug_frame)
 .debug_frame   0x00000000       0xa4 build/default/production/_ext/1360937237/app.o
 .debug_frame   0x000000a4       0x28 build/default/production/_ext/1360937237/main.o
 .debug_frame   0x000000cc       0xe8 build/default/production/_ext/970121791/sys_devcon.o
 .debug_frame   0x000001b4       0x28 build/default/production/_ext/970121791/sys_devcon_pic32mx.o
 .debug_frame   0x000001dc       0x90 build/default/production/_ext/622283577/sys_int_pic32.o
 .debug_frame   0x0000026c      0x1e0 build/default/production/_ext/1159894698/sys_ports.o
 .debug_frame   0x0000044c       0xe8 build/default/production/_ext/1890687111/drv_usbfs.o
 .debug_frame   0x00000534      0x3d8 build/default/production/_ext/2062143110/usb_device.o
 .debug_frame   0x0000090c      0x1d8 build/default/production/_ext/1890687111/drv_usbfs_device.o
 .debug_frame   0x00000ae4      0x15c build/default/production/_ext/2062143110/usb_device_cdc.o
 .debug_frame   0x00000c40       0x28 build/default/production/_ext/2062143110/usb_device_cdc_acm.o
 .debug_frame   0x00000c68      0x214 build/default/production/_ext/327000265/drv_usart_mapping.o
 .debug_frame   0x00000e7c       0xb0 build/default/production/_ext/327000265/drv_usart_static.o
 .debug_frame   0x00000f2c       0x70 build/default/production/_ext/327000265/drv_usart_static_byte_model.o
 .debug_frame   0x00000f9c       0xa0 build/default/production/_ext/639803181/sys_clk_static.o
 .debug_frame   0x0000103c       0x20 build/default/production/_ext/822048611/sys_ports_static.o
 .debug_frame   0x0000105c       0x28 build/default/production/_ext/1688732426/system_init.o
 .debug_frame   0x00001084       0x64 build/default/production/_ext/1688732426/system_interrupt.o
 .debug_frame   0x000010e8       0x28 build/default/production/_ext/1688732426/system_exceptions.o
 .debug_frame   0x00001110       0x28 build/default/production/_ext/1688732426/system_tasks.o
 .debug_frame   0x00001138       0x2c c:/program files (x86)/microchip/xc32/v1.40/bin/bin/../../lib/gcc/pic32mx/4.8.3/../../../../pic32mx/lib\libpic32.a(default-bootstrap-exception-handler.o)
 .debug_frame   0x00001164       0x20 c:/program files (x86)/microchip/xc32/v1.40/bin/bin/../../lib/gcc/pic32mx/4.8.3/../../../../pic32mx/lib\libpic32.a(default-on-reset.o)
 .debug_frame   0x00001184       0x20 c:/program files (x86)/microchip/xc32/v1.40/bin/bin/../../lib/gcc/pic32mx/4.8.3/../../../../pic32mx/lib\libpic32.a(default-on-bootstrap.o)
 .debug_frame   0x000011a4       0x20 c:/program files (x86)/microchip/xc32/v1.40/bin/bin/../../lib/gcc/pic32mx/4.8.3/../../../../pic32mx/lib\libpic32.a(defaultinterrupt.o)

.debug_str      0x00000000      0xa6b
 *(.debug_str)
 .debug_str     0x00000000       0xc4 build/default/production/_ext/1360937237/app.o
 .debug_str     0x000000c4        0x0 build/default/production/_ext/1360937237/main.o
 .debug_str     0x000000c4       0x16 build/default/production/_ext/970121791/sys_devcon.o
 .debug_str     0x000000da        0x6 build/default/production/_ext/970121791/sys_devcon_pic32mx.o
 .debug_str     0x000000e0       0x2d build/default/production/_ext/622283577/sys_int_pic32.o
 .debug_str     0x0000010d       0x98 build/default/production/_ext/1159894698/sys_ports.o
 .debug_str     0x000001a5       0xa2 build/default/production/_ext/1890687111/drv_usbfs.o
 .debug_str     0x00000247      0x29f build/default/production/_ext/2062143110/usb_device.o
 .debug_str     0x000004e6      0x179 build/default/production/_ext/1890687111/drv_usbfs_device.o
 .debug_str     0x0000065f      0x18b build/default/production/_ext/2062143110/usb_device_cdc.o
 .debug_str     0x000007ea        0xe build/default/production/_ext/2062143110/usb_device_cdc_acm.o
 .debug_str     0x000007f8       0x23 build/default/production/_ext/327000265/drv_usart_mapping.o
 .debug_str     0x0000081b       0xcf build/default/production/_ext/327000265/drv_usart_static.o
 .debug_str     0x000008ea        0x6 build/default/production/_ext/327000265/drv_usart_static_byte_model.o
 .debug_str     0x000008f0       0x46 build/default/production/_ext/639803181/sys_clk_static.o
 .debug_str     0x00000936       0x1c build/default/production/_ext/822048611/sys_ports_static.o
 .debug_str     0x00000952      0x119 build/default/production/_ext/1688732426/system_init.o
 .debug_str     0x00000a6b        0x0 build/default/production/_ext/1688732426/system_interrupt.o
 .debug_str     0x00000a6b        0x0 build/default/production/_ext/1688732426/system_exceptions.o
 .debug_str     0x00000a6b        0x0 build/default/production/_ext/1688732426/system_tasks.o
 .debug_str     0x00000a6b        0x0 c:/program files (x86)/microchip/xc32/v1.40/bin/bin/../../lib/gcc/pic32mx/4.8.3/../../../../pic32mx/lib\libpic32.a(default-bootstrap-exception-handler.o)
 .debug_str     0x00000a6b        0x0 c:/program files (x86)/microchip/xc32/v1.40/bin/bin/../../lib/gcc/pic32mx/4.8.3/../../../../pic32mx/lib\libpic32.a(default-on-reset.o)
 .debug_str     0x00000a6b        0x0 c:/program files (x86)/microchip/xc32/v1.40/bin/bin/../../lib/gcc/pic32mx/4.8.3/../../../../pic32mx/lib\libpic32.a(default-on-bootstrap.o)
 .debug_str     0x00000a6b        0x0 c:/program files (x86)/microchip/xc32/v1.40/bin/bin/../../lib/gcc/pic32mx/4.8.3/../../../../pic32mx/lib\libpic32.a(defaultinterrupt.o)

.debug_loc      0x00000000     0x7760
 *(.debug_loc)
 .debug_loc     0x00000000      0x443 build/default/production/_ext/1360937237/app.o
 .debug_loc     0x00000443       0xf0 build/default/production/_ext/970121791/sys_devcon.o
 .debug_loc     0x00000533       0x91 build/default/production/_ext/970121791/sys_devcon_pic32mx.o
 .debug_loc     0x000005c4       0x8d build/default/production/_ext/622283577/sys_int_pic32.o
 .debug_loc     0x00000651      0xe83 build/default/production/_ext/1159894698/sys_ports.o
 .debug_loc     0x000014d4      0x668 build/default/production/_ext/1890687111/drv_usbfs.o
 .debug_loc     0x00001b3c     0x1af3 build/default/production/_ext/2062143110/usb_device.o
 .debug_loc     0x0000362f     0x285a build/default/production/_ext/1890687111/drv_usbfs_device.o
 .debug_loc     0x00005e89      0xda4 build/default/production/_ext/2062143110/usb_device_cdc.o
 .debug_loc     0x00006c2d      0x182 build/default/production/_ext/2062143110/usb_device_cdc_acm.o
 .debug_loc     0x00006daf      0x63c build/default/production/_ext/327000265/drv_usart_mapping.o
 .debug_loc     0x000073eb      0x30b build/default/production/_ext/327000265/drv_usart_static.o
 .debug_loc     0x000076f6       0x49 build/default/production/_ext/639803181/sys_clk_static.o
 .debug_loc     0x0000773f       0x21 build/default/production/_ext/1688732426/system_init.o

.debug_macinfo
 *(.debug_macinfo)

.debug_weaknames
 *(.debug_weaknames)

.debug_funcnames
 *(.debug_funcnames)

.debug_typenames
 *(.debug_typenames)

.debug_varnames
 *(.debug_varnames)

.debug_pubtypes
 *(.debug_pubtypes)

.debug_ranges   0x00000000      0x848
 *(.debug_ranges)
 .debug_ranges  0x00000000       0x38 build/default/production/_ext/1360937237/app.o
 .debug_ranges  0x00000038       0x10 build/default/production/_ext/1360937237/main.o
 .debug_ranges  0x00000048       0x68 build/default/production/_ext/970121791/sys_devcon.o
 .debug_ranges  0x000000b0       0x10 build/default/production/_ext/970121791/sys_devcon_pic32mx.o
 .debug_ranges  0x000000c0       0x50 build/default/production/_ext/622283577/sys_int_pic32.o
 .debug_ranges  0x00000110       0xf0 build/default/production/_ext/1159894698/sys_ports.o
 .debug_ranges  0x00000200       0x78 build/default/production/_ext/1890687111/drv_usbfs.o
 .debug_ranges  0x00000278      0x140 build/default/production/_ext/2062143110/usb_device.o
 .debug_ranges  0x000003b8      0x1e8 build/default/production/_ext/1890687111/drv_usbfs_device.o
 .debug_ranges  0x000005a0       0x78 build/default/production/_ext/2062143110/usb_device_cdc.o
 .debug_ranges  0x00000618       0x10 build/default/production/_ext/2062143110/usb_device_cdc_acm.o
 .debug_ranges  0x00000628       0x98 build/default/production/_ext/327000265/drv_usart_mapping.o
 .debug_ranges  0x000006c0       0x80 build/default/production/_ext/327000265/drv_usart_static.o
 .debug_ranges  0x00000740       0x38 build/default/production/_ext/327000265/drv_usart_static_byte_model.o
 .debug_ranges  0x00000778       0x40 build/default/production/_ext/639803181/sys_clk_static.o
 .debug_ranges  0x000007b8       0x10 build/default/production/_ext/822048611/sys_ports_static.o
 .debug_ranges  0x000007c8       0x10 build/default/production/_ext/1688732426/system_init.o
 .debug_ranges  0x000007d8       0x10 build/default/production/_ext/1688732426/system_interrupt.o
 .debug_ranges  0x000007e8       0x10 build/default/production/_ext/1688732426/system_exceptions.o
 .debug_ranges  0x000007f8       0x10 build/default/production/_ext/1688732426/system_tasks.o
 .debug_ranges  0x00000808       0x10 c:/program files (x86)/microchip/xc32/v1.40/bin/bin/../../lib/gcc/pic32mx/4.8.3/../../../../pic32mx/lib\libpic32.a(default-bootstrap-exception-handler.o)
 .debug_ranges  0x00000818       0x10 c:/program files (x86)/microchip/xc32/v1.40/bin/bin/../../lib/gcc/pic32mx/4.8.3/../../../../pic32mx/lib\libpic32.a(default-on-reset.o)
 .debug_ranges  0x00000828       0x10 c:/program files (x86)/microchip/xc32/v1.40/bin/bin/../../lib/gcc/pic32mx/4.8.3/../../../../pic32mx/lib\libpic32.a(default-on-bootstrap.o)
 .debug_ranges  0x00000838       0x10 c:/program files (x86)/microchip/xc32/v1.40/bin/bin/../../lib/gcc/pic32mx/4.8.3/../../../../pic32mx/lib\libpic32.a(defaultinterrupt.o)

.gnu.attributes
                0x00000000       0x10
 *(.gnu.attributes)
 .gnu.attributes
                0x00000000       0x10 build/default/production/_ext/1360937237/app.o
 .gnu.attributes
                0x00000010       0x10 build/default/production/_ext/1360937237/main.o
 .gnu.attributes
                0x00000020       0x10 build/default/production/_ext/970121791/sys_devcon.o
 .gnu.attributes
                0x00000030       0x10 build/default/production/_ext/970121791/sys_devcon_pic32mx.o
 .gnu.attributes
                0x00000040       0x10 build/default/production/_ext/622283577/sys_int_pic32.o
 .gnu.attributes
                0x00000050       0x10 build/default/production/_ext/1159894698/sys_ports.o
 .gnu.attributes
                0x00000060       0x10 build/default/production/_ext/1890687111/drv_usbfs.o
 .gnu.attributes
                0x00000070       0x10 build/default/production/_ext/2062143110/usb_device.o
 .gnu.attributes
                0x00000080       0x10 build/default/production/_ext/1890687111/drv_usbfs_device.o
 .gnu.attributes
                0x00000090       0x10 build/default/production/_ext/2062143110/usb_device_cdc.o
 .gnu.attributes
                0x000000a0       0x10 build/default/production/_ext/2062143110/usb_device_cdc_acm.o
 .gnu.attributes
                0x000000b0       0x10 build/default/production/_ext/327000265/drv_usart_mapping.o
 .gnu.attributes
                0x000000c0       0x10 build/default/production/_ext/327000265/drv_usart_static.o
 .gnu.attributes
                0x000000d0       0x10 build/default/production/_ext/327000265/drv_usart_static_byte_model.o
 .gnu.attributes
                0x000000e0       0x10 build/default/production/_ext/639803181/sys_clk_static.o
 .gnu.attributes
                0x000000f0       0x10 build/default/production/_ext/822048611/sys_ports_static.o
 .gnu.attributes
                0x00000100       0x10 build/default/production/_ext/1688732426/system_init.o
 .gnu.attributes
                0x00000110       0x10 build/default/production/_ext/1688732426/system_interrupt.o
 .gnu.attributes
                0x00000120       0x10 build/default/production/_ext/1688732426/system_exceptions.o
 .gnu.attributes
                0x00000130       0x10 build/default/production/_ext/1688732426/system_tasks.o
 .gnu.attributes
                0x00000140       0x10 c:/program files (x86)/microchip/xc32/v1.40/bin/bin/../../lib/gcc/pic32mx/4.8.3/../../../../pic32mx/lib\libpic32.a(default-bootstrap-exception-handler.o)
 .gnu.attributes
                0x00000150       0x10 c:/program files (x86)/microchip/xc32/v1.40/bin/bin/../../lib/gcc/pic32mx/4.8.3/../../../../pic32mx/lib\libpic32.a(default-on-reset.o)
 .gnu.attributes
                0x00000160       0x10 c:/program files (x86)/microchip/xc32/v1.40/bin/bin/../../lib/gcc/pic32mx/4.8.3/../../../../pic32mx/lib\libpic32.a(default-on-bootstrap.o)
 .gnu.attributes
                0x00000170       0x10 c:/program files (x86)/microchip/xc32/v1.40/bin/bin/../../lib/gcc/pic32mx/4.8.3/../../../../pic32mx/lib\libpic32.a(defaultinterrupt.o)
LOAD c:/program files (x86)/microchip/xc32/v1.40/bin/bin/../../lib/gcc/pic32mx/4.8.3\libgcc.a
START GROUP
LOAD c:/program files (x86)/microchip/xc32/v1.40/bin/bin/../../lib/gcc/pic32mx/4.8.3/../../../../pic32mx/lib\libpic32.a
LOAD c:/program files (x86)/microchip/xc32/v1.40/bin/bin/../../lib/gcc/pic32mx/4.8.3/../../../../pic32mx/lib\libdebug.a
LOAD c:/program files (x86)/microchip/xc32/v1.40/bin/bin/../../lib/gcc/pic32mx/4.8.3/../../../../pic32mx/lib\libpic32.a
LOAD c:/program files (x86)/microchip/xc32/v1.40/bin/bin/../../lib/gcc/pic32mx/4.8.3/../../../../pic32mx/lib\libm.a
LOAD c:/program files (x86)/microchip/xc32/v1.40/bin/bin/../../lib/gcc/pic32mx/4.8.3/../../../../pic32mx/lib\libe.a
LOAD c:/program files (x86)/microchip/xc32/v1.40/bin/bin/../../lib/gcc/pic32mx/4.8.3/../../../../pic32mx/lib\libdsp.a
LOAD c:/program files (x86)/microchip/xc32/v1.40/bin/bin/../../lib/gcc/pic32mx/4.8.3\libgcc.a
LOAD c:/program files (x86)/microchip/xc32/v1.40/bin/bin/../../lib/gcc/pic32mx/4.8.3/../../../../pic32mx/lib\libc.a
LOAD c:/program files (x86)/microchip/xc32/v1.40/bin/bin/../../lib/gcc/pic32mx/4.8.3/../../../../pic32mx/lib\libpic32.a
END GROUP
LOAD c:/program files (x86)/microchip/xc32/v1.40/bin/bin/../../lib/gcc/pic32mx/4.8.3\libgcc.a
OUTPUT(dist/default/production/USB_CDC_SERIAL.X.production.elf elf32-tradlittlemips)
LOAD stack
LOAD data_init

.reginfo        0x00000000       0x18
 .reginfo       0x00000000       0x18 c:/program files (x86)/microchip/xc32/v1.40/bin/bin/../../lib/gcc/pic32mx/4.8.3/../../../../pic32mx/lib/./proc/32MX250F128D/crt0_mips32r2.o

.stack          0xa0000490      0x400
 .stack         0xa0000490      0x400 stack

.bss            0xa0000018       0xb8
 .bss           0xa0000018       0xb8 build/default/production/_ext/2062143110/usb_device.o

.data           0xa00000d0       0xb0
 .data          0xa00000d0       0x4c build/default/production/_ext/1890687111/drv_usbfs_device.o
                0xa00000d0                gDrvUSBFSDeviceInterface
 .data          0xa000011c       0x4c build/default/production/_ext/1688732426/system_exceptions.o
 .data          0xa0000168       0x18 build/default/production/_ext/1360937237/app.o
                0xa0000168                switchPromptUSB

._debug_exception
                0xbfc00480       0x2c
 ._debug_exception
                0xbfc00480       0x2c c:/program files (x86)/microchip/xc32/v1.40/bin/bin/../../lib/gcc/pic32mx/4.8.3/../../../../pic32mx/lib\debug-exception-return.o
                0xbfc00480                __DbgExecReturn

.text._DRV_USBFS_DEVICE_Tasks_ISR
                0x9d000000      0x760
 .text._DRV_USBFS_DEVICE_Tasks_ISR
                0x9d000000      0x760 build/default/production/_ext/1890687111/drv_usbfs_device.o
                0x9d000000                _DRV_USBFS_DEVICE_Tasks_ISR

.text._USB_DEVICE_ProcessStandardDeviceGetRequests
                0x9d000760      0x268
 .text._USB_DEVICE_ProcessStandardDeviceGetRequests
                0x9d000760      0x268 build/default/production/_ext/2062143110/usb_device.o
                0x9d000760                _USB_DEVICE_ProcessStandardDeviceGetRequests

.text.APP_Tasks
                0x9d0009c8      0x254
 .text.APP_Tasks
                0x9d0009c8      0x254 build/default/production/_ext/1360937237/app.o
                0x9d0009c8                APP_Tasks

.text.DRV_USBFS_DEVICE_IRPSubmit
                0x9d000c1c      0x21c
 .text.DRV_USBFS_DEVICE_IRPSubmit
                0x9d000c1c      0x21c build/default/production/_ext/1890687111/drv_usbfs_device.o
                0x9d000c1c                DRV_USBFS_DEVICE_IRPSubmit

.text._USB_DEVICE_EventHandler
                0x9d000e38      0x214
 .text._USB_DEVICE_EventHandler
                0x9d000e38      0x214 build/default/production/_ext/2062143110/usb_device.o
                0x9d000e38                _USB_DEVICE_EventHandler

.text._USB_DEVICE_ProcessStandardDeviceSetRequests
                0x9d00104c      0x214
 .text._USB_DEVICE_ProcessStandardDeviceSetRequests
                0x9d00104c      0x214 build/default/production/_ext/2062143110/usb_device.o
                0x9d00104c                _USB_DEVICE_ProcessStandardDeviceSetRequests

.text.DRV_USBFS_DEVICE_EndpointEnable
                0x9d001260      0x208
 .text.DRV_USBFS_DEVICE_EndpointEnable
                0x9d001260      0x208 build/default/production/_ext/1890687111/drv_usbfs_device.o
                0x9d001260                DRV_USBFS_DEVICE_EndpointEnable

.text._USB_DEVICE_ControlTransferHandler
                0x9d001468      0x1e0
 .text._USB_DEVICE_ControlTransferHandler
                0x9d001468      0x1e0 build/default/production/_ext/2062143110/usb_device.o
                0x9d001468                _USB_DEVICE_ControlTransferHandler

.text.DRV_USBFS_Initialize
                0x9d001648      0x1d8
 .text.DRV_USBFS_Initialize
                0x9d001648      0x1d8 build/default/production/_ext/1890687111/drv_usbfs.o
                0x9d001648                DRV_USBFS_Initialize

.text.USB_DEVICE_CDC_Write
                0x9d001820      0x1d4
 .text.USB_DEVICE_CDC_Write
                0x9d001820      0x1d4 build/default/production/_ext/2062143110/usb_device_cdc.o
                0x9d001820                USB_DEVICE_CDC_Write

.text.DRV_USBFS_DEVICE_EndpointStallClear
                0x9d0019f4      0x1b8
 .text.DRV_USBFS_DEVICE_EndpointStallClear
                0x9d0019f4      0x1b8 build/default/production/_ext/1890687111/drv_usbfs_device.o
                0x9d0019f4                DRV_USBFS_DEVICE_EndpointStallClear

.text.USB_DEVICE_CDC_Read
                0x9d001bac      0x1b4
 .text.USB_DEVICE_CDC_Read
                0x9d001bac      0x1b4 build/default/production/_ext/2062143110/usb_device_cdc.o
                0x9d001bac                USB_DEVICE_CDC_Read

.text.DRV_USBFS_DEVICE_EndpointStall
                0x9d001d60      0x1ac
 .text.DRV_USBFS_DEVICE_EndpointStall
                0x9d001d60      0x1ac build/default/production/_ext/1890687111/drv_usbfs_device.o
                0x9d001d60                DRV_USBFS_DEVICE_EndpointStall

.text._USB_DEVICE_Ep0ReceiveCompleteCallback
                0x9d001f0c      0x184
 .text._USB_DEVICE_Ep0ReceiveCompleteCallback
                0x9d001f0c      0x184 build/default/production/_ext/2062143110/usb_device.o
                0x9d001f0c                _USB_DEVICE_Ep0ReceiveCompleteCallback

.text._USB_DEVICE_CDC_ACMSetUpPacketHandler
                0x9d002090      0x178
 .text._USB_DEVICE_CDC_ACMSetUpPacketHandler
                0x9d002090      0x178 build/default/production/_ext/2062143110/usb_device_cdc_acm.o
                0x9d002090                _USB_DEVICE_CDC_ACMSetUpPacketHandler

.rodata         0x9d002208      0x178
 .rodata        0x9d002208      0x178 build/default/production/_ext/1688732426/system_init.o
                0x9d002208                drvUSBInit
                0x9d00222c                sysDevconInit
                0x9d002230                cdcInit0
                0x9d00223c                funcRegistrationTable
                0x9d002250                deviceDescriptor
                0x9d002264                fullSpeedConfigurationDescriptor
                0x9d0022a8                fullSpeedConfigDescSet
                0x9d0022ac                sd000
                0x9d0022b0                sd001
                0x9d0022e4                sd002
                0x9d002314                stringDescriptors
                0x9d002320                usbMasterDescriptor
                0x9d00234c                usbDevInitData

.text.USB_DEVICE_Tasks
                0x9d002380      0x170
 .text.USB_DEVICE_Tasks
                0x9d002380      0x170 build/default/production/_ext/2062143110/usb_device.o
                0x9d002380                USB_DEVICE_Tasks

.text           0x9d0024f0      0x168
 .text          0x9d0024f0      0x168 c:/program files (x86)/microchip/xc32/v1.40/bin/bin/../../lib/gcc/pic32mx/4.8.3/../../../../pic32mx/lib\libpic32.a(memcpy.o)
                0x9d0024f0                memcpy

.text.USB_DEVICE_Initialize
                0x9d002658      0x158
 .text.USB_DEVICE_Initialize
                0x9d002658      0x158 build/default/production/_ext/2062143110/usb_device.o
                0x9d002658                USB_DEVICE_Initialize

.text.DRV_USBFS_DEVICE_EndpointDisable
                0x9d0027b0      0x158
 .text.DRV_USBFS_DEVICE_EndpointDisable
                0x9d0027b0      0x158 build/default/production/_ext/1890687111/drv_usbfs_device.o
                0x9d0027b0                DRV_USBFS_DEVICE_EndpointDisable

.text._USB_DEVICE_CDC_Initialization
                0x9d002908      0x158
 .text._USB_DEVICE_CDC_Initialization
                0x9d002908      0x158 build/default/production/_ext/2062143110/usb_device_cdc.o
                0x9d002908                _USB_DEVICE_CDC_Initialization

.text.DRV_USBFS_DEVICE_IRPCancelAll
                0x9d002a60      0x13c
 .text.DRV_USBFS_DEVICE_IRPCancelAll
                0x9d002a60      0x13c build/default/production/_ext/1890687111/drv_usbfs_device.o
                0x9d002a60                DRV_USBFS_DEVICE_IRPCancelAll

.text._IntHandlerUSBInstance0
                0x9d002b9c      0x134
 .text._IntHandlerUSBInstance0
                0x9d002b9c      0x134 build/default/production/_ext/1688732426/system_interrupt.o
                0x9d002b9c                _IntHandlerUSBInstance0

.text.APP_USBDeviceEventHandler
                0x9d002cd0      0x12c
 .text.APP_USBDeviceEventHandler
                0x9d002cd0      0x12c build/default/production/_ext/1360937237/app.o
                0x9d002cd0                APP_USBDeviceEventHandler

.text.DRV_USART0_Initialize
                0x9d002dfc      0x128
 .text.DRV_USART0_Initialize
                0x9d002dfc      0x128 build/default/production/_ext/327000265/drv_usart_static.o
                0x9d002dfc                DRV_USART0_Initialize

.dinit          0x9d002f24      0x120
 .dinit         0x9d002f24      0x120 data_init

.text.APP_ProcessSwitchPress
                0x9d003044      0x100
 .text.APP_ProcessSwitchPress
                0x9d003044      0x100 build/default/production/_ext/1360937237/app.o
                0x9d003044                APP_ProcessSwitchPress

.text._USB_DEVICE_ProcessStandardEndpointRequest
                0x9d003144      0x100
 .text._USB_DEVICE_ProcessStandardEndpointRequest
                0x9d003144      0x100 build/default/production/_ext/2062143110/usb_device.o
                0x9d003144                _USB_DEVICE_ProcessStandardEndpointRequest

.text._USB_DEVICE_ConfigureDevice
                0x9d003244      0x100
 .text._USB_DEVICE_ConfigureDevice
                0x9d003244      0x100 build/default/production/_ext/2062143110/usb_device.o
                0x9d003244                _USB_DEVICE_ConfigureDevice

.text._USB_DEVICE_CDC_ControlTransferHandler
                0x9d003344       0xfc
 .text._USB_DEVICE_CDC_ControlTransferHandler
                0x9d003344       0xfc build/default/production/_ext/2062143110/usb_device_cdc.o
                0x9d003344                _USB_DEVICE_CDC_ControlTransferHandler

.text.APP_USBDeviceCDCEventHandler
                0x9d003440       0xf4
 .text.APP_USBDeviceCDCEventHandler
                0x9d003440       0xf4 build/default/production/_ext/1360937237/app.o
                0x9d003440                APP_USBDeviceCDCEventHandler

.text.SYS_Initialize
                0x9d003534       0xdc
 .text.SYS_Initialize
                0x9d003534       0xdc build/default/production/_ext/1688732426/system_init.o
                0x9d003534                SYS_Initialize

.rodata         0x9d003610       0xdc
 .rodata        0x9d003610       0xdc build/default/production/_ext/1688732426/system_exceptions.o

.text.general_exception
                0x9d0036ec       0xdc
 .text.general_exception
                0x9d0036ec       0xdc c:/program files (x86)/microchip/xc32/v1.40/bin/bin/../../lib/gcc/pic32mx/4.8.3/../../../../pic32mx/lib\libpic32.a(general-exception.o)
                0x9d0036ec                _general_exception_context

.text._DRV_USBFS_DEVICE_EndpointBDTEntryArm
                0x9d0037c8       0xd8
 .text._DRV_USBFS_DEVICE_EndpointBDTEntryArm
                0x9d0037c8       0xd8 build/default/production/_ext/1890687111/drv_usbfs_device.o
                0x9d0037c8                _DRV_USBFS_DEVICE_EndpointBDTEntryArm

.text._USB_DEVICE_GetStringDescriptorRequestProcess
                0x9d0038a0       0xd4
 .text._USB_DEVICE_GetStringDescriptorRequestProcess
                0x9d0038a0       0xd4 build/default/production/_ext/2062143110/usb_device.o
                0x9d0038a0                _USB_DEVICE_GetStringDescriptorRequestProcess

.text.SYS_PORTS_Initialize
                0x9d003974       0xc4
 .text.SYS_PORTS_Initialize
                0x9d003974       0xc4 build/default/production/_ext/822048611/sys_ports_static.o
                0x9d003974                SYS_PORTS_Initialize

.text._USB_DEVICE_Ep0TransmitCompleteCallback
                0x9d003a38       0xb0
 .text._USB_DEVICE_Ep0TransmitCompleteCallback
                0x9d003a38       0xb0 build/default/production/_ext/2062143110/usb_device.o
                0x9d003a38                _USB_DEVICE_Ep0TransmitCompleteCallback

.text._USB_DEVICE_DeInitializeAllFunctionDrivers
                0x9d003ae8       0xa8
 .text._USB_DEVICE_DeInitializeAllFunctionDrivers
                0x9d003ae8       0xa8 build/default/production/_ext/2062143110/usb_device.o
                0x9d003ae8                _USB_DEVICE_DeInitializeAllFunctionDrivers

.text._USB_DEVICE_ForwardControlXfrToFunction
                0x9d003b90       0xa0
 .text._USB_DEVICE_ForwardControlXfrToFunction
                0x9d003b90       0xa0 build/default/production/_ext/2062143110/usb_device.o
                0x9d003b90                _USB_DEVICE_ForwardControlXfrToFunction

.text._USB_DEVICE_CDC_ReadIRPCallback
                0x9d003c30       0xa0
 .text._USB_DEVICE_CDC_ReadIRPCallback
                0x9d003c30       0xa0 build/default/production/_ext/2062143110/usb_device_cdc.o
                0x9d003c30                _USB_DEVICE_CDC_ReadIRPCallback

.text._USB_DEVICE_CDC_WriteIRPCallback
                0x9d003cd0       0xa0
 .text._USB_DEVICE_CDC_WriteIRPCallback
                0x9d003cd0       0xa0 build/default/production/_ext/2062143110/usb_device_cdc.o
                0x9d003cd0                _USB_DEVICE_CDC_WriteIRPCallback

.text._USB_DEVICE_GetFunctionDriverEntryByInterface
                0x9d003d70       0x88
 .text._USB_DEVICE_GetFunctionDriverEntryByInterface
                0x9d003d70       0x88 build/default/production/_ext/2062143110/usb_device.o
                0x9d003d70                _USB_DEVICE_GetFunctionDriverEntryByInterface

.text._USB_DEVICE_FindEndpoint
                0x9d003df8       0x88
 .text._USB_DEVICE_FindEndpoint
                0x9d003df8       0x88 build/default/production/_ext/2062143110/usb_device.o
                0x9d003df8                _USB_DEVICE_FindEndpoint

.text.DRV_USBFS_Tasks_ISR
                0x9d003e80       0x84
 .text.DRV_USBFS_Tasks_ISR
                0x9d003e80       0x84 build/default/production/_ext/1890687111/drv_usbfs.o
                0x9d003e80                DRV_USBFS_Tasks_ISR

.text.USB_DEVICE_ControlSend
                0x9d003f04       0x84
 .text.USB_DEVICE_ControlSend
                0x9d003f04       0x84 build/default/production/_ext/2062143110/usb_device.o
                0x9d003f04                USB_DEVICE_ControlSend

.text.DRV_USBFS_DEVICE_Attach
                0x9d003f88       0x84
 .text.DRV_USBFS_DEVICE_Attach
                0x9d003f88       0x84 build/default/production/_ext/1890687111/drv_usbfs_device.o
                0x9d003f88                DRV_USBFS_DEVICE_Attach

.text.USB_DEVICE_ControlStatus
                0x9d00400c       0x7c
 .text.USB_DEVICE_ControlStatus
                0x9d00400c       0x7c build/default/production/_ext/2062143110/usb_device.o
                0x9d00400c                USB_DEVICE_ControlStatus

.text.DRV_USBFS_ClientEventCallBackSet
                0x9d004088       0x78
 .text.DRV_USBFS_ClientEventCallBackSet
                0x9d004088       0x78 build/default/production/_ext/1890687111/drv_usbfs.o
                0x9d004088                DRV_USBFS_ClientEventCallBackSet

.text._USB_DEVICE_CDC_Deinitialization
                0x9d004100       0x70
 .text._USB_DEVICE_CDC_Deinitialization
                0x9d004100       0x70 build/default/production/_ext/2062143110/usb_device_cdc.o
                0x9d004100                _USB_DEVICE_CDC_Deinitialization

.text.SYS_CLK_Initialize
                0x9d004170       0x70
 .text.SYS_CLK_Initialize
                0x9d004170       0x70 build/default/production/_ext/639803181/sys_clk_static.o
                0x9d004170                SYS_CLK_Initialize

.text.DRV_USBFS_DEVICE_Detach
                0x9d0041e0       0x6c
 .text.DRV_USBFS_DEVICE_Detach
                0x9d0041e0       0x6c build/default/production/_ext/1890687111/drv_usbfs_device.o
                0x9d0041e0                DRV_USBFS_DEVICE_Detach

.text._DRV_USBFS_DEVICE_IRPQueueFlush
                0x9d00424c       0x68
 .text._DRV_USBFS_DEVICE_IRPQueueFlush
                0x9d00424c       0x68 build/default/production/_ext/1890687111/drv_usbfs_device.o
                0x9d00424c                _DRV_USBFS_DEVICE_IRPQueueFlush

.text.APP_Initialize
                0x9d0042b4       0x60
 .text.APP_Initialize
                0x9d0042b4       0x60 build/default/production/_ext/1360937237/app.o
                0x9d0042b4                APP_Initialize

.text.SYS_DEVCON_PerformanceConfig
                0x9d004314       0x60
 .text.SYS_DEVCON_PerformanceConfig
                0x9d004314       0x60 build/default/production/_ext/970121791/sys_devcon_pic32mx.o
                0x9d004314                SYS_DEVCON_PerformanceConfig

.text._USB_DEVICE_CDC_EndpointDisable
                0x9d004374       0x60
 .text._USB_DEVICE_CDC_EndpointDisable
                0x9d004374       0x60 build/default/production/_ext/2062143110/usb_device_cdc.o
                0x9d004374                _USB_DEVICE_CDC_EndpointDisable

.text.SYS_Tasks
                0x9d0043d4       0x5c
 .text.SYS_Tasks
                0x9d0043d4       0x5c build/default/production/_ext/1688732426/system_tasks.o
                0x9d0043d4                SYS_Tasks

.text.SYS_DEVCON_SystemUnlock
                0x9d004430       0x58
 .text.SYS_DEVCON_SystemUnlock
                0x9d004430       0x58 build/default/production/_ext/970121791/sys_devcon.o
                0x9d004430                SYS_DEVCON_SystemUnlock

.text.SYS_INT_SourceDisable
                0x9d004488       0x58
 .text.SYS_INT_SourceDisable
                0x9d004488       0x58 build/default/production/_ext/622283577/sys_int_pic32.o
                0x9d004488                SYS_INT_SourceDisable

.text.USB_DEVICE_EventHandlerSet
                0x9d0044e0       0x58
 .text.USB_DEVICE_EventHandlerSet
                0x9d0044e0       0x58 build/default/production/_ext/2062143110/usb_device.o
                0x9d0044e0                USB_DEVICE_EventHandlerSet

.text.main_entry
                0x9d004538       0x54
 .text.main_entry
                0x9d004538       0x54 c:/program files (x86)/microchip/xc32/v1.40/bin/bin/../../lib/gcc/pic32mx/4.8.3/../../../../pic32mx/lib/./proc/32MX250F128D/crt0_mips32r2.o
                0x9d00456c                __crt0_exit

.text.DRV_USBFS_Open
                0x9d00458c       0x54
 .text.DRV_USBFS_Open
                0x9d00458c       0x54 build/default/production/_ext/1890687111/drv_usbfs.o
                0x9d00458c                DRV_USBFS_Open

.text.USB_DEVICE_Open
                0x9d0045e0       0x50
 .text.USB_DEVICE_Open
                0x9d0045e0       0x50 build/default/production/_ext/2062143110/usb_device.o
                0x9d0045e0                USB_DEVICE_Open

.text._USB_DEVICE_RedirectControlXfrToClient
                0x9d004630       0x4c
 .text._USB_DEVICE_RedirectControlXfrToClient
                0x9d004630       0x4c build/default/production/_ext/2062143110/usb_device.o
                0x9d004630                _USB_DEVICE_RedirectControlXfrToClient

.text.DRV_USBFS_DEVICE_SOFNumberGet
                0x9d00467c       0x4c
 .text.DRV_USBFS_DEVICE_SOFNumberGet
                0x9d00467c       0x4c build/default/production/_ext/1890687111/drv_usbfs_device.o
                0x9d00467c                DRV_USBFS_DEVICE_SOFNumberGet

.text.SYS_DEVCON_SystemLock
                0x9d0046c8       0x48
 .text.SYS_DEVCON_SystemLock
                0x9d0046c8       0x48 build/default/production/_ext/970121791/sys_devcon.o
                0x9d0046c8                SYS_DEVCON_SystemLock

.text.USB_DEVICE_ControlReceive
                0x9d004710       0x48
 .text.USB_DEVICE_ControlReceive
                0x9d004710       0x48 build/default/production/_ext/2062143110/usb_device.o
                0x9d004710                USB_DEVICE_ControlReceive

.text._bootstrap_exception_handler
                0x9d004758       0x48
 .text._bootstrap_exception_handler
                0x9d004758       0x48 c:/program files (x86)/microchip/xc32/v1.40/bin/bin/../../lib/gcc/pic32mx/4.8.3/../../../../pic32mx/lib\libpic32.a(default-bootstrap-exception-handler.o)
                0x9d004758                _bootstrap_exception_handler

.vector_default
                0x9d0047a0       0x48
 .vector_default
                0x9d0047a0       0x48 c:/program files (x86)/microchip/xc32/v1.40/bin/bin/../../lib/gcc/pic32mx/4.8.3/../../../../pic32mx/lib\libpic32.a(defaultinterrupt.o)
                0x9d0047a0                _DefaultInterrupt

.text.DRV_USBFS_DEVICE_EndpointIsEnabled
                0x9d0047e8       0x44
 .text.DRV_USBFS_DEVICE_EndpointIsEnabled
                0x9d0047e8       0x44 build/default/production/_ext/1890687111/drv_usbfs_device.o
                0x9d0047e8                DRV_USBFS_DEVICE_EndpointIsEnabled

.text.DRV_USBFS_DEVICE_EndpointIsStalled
                0x9d00482c       0x44
 .text.DRV_USBFS_DEVICE_EndpointIsStalled
                0x9d00482c       0x44 build/default/production/_ext/1890687111/drv_usbfs_device.o
                0x9d00482c                DRV_USBFS_DEVICE_EndpointIsStalled

.text           0x9d004870       0x44
 .text          0x9d004870       0x44 c:/program files (x86)/microchip/xc32/v1.40/bin/bin/../../lib/gcc/pic32mx/4.8.3/../../../../pic32mx/lib\pic32_software_reset.o
                0x9d004870                __pic32_software_reset

.text.APP_StateReset
                0x9d0048b4       0x40
 .text.APP_StateReset
                0x9d0048b4       0x40 build/default/production/_ext/1360937237/app.o
                0x9d0048b4                APP_StateReset

.text._general_exception_handler
                0x9d0048f4       0x40
 .text._general_exception_handler
                0x9d0048f4       0x40 build/default/production/_ext/1688732426/system_exceptions.o
                0x9d0048f4                _general_exception_handler

.text._DRV_USBFS_DEVICE_Initialize
                0x9d004934       0x3c
 .text._DRV_USBFS_DEVICE_Initialize
                0x9d004934       0x3c build/default/production/_ext/1890687111/drv_usbfs_device.o
                0x9d004934                _DRV_USBFS_DEVICE_Initialize

.text.DRV_USBFS_DEVICE_AddressSet
                0x9d004970       0x38
 .text.DRV_USBFS_DEVICE_AddressSet
                0x9d004970       0x38 build/default/production/_ext/1890687111/drv_usbfs_device.o
                0x9d004970                DRV_USBFS_DEVICE_AddressSet

.text.USB_DEVICE_CDC_EventHandlerSet
                0x9d0049a8       0x38
 .text.USB_DEVICE_CDC_EventHandlerSet
                0x9d0049a8       0x38 build/default/production/_ext/2062143110/usb_device_cdc.o
                0x9d0049a8                USB_DEVICE_CDC_EventHandlerSet

.text.DRV_USART_Initialize
                0x9d0049e0       0x34
 .text.DRV_USART_Initialize
                0x9d0049e0       0x34 build/default/production/_ext/327000265/drv_usart_mapping.o
                0x9d0049e0                DRV_USART_Initialize

.text.USB_DEVICE_ActiveSpeedGet
                0x9d004a14       0x2c
 .text.USB_DEVICE_ActiveSpeedGet
                0x9d004a14       0x2c build/default/production/_ext/2062143110/usb_device.o
                0x9d004a14                USB_DEVICE_ActiveSpeedGet

.text.DRV_USBFS_DEVICE_RemoteWakeupStart
                0x9d004a40       0x2c
 .text.DRV_USBFS_DEVICE_RemoteWakeupStart
                0x9d004a40       0x2c build/default/production/_ext/1890687111/drv_usbfs_device.o
                0x9d004a40                DRV_USBFS_DEVICE_RemoteWakeupStart

.text.DRV_USBFS_DEVICE_RemoteWakeupStop
                0x9d004a6c       0x2c
 .text.DRV_USBFS_DEVICE_RemoteWakeupStop
                0x9d004a6c       0x2c build/default/production/_ext/1890687111/drv_usbfs_device.o
                0x9d004a6c                DRV_USBFS_DEVICE_RemoteWakeupStop

.text.DRV_USBFS_Close
                0x9d004a98       0x28
 .text.DRV_USBFS_Close
                0x9d004a98       0x28 build/default/production/_ext/1890687111/drv_usbfs.o
                0x9d004a98                DRV_USBFS_Close

.text._USB_DEVICE_ClientHandleValidate
                0x9d004ac0       0x28
 .text._USB_DEVICE_ClientHandleValidate
                0x9d004ac0       0x28 build/default/production/_ext/2062143110/usb_device.o
                0x9d004ac0                _USB_DEVICE_ClientHandleValidate

.text.main      0x9d004ae8       0x20
 .text.main     0x9d004ae8       0x20 build/default/production/_ext/1360937237/main.o
                0x9d004ae8                main

.text._USB_DEVICE_CDC_GlobalInitialize
                0x9d004b08       0x20
 .text._USB_DEVICE_CDC_GlobalInitialize
                0x9d004b08       0x20 build/default/production/_ext/2062143110/usb_device_cdc.o
                0x9d004b08                _USB_DEVICE_CDC_GlobalInitialize

.text.SYS_INT_Initialize
                0x9d004b28       0x18
 .text.SYS_INT_Initialize
                0x9d004b28       0x18 build/default/production/_ext/622283577/sys_int_pic32.o
                0x9d004b28                SYS_INT_Initialize

.text           0x9d004b40       0x18
 .text          0x9d004b40       0x18 c:/program files (x86)/microchip/xc32/v1.40/bin/bin/../../lib/gcc/pic32mx/4.8.3/../../../../pic32mx/lib\libpic32.a(default-nmi-handler.o)
                0x9d004b40                _nmi_handler

.text.SYS_DEVCON_Initialize
                0x9d004b58       0x14
 .text.SYS_DEVCON_Initialize
                0x9d004b58       0x14 build/default/production/_ext/970121791/sys_devcon.o
                0x9d004b58                SYS_DEVCON_Initialize

.rodata         0x9d004b6c       0x14
 .rodata        0x9d004b6c       0x14 build/default/production/_ext/2062143110/usb_device_cdc.o
                0x9d004b6c                cdcFunctionDriver

.text.DRV_USBFS_DEVICE_CurrentSpeedGet
                0x9d004b80       0x10
 .text.DRV_USBFS_DEVICE_CurrentSpeedGet
                0x9d004b80       0x10 build/default/production/_ext/1890687111/drv_usbfs_device.o
                0x9d004b80                DRV_USBFS_DEVICE_CurrentSpeedGet

.text.SYS_CLK_SystemFrequencyGet
                0x9d004b90        0xc
 .text.SYS_CLK_SystemFrequencyGet
                0x9d004b90        0xc build/default/production/_ext/639803181/sys_clk_static.o
                0x9d004b90                SYS_CLK_SystemFrequencyGet

.text.SYS_CLK_PeripheralFrequencyGet
                0x9d004b9c        0xc
 .text.SYS_CLK_PeripheralFrequencyGet
                0x9d004b9c        0xc build/default/production/_ext/639803181/sys_clk_static.o
                0x9d004b9c                SYS_CLK_PeripheralFrequencyGet

.text.SYS_DEVCON_Tasks
                0x9d004ba8        0x8
 .text.SYS_DEVCON_Tasks
                0x9d004ba8        0x8 build/default/production/_ext/970121791/sys_devcon.o
                0x9d004ba8                SYS_DEVCON_Tasks

.text.DRV_USBFS_Tasks
                0x9d004bb0        0x8
 .text.DRV_USBFS_Tasks
                0x9d004bb0        0x8 build/default/production/_ext/1890687111/drv_usbfs.o
                0x9d004bb0                DRV_USBFS_Tasks

.text.DRV_USART_TasksTransmit
                0x9d004bb8        0x8
 .text.DRV_USART_TasksTransmit